--------- beginning of system
05-13 04:48:13.370   214   226 E vold    : Failed to prepare /data/user_de/0: Success
05-13 04:48:13.370   214   226 E vold    : Failed to prepare user 0 storage
05-13 04:50:14.449  3304  3563 E ActivityThread: Failed to find provider info for com.android.contacts
05-13 04:50:14.523  3304  3304 E ActivityThread: Failed to find provider info for com.meizu.cloud
05-13 04:50:14.534  3304  3304 E ActivityThread: Failed to find provider info for com.meizu.cloud
05-13 04:50:14.535  3304  3304 E ActivityThread: Failed to find provider info for com.meizu.cloud
05-13 04:50:14.786  3011  3301 E ActivityThread: Failed to find provider info for com.android.contacts
05-13 04:50:15.088  3304  3779 E ActivityThread: Failed to find provider info for com.meizu.usagestats
05-13 04:50:15.128  3011  3681 E ActivityThread: Failed to find provider info for com.meizu.breakingscam.provider.BreakingScamContentProvider
05-13 04:50:15.209  3011  3683 E ActivityThread: Failed to find provider info for com.meizu.breakingscam.provider.BreakingScamContentProvider
05-13 04:50:24.278  4457  4620 E ActivityThread: Failed to find provider info for call_log
05-13 04:50:24.496  3304  3574 E ActivityThread: Failed to find provider info for com.meizu.flyme.telecom.provider
05-13 04:50:27.775  4550  4899 E ActivityThread: Failed to find provider info for call_log
05-13 04:50:27.786  4550  4992 E ActivityThread: Failed to find provider info for call_log
05-13 04:50:27.789  4550  4994 E ActivityThread: Failed to find provider info for com.android.contacts
05-13 04:50:27.792  4550  4899 E ActivityThread: Failed to find provider info for call_log
05-13 04:50:27.795  4550  4994 E ActivityThread: Failed to find provider info for com.android.contacts
05-13 04:50:27.860  4550  4992 E ActivityThread: Failed to find provider info for com.android.contacts
05-13 04:50:27.863  4550  4992 E ActivityThread: Failed to find provider info for com.android.contacts
05-13 04:50:28.341  3223  5056 E ActivityThread: Failed to find provider info for com.qti.smq.qualcommFeedback.provider
05-13 04:50:28.519  4550  4775 E ActivityThread: Failed to find provider info for com.android.contacts
05-13 04:50:28.531  4550  4775 E ActivityThread: Failed to find provider info for com.android.contacts
05-13 04:50:28.535  4550  4775 E ActivityThread: Failed to find provider info for com.meizu.cloud
05-13 04:50:34.316  3223  5056 E ActivityThread: Failed to find provider info for com.qti.smq.qualcommFeedback.provider
05-13 04:50:34.333  3223  5056 E ActivityThread: Failed to find provider info for com.qti.smq.qualcommFeedback.provider
05-13 04:50:34.453  3223  5090 E ActivityThread: Failed to find provider info for com.qti.smq.qualcommFeedback.provider
05-13 04:50:36.273  5568  5629 E ActivityThread: Failed to find provider info for com.android.contacts
05-13 04:50:36.286  5568  5629 E ActivityThread: Failed to find provider info for com.android.contacts
05-13 04:50:50.019  6213  6276 E ActivityThread: Failed to find provider info for com.android.contacts
05-13 04:50:50.020  6213  6239 E ActivityThread: Failed to find provider info for call_log
05-13 04:50:50.024  6213  6276 E ActivityThread: Failed to find provider info for com.android.contacts
05-13 04:50:50.034  6213  6276 E ActivityThread: Failed to find provider info for com.android.contacts
05-13 04:50:50.214  6213  6285 E ActivityThread: Failed to find provider info for call_log
05-13 04:50:50.227  6213  6286 E ActivityThread: Failed to find provider info for call_log
05-13 04:50:50.232  6213  6287 E ActivityThread: Failed to find provider info for com.android.contacts
05-13 04:50:50.237  6213  6287 E ActivityThread: Failed to find provider info for com.android.contacts
05-13 04:50:50.249  6213  6287 E ActivityThread: Failed to find provider info for com.android.contacts
05-13 04:50:50.249  6213  6285 E ActivityThread: Failed to find provider info for call_log
05-13 04:50:50.251  6213  6287 E ActivityThread: Failed to find provider info for com.android.contacts
05-13 04:50:50.447  6213  6265 E ActivityThread: Failed to find provider info for com.android.contacts
05-13 04:50:50.493  6213  6254 E ActivityThread: Failed to find provider info for com.android.contacts
05-13 04:50:50.494  6213  6267 E ActivityThread: Failed to find provider info for com.android.contacts
05-13 04:50:50.494  6213  6267 E ActivityThread: Failed to find provider info for com.android.contacts
05-13 04:50:51.282  6213  6239 E ActivityThread: Failed to find provider info for com.android.contacts
05-13 04:50:51.283  6213  6239 E ActivityThread: Failed to find provider info for com.android.contacts
05-13 04:50:51.284  6213  6239 E ActivityThread: Failed to find provider info for com.meizu.cloud
05-13 04:50:51.483  6213  6239 E ActivityThread: Failed to find provider info for call_log
05-13 04:50:51.484  6213  6239 E ActivityThread: Failed to find provider info for call_log
05-13 04:50:54.589  6213  6239 E ActivityThread: Failed to find provider info for call_log
05-13 04:50:55.542  6213  6239 E ActivityThread: Failed to find provider info for call_log
05-13 04:50:55.545  6213  6239 E ActivityThread: Failed to find provider info for call_log
05-13 04:50:58.368  6213  6428 E ActivityThread: Failed to find provider info for com.android.contacts
05-13 04:50:58.629  6213  6239 E ActivityThread: Failed to find provider info for call_log
05-13 04:50:59.296  6213  6239 E ActivityThread: Failed to find provider info for call_log
05-13 04:51:02.979  6213  6239 E ActivityThread: Failed to find provider info for call_log
05-13 04:51:05.077  6213  6239 E ActivityThread: Failed to find provider info for call_log
05-13 04:51:05.082  6213  6239 E ActivityThread: Failed to find provider info for call_log
05-13 04:51:07.279  6213  6239 E ActivityThread: Failed to find provider info for call_log
05-13 04:51:07.756  6213  6239 E ActivityThread: Failed to find provider info for call_log
05-13 04:51:07.757  6213  6239 E ActivityThread: Failed to find provider info for call_log
05-13 04:51:08.805  6213  6708 E ActivityThread: Failed to find provider info for com.android.contacts
05-13 04:51:09.201  6213  6239 E ActivityThread: Failed to find provider info for call_log
05-13 04:51:09.758  6213  6239 E ActivityThread: Failed to find provider info for call_log
05-13 04:51:10.986  6213  6239 E ActivityThread: Failed to find provider info for call_log
05-13 04:51:10.986  6213  6239 E ActivityThread: Failed to find provider info for call_log
05-13 04:51:14.833  2992  3687 E ActivityThread: Failed to find provider info for com.android.contacts
05-13 04:51:20.049  6213  6239 E ActivityThread: Failed to find provider info for call_log
05-13 04:51:21.113  6213  6239 E ActivityThread: Failed to find provider info for call_log
05-13 04:51:21.114  6213  6239 E ActivityThread: Failed to find provider info for call_log
05-13 04:51:43.763  6213  6267 E ActivityThread: Failed to find provider info for com.android.contacts
05-13 04:51:43.765  6213  6267 E ActivityThread: Failed to find provider info for com.android.contacts
05-13 04:51:43.768  6213  6276 E ActivityThread: Failed to find provider info for com.android.contacts
05-13 04:51:44.276  6213  6239 E ActivityThread: Failed to find provider info for call_log
05-13 04:51:44.666  6213  7385 E ActivityThread: Failed to find provider info for com.android.contacts
05-13 04:51:44.818  6213  6239 E ActivityThread: Failed to find provider info for call_log
05-13 04:51:44.819  6213  6239 E ActivityThread: Failed to find provider info for call_log
05-13 04:51:45.080  6213  6239 E ActivityThread: Failed to find provider info for call_log
05-13 04:51:45.639  6213  6239 E ActivityThread: Failed to find provider info for call_log
05-13 04:51:45.810  6213  7428 E ActivityThread: Failed to find provider info for com.android.contacts
05-13 04:51:45.929  6213  6239 E ActivityThread: Failed to find provider info for call_log
05-13 04:51:45.930  6213  6239 E ActivityThread: Failed to find provider info for call_log
05-13 04:51:46.224  6213  6239 E ActivityThread: Failed to find provider info for call_log
05-13 04:51:46.772  6213  6239 E ActivityThread: Failed to find provider info for call_log
05-13 04:51:46.979  6213  6239 E ActivityThread: Failed to find provider info for call_log
05-13 04:51:46.980  6213  6239 E ActivityThread: Failed to find provider info for call_log
05-13 04:51:47.212  6213  6239 E ActivityThread: Failed to find provider info for call_log
05-13 04:51:47.725  6213  7485 E ActivityThread: Failed to find provider info for com.android.contacts
05-13 04:51:47.764  6213  6239 E ActivityThread: Failed to find provider info for call_log
05-13 04:51:47.923  6213  6239 E ActivityThread: Failed to find provider info for call_log
05-13 04:51:47.924  6213  6239 E ActivityThread: Failed to find provider info for call_log
05-13 04:51:48.143  6213  6239 E ActivityThread: Failed to find provider info for call_log
05-13 04:51:48.755  6213  7517 E ActivityThread: Failed to find provider info for com.android.contacts
05-13 04:51:48.784  6213  6239 E ActivityThread: Failed to find provider info for call_log
05-13 04:51:48.928  6213  6239 E ActivityThread: Failed to find provider info for call_log
05-13 04:51:48.928  6213  6239 E ActivityThread: Failed to find provider info for call_log
05-13 04:51:49.169  6213  6239 E ActivityThread: Failed to find provider info for call_log
05-13 04:51:49.722  6213  6239 E ActivityThread: Failed to find provider info for call_log
05-13 04:51:50.223  6213  7551 E ActivityThread: Failed to find provider info for com.android.contacts
05-13 04:51:50.423  6213  6239 E ActivityThread: Failed to find provider info for call_log
05-13 04:51:50.424  6213  6239 E ActivityThread: Failed to find provider info for call_log
05-13 04:51:50.618  6213  6239 E ActivityThread: Failed to find provider info for call_log
05-13 04:51:51.196  6213  7592 E ActivityThread: Failed to find provider info for com.android.contacts
05-13 04:51:51.229  6213  6239 E ActivityThread: Failed to find provider info for call_log
05-13 04:51:51.412  6213  6239 E ActivityThread: Failed to find provider info for call_log
05-13 04:51:51.413  6213  6239 E ActivityThread: Failed to find provider info for call_log
05-13 04:51:51.622  6213  6239 E ActivityThread: Failed to find provider info for call_log
05-13 04:51:52.189  6213  6239 E ActivityThread: Failed to find provider info for call_log
05-13 04:51:52.231  6213  6239 E ActivityThread: Failed to find provider info for call_log
05-13 04:51:52.232  6213  6239 E ActivityThread: Failed to find provider info for call_log
05-13 04:51:52.441  6213  6239 E ActivityThread: Failed to find provider info for call_log
05-13 04:51:52.848  6213  7645 E ActivityThread: Failed to find provider info for com.android.contacts
05-13 04:51:52.987  6213  6239 E ActivityThread: Failed to find provider info for call_log
05-13 04:51:53.056  6213  6239 E ActivityThread: Failed to find provider info for call_log
05-13 04:51:53.057  6213  6239 E ActivityThread: Failed to find provider info for call_log
05-13 04:51:53.276  6213  6239 E ActivityThread: Failed to find provider info for call_log
05-13 04:51:53.824  6213  6239 E ActivityThread: Failed to find provider info for call_log
05-13 04:51:53.879  6213  6239 E ActivityThread: Failed to find provider info for call_log
05-13 04:51:53.880  6213  6239 E ActivityThread: Failed to find provider info for call_log
05-13 04:51:54.101  6213  6239 E ActivityThread: Failed to find provider info for call_log
05-13 04:51:54.727  6213  7697 E ActivityThread: Failed to find provider info for com.android.contacts
05-13 04:51:54.758  6213  6239 E ActivityThread: Failed to find provider info for call_log
05-13 04:51:54.885  6213  6239 E ActivityThread: Failed to find provider info for call_log
05-13 04:51:54.885  6213  6239 E ActivityThread: Failed to find provider info for call_log
05-13 04:51:55.139  6213  6239 E ActivityThread: Failed to find provider info for call_log
05-13 04:51:55.700  6213  6239 E ActivityThread: Failed to find provider info for call_log
05-13 04:51:55.791  6213  6239 E ActivityThread: Failed to find provider info for call_log
05-13 04:51:55.792  6213  6239 E ActivityThread: Failed to find provider info for call_log
05-13 04:51:56.002  6213  6239 E ActivityThread: Failed to find provider info for call_log
05-13 04:51:56.541  6213  6239 E ActivityThread: Failed to find provider info for call_log
05-13 04:51:58.746  6213  6239 E ActivityThread: Failed to find provider info for call_log
05-13 04:51:58.747  6213  6239 E ActivityThread: Failed to find provider info for call_log
05-13 04:52:01.786  3223  7840 E ActivityThread: Failed to find provider info for com.qti.smq.qualcommFeedback.provider
--------- beginning of crash
05-13 04:52:01.805  3223  3223 E AndroidRuntime: FATAL EXCEPTION: main
05-13 04:52:01.805  3223  3223 E AndroidRuntime: Process: com.android.settings, PID: 3223
05-13 04:52:01.805  3223  3223 E AndroidRuntime: java.lang.RuntimeException: Unable to start activity ComponentInfo{com.android.settings/com.android.settings.Settings$TestingSettingsActivity}: android.app.Fragment$InstantiationException: Trying to instantiate a class com.android.settings.TestingSettings that is not a Fragment
05-13 04:52:01.805  3223  3223 E AndroidRuntime: 	at android.app.ActivityThread.performLaunchActivity(ActivityThread.java:2684)
05-13 04:52:01.805  3223  3223 E AndroidRuntime: 	at android.app.ActivityThread.handleLaunchActivity(ActivityThread.java:2751)
05-13 04:52:01.805  3223  3223 E AndroidRuntime: 	at android.app.ActivityThread.-wrap12(ActivityThread.java)
05-13 04:52:01.805  3223  3223 E AndroidRuntime: 	at android.app.ActivityThread$H.handleMessage(ActivityThread.java)
05-13 04:52:01.805  3223  3223 E AndroidRuntime: 	at android.os.Handler.dispatchMessage(Handler.java:102)
05-13 04:52:01.805  3223  3223 E AndroidRuntime: 	at android.os.Looper.loop(Looper.java:154)
05-13 04:52:01.805  3223  3223 E AndroidRuntime: 	at android.app.ActivityThread.main(ActivityThread.java:6186)
05-13 04:52:01.805  3223  3223 E AndroidRuntime: 	at java.lang.reflect.Method.invoke(Native Method)
05-13 04:52:01.805  3223  3223 E AndroidRuntime: 	at com.android.internal.os.ZygoteInit$MethodAndArgsCaller.run(ZygoteInit.java:889)
05-13 04:52:01.805  3223  3223 E AndroidRuntime: 	at com.android.internal.os.ZygoteInit.main(ZygoteInit.java:779)
05-13 04:52:01.805  3223  3223 E AndroidRuntime: Caused by: android.app.Fragment$InstantiationException: Trying to instantiate a class com.android.settings.TestingSettings that is not a Fragment
05-13 04:52:01.805  3223  3223 E AndroidRuntime: 	at android.app.Fragment.instantiate(Fragment.java:617)
05-13 04:52:01.805  3223  3223 E AndroidRuntime: 	at com.android.settings.SettingsActivity.switchToFragment(SettingsActivity.java:1268)
05-13 04:52:01.805  3223  3223 E AndroidRuntime: 	at com.android.settings.SettingsActivity.onCreate(SettingsActivity.java:760)
05-13 04:52:01.805  3223  3223 E AndroidRuntime: 	at android.app.Activity.performCreate(Activity.java:6684)
05-13 04:52:01.805  3223  3223 E AndroidRuntime: 	at android.app.Instrumentation.callActivityOnCreate(Instrumentation.java:1119)
05-13 04:52:01.805  3223  3223 E AndroidRuntime: 	at android.app.ActivityThread.performLaunchActivity(ActivityThread.java:2637)
05-13 04:52:01.805  3223  3223 E AndroidRuntime: 	... 9 more
05-13 04:52:01.805  3223  3223 E AndroidRuntime: Caused by: java.lang.ClassCastException
05-13 04:52:01.805  3223  3223 E AndroidRuntime: 	at android.app.Fragment.instantiate(Fragment.java:618)
05-13 04:52:01.805  3223  3223 E AndroidRuntime: 	... 14 more
05-13 04:52:02.178  6213  6239 E ActivityThread: Failed to find provider info for call_log
05-13 04:52:02.856  6213  6239 E ActivityThread: Failed to find provider info for call_log
05-13 04:52:05.999  6213  6239 E ActivityThread: Failed to find provider info for call_log
05-13 04:52:06.000  6213  6239 E ActivityThread: Failed to find provider info for call_log
05-13 04:52:07.975  7908  7932 E ActivityThread: Failed to find provider info for com.qti.smq.qualcommFeedback.provider
05-13 04:52:08.009  7908  7908 E AndroidRuntime: FATAL EXCEPTION: main
05-13 04:52:08.009  7908  7908 E AndroidRuntime: Process: com.android.settings, PID: 7908
05-13 04:52:08.009  7908  7908 E AndroidRuntime: java.lang.RuntimeException: Unable to start activity ComponentInfo{com.android.settings/com.android.settings.Settings$TestingSettingsActivity}: android.app.Fragment$InstantiationException: Trying to instantiate a class com.android.settings.TestingSettings that is not a Fragment
05-13 04:52:08.009  7908  7908 E AndroidRuntime: 	at android.app.ActivityThread.performLaunchActivity(ActivityThread.java:2684)
05-13 04:52:08.009  7908  7908 E AndroidRuntime: 	at android.app.ActivityThread.handleLaunchActivity(ActivityThread.java:2751)
05-13 04:52:08.009  7908  7908 E AndroidRuntime: 	at android.app.ActivityThread.-wrap12(ActivityThread.java)
05-13 04:52:08.009  7908  7908 E AndroidRuntime: 	at android.app.ActivityThread$H.handleMessage(ActivityThread.java)
05-13 04:52:08.009  7908  7908 E AndroidRuntime: 	at android.os.Handler.dispatchMessage(Handler.java:102)
05-13 04:52:08.009  7908  7908 E AndroidRuntime: 	at android.os.Looper.loop(Looper.java:154)
05-13 04:52:08.009  7908  7908 E AndroidRuntime: 	at android.app.ActivityThread.main(ActivityThread.java:6186)
05-13 04:52:08.009  7908  7908 E AndroidRuntime: 	at java.lang.reflect.Method.invoke(Native Method)
05-13 04:52:08.009  7908  7908 E AndroidRuntime: 	at com.android.internal.os.ZygoteInit$MethodAndArgsCaller.run(ZygoteInit.java:889)
05-13 04:52:08.009  7908  7908 E AndroidRuntime: 	at com.android.internal.os.ZygoteInit.main(ZygoteInit.java:779)
05-13 04:52:08.009  7908  7908 E AndroidRuntime: Caused by: android.app.Fragment$InstantiationException: Trying to instantiate a class com.android.settings.TestingSettings that is not a Fragment
05-13 04:52:08.009  7908  7908 E AndroidRuntime: 	at android.app.Fragment.instantiate(Fragment.java:617)
05-13 04:52:08.009  7908  7908 E AndroidRuntime: 	at com.android.settings.SettingsActivity.switchToFragment(SettingsActivity.java:1268)
05-13 04:52:08.009  7908  7908 E AndroidRuntime: 	at com.android.settings.SettingsActivity.onCreate(SettingsActivity.java:760)
05-13 04:52:08.009  7908  7908 E AndroidRuntime: 	at android.app.Activity.performCreate(Activity.java:6684)
05-13 04:52:08.009  7908  7908 E AndroidRuntime: 	at android.app.Instrumentation.callActivityOnCreate(Instrumentation.java:1119)
05-13 04:52:08.009  7908  7908 E AndroidRuntime: 	at android.app.ActivityThread.performLaunchActivity(ActivityThread.java:2637)
05-13 04:52:08.009  7908  7908 E AndroidRuntime: 	... 9 more
05-13 04:52:08.009  7908  7908 E AndroidRuntime: Caused by: java.lang.ClassCastException
05-13 04:52:08.009  7908  7908 E AndroidRuntime: 	at android.app.Fragment.instantiate(Fragment.java:618)
05-13 04:52:08.009  7908  7908 E AndroidRuntime: 	... 14 more
05-13 04:52:08.188  6213  6239 E ActivityThread: Failed to find provider info for call_log
05-13 04:52:08.951  6213  6239 E ActivityThread: Failed to find provider info for call_log
05-13 04:52:08.952  6213  6239 E ActivityThread: Failed to find provider info for call_log
05-13 04:52:09.463  6213  6276 E ActivityThread: Failed to find provider info for com.android.contacts
05-13 04:52:09.464  6213  6276 E ActivityThread: Failed to find provider info for com.android.contacts
05-13 04:52:09.464  6213  6289 E ActivityThread: Failed to find provider info for com.android.contacts
05-13 04:52:09.980  6213  6239 E ActivityThread: Failed to find provider info for call_log
05-13 04:52:12.115  6213  6239 E ActivityThread: Failed to find provider info for call_log
05-13 04:52:12.116  6213  6239 E ActivityThread: Failed to find provider info for call_log
05-13 04:52:13.289  6213  6239 E ActivityThread: Failed to find provider info for call_log
05-13 04:52:46.754  6213  6239 E ActivityThread: Failed to find provider info for call_log
05-13 04:52:46.755  6213  6239 E ActivityThread: Failed to find provider info for call_log
05-13 04:52:47.738  8062  8079 E ActivityThread: Failed to find provider info for com.qti.smq.qualcommFeedback.provider
05-13 04:53:41.490  2533  2951 E flymed_connector: Communications error: java.io.IOException: No such file or directory
05-13 04:53:41.491  2533  2951 E flymed_connector: Error in NativeDaemonConnector: java.io.IOException: No such file or directory
05-13 04:53:46.493  2533  2951 E flymed_connector: Communications error: java.io.IOException: No such file or directory
05-13 04:53:46.494  2533  2951 E flymed_connector: Error in NativeDaemonConnector: java.io.IOException: No such file or directory
05-13 04:53:51.497  2533  2951 E flymed_connector: Communications error: java.io.IOException: No such file or directory
05-13 04:53:51.500  2533  2951 E flymed_connector: Error in NativeDaemonConnector: java.io.IOException: No such file or directory
05-13 04:53:56.503  2533  2951 E flymed_connector: Communications error: java.io.IOException: No such file or directory
05-13 04:53:56.507  2533  2951 E flymed_connector: Error in NativeDaemonConnector: java.io.IOException: No such file or directory
05-13 04:53:57.366  2533  8926 E ActivityThread: Failed to find provider info for com.android.contacts
05-13 04:53:57.368  2533  8926 E ActivityThread: Failed to find provider info for call_log
05-13 04:54:01.511  2533  2951 E flymed_connector: Communications error: java.io.IOException: No such file or directory
05-13 04:54:01.514  2533  2951 E flymed_connector: Error in NativeDaemonConnector: java.io.IOException: No such file or directory
05-13 04:54:06.521  2533  2951 E flymed_connector: Communications error: java.io.IOException: No such file or directory
05-13 04:54:06.524  2533  2951 E flymed_connector: Error in NativeDaemonConnector: java.io.IOException: No such file or directory
05-13 04:54:11.527  2533  2951 E flymed_connector: Communications error: java.io.IOException: No such file or directory
05-13 04:54:11.530  2533  2951 E flymed_connector: Error in NativeDaemonConnector: java.io.IOException: No such file or directory
05-13 04:54:16.533  2533  2951 E flymed_connector: Communications error: java.io.IOException: No such file or directory
05-13 04:54:16.533  2533  2951 E flymed_connector: Error in NativeDaemonConnector: java.io.IOException: No such file or directory
05-13 04:54:21.534  2533  2951 E flymed_connector: Communications error: java.io.IOException: No such file or directory
05-13 04:54:21.535  2533  2951 E flymed_connector: Error in NativeDaemonConnector: java.io.IOException: No such file or directory
05-13 04:54:23.368  2533  2581 E BatteryStatsService: no controller energy info supplied
05-13 04:54:23.368  2533  2581 E BatteryStatsService: no controller energy info supplied
05-13 04:54:23.386  2533  2581 E KernelWakelockReader: neither /proc/wakelocks nor /d/wakeup_sources exists
05-13 04:54:23.387  2533  2581 E BatteryStatsService: modem info is invalid: ModemActivityInfo{ mTimestamp=0 mSleepTimeMs=0 mIdleTimeMs=0 mTxTimeMs[]=[0, 0, 0, 0, 0] mRxTimeMs=0 mEnergyUsed=0}
05-13 04:54:26.537  2533  2951 E flymed_connector: Communications error: java.io.IOException: No such file or directory
05-13 04:54:26.540  2533  2951 E flymed_connector: Error in NativeDaemonConnector: java.io.IOException: No such file or directory
05-13 04:54:31.545  2533  2951 E flymed_connector: Communications error: java.io.IOException: No such file or directory
05-13 04:54:31.548  2533  2951 E flymed_connector: Error in NativeDaemonConnector: java.io.IOException: No such file or directory
05-13 04:54:36.552  2533  2951 E flymed_connector: Communications error: java.io.IOException: No such file or directory
05-13 04:54:36.555  2533  2951 E flymed_connector: Error in NativeDaemonConnector: java.io.IOException: No such file or directory
05-13 04:54:41.559  2533  2951 E flymed_connector: Communications error: java.io.IOException: No such file or directory
05-13 04:54:41.562  2533  2951 E flymed_connector: Error in NativeDaemonConnector: java.io.IOException: No such file or directory
05-13 04:54:46.566  2533  2951 E flymed_connector: Communications error: java.io.IOException: No such file or directory
05-13 04:54:46.569  2533  2951 E flymed_connector: Error in NativeDaemonConnector: java.io.IOException: No such file or directory
05-13 04:54:51.020  2533  2587 E KernelWakelockReader: neither /proc/wakelocks nor /d/wakeup_sources exists
05-13 04:54:54.764  2533  2951 E flymed_connector: Communications error: java.io.IOException: No such file or directory
05-13 04:54:54.764  2533  2951 E flymed_connector: Error in NativeDaemonConnector: java.io.IOException: No such file or directory
05-13 04:54:54.767  2533  2587 E KernelWakelockReader: neither /proc/wakelocks nor /d/wakeup_sources exists
05-13 04:54:56.560  2533  2581 E BatteryStatsService: no controller energy info supplied
05-13 04:54:56.560  2533  2581 E BatteryStatsService: no controller energy info supplied
05-13 04:54:56.581  2533  2581 E KernelWakelockReader: neither /proc/wakelocks nor /d/wakeup_sources exists
05-13 04:54:56.584  2533  2581 E BatteryStatsService: modem info is invalid: ModemActivityInfo{ mTimestamp=0 mSleepTimeMs=0 mIdleTimeMs=0 mTxTimeMs[]=[0, 0, 0, 0, 0] mRxTimeMs=0 mEnergyUsed=0}
05-13 04:54:59.767  2533  2951 E flymed_connector: Communications error: java.io.IOException: No such file or directory
05-13 04:54:59.769  2533  2951 E flymed_connector: Error in NativeDaemonConnector: java.io.IOException: No such file or directory
05-13 04:55:04.773  2533  2951 E flymed_connector: Communications error: java.io.IOException: No such file or directory
05-13 04:55:04.776  2533  2951 E flymed_connector: Error in NativeDaemonConnector: java.io.IOException: No such file or directory
05-13 04:55:09.780  2533  2951 E flymed_connector: Communications error: java.io.IOException: No such file or directory
05-13 04:55:09.783  2533  2951 E flymed_connector: Error in NativeDaemonConnector: java.io.IOException: No such file or directory
05-13 04:55:14.787  2533  2951 E flymed_connector: Communications error: java.io.IOException: No such file or directory
05-13 04:55:14.790  2533  2951 E flymed_connector: Error in NativeDaemonConnector: java.io.IOException: No such file or directory
05-13 04:55:19.795  2533  2951 E flymed_connector: Communications error: java.io.IOException: No such file or directory
05-13 04:55:19.798  2533  2951 E flymed_connector: Error in NativeDaemonConnector: java.io.IOException: No such file or directory
05-13 04:55:24.801  2533  2951 E flymed_connector: Communications error: java.io.IOException: No such file or directory
05-13 04:55:24.805  2533  2951 E flymed_connector: Error in NativeDaemonConnector: java.io.IOException: No such file or directory
05-13 04:55:26.857  2533  2587 E KernelWakelockReader: neither /proc/wakelocks nor /d/wakeup_sources exists
05-13 04:55:42.609  2533  2581 E BatteryStatsService: no controller energy info supplied
05-13 04:55:42.609  2533  2581 E BatteryStatsService: no controller energy info supplied
05-13 04:55:42.620  2533  2587 E KernelWakelockReader: neither /proc/wakelocks nor /d/wakeup_sources exists
05-13 04:55:42.644  2533  2581 E KernelWakelockReader: neither /proc/wakelocks nor /d/wakeup_sources exists
05-13 04:55:42.645  2533  2581 E BatteryStatsService: modem info is invalid: ModemActivityInfo{ mTimestamp=0 mSleepTimeMs=0 mIdleTimeMs=0 mTxTimeMs[]=[0, 0, 0, 0, 0] mRxTimeMs=0 mEnergyUsed=0}
05-13 04:55:43.359  2533  2951 E flymed_connector: Communications error: java.io.IOException: No such file or directory
05-13 04:55:43.359  2533  2951 E flymed_connector: Error in NativeDaemonConnector: java.io.IOException: No such file or directory
05-13 04:55:48.360  2533  2951 E flymed_connector: Communications error: java.io.IOException: No such file or directory
05-13 04:55:48.362  2533  2951 E flymed_connector: Error in NativeDaemonConnector: java.io.IOException: No such file or directory
05-13 04:55:53.364  2533  2951 E flymed_connector: Communications error: java.io.IOException: No such file or directory
05-13 04:55:53.367  2533  2951 E flymed_connector: Error in NativeDaemonConnector: java.io.IOException: No such file or directory
05-13 04:55:58.371  2533  2951 E flymed_connector: Communications error: java.io.IOException: No such file or directory
05-13 04:55:58.374  2533  2951 E flymed_connector: Error in NativeDaemonConnector: java.io.IOException: No such file or directory
05-13 04:56:03.377  2533  2951 E flymed_connector: Communications error: java.io.IOException: No such file or directory
05-13 04:56:03.379  2533  2951 E flymed_connector: Error in NativeDaemonConnector: java.io.IOException: No such file or directory
05-13 04:56:07.438  9708  9764 E ActivityThread: Failed to find provider info for com.android.contacts
05-13 04:56:07.439  9708  9764 E ActivityThread: Failed to find provider info for com.android.contacts
05-13 04:56:07.439  9708  9764 E ActivityThread: Failed to find provider info for com.android.contacts
05-13 04:56:07.476  9708  9734 E ActivityThread: Failed to find provider info for call_log
05-13 04:56:07.479  2533  9767 E ActivityThread: Failed to find provider info for call_log
05-13 04:56:07.760  9708  9770 E ActivityThread: Failed to find provider info for call_log
05-13 04:56:07.819  9708  9771 E ActivityThread: Failed to find provider info for call_log
05-13 04:56:07.821  9708  9772 E ActivityThread: Failed to find provider info for com.android.contacts
05-13 04:56:07.825  9708  9772 E ActivityThread: Failed to find provider info for com.android.contacts
05-13 04:56:07.829  9708  9770 E ActivityThread: Failed to find provider info for call_log
05-13 04:56:07.831  9708  9771 E ActivityThread: Failed to find provider info for com.android.contacts
05-13 04:56:07.835  9708  9771 E ActivityThread: Failed to find provider info for com.android.contacts
05-13 04:56:07.930  9708  9749 E ActivityThread: Failed to find provider info for com.android.contacts
05-13 04:56:07.940  9708  9796 E ActivityThread: Failed to find provider info for com.android.contacts
05-13 04:56:07.941  9708  9755 E ActivityThread: Failed to find provider info for com.android.contacts
05-13 04:56:07.942  9708  9755 E ActivityThread: Failed to find provider info for com.android.contacts
05-13 04:56:08.381  2533  2951 E flymed_connector: Communications error: java.io.IOException: No such file or directory
05-13 04:56:08.381  2533  2951 E flymed_connector: Error in NativeDaemonConnector: java.io.IOException: No such file or directory
05-13 04:56:08.830  9708  9734 E ActivityThread: Failed to find provider info for com.android.contacts
05-13 04:56:08.830  9708  9734 E ActivityThread: Failed to find provider info for com.android.contacts
05-13 04:56:08.830  9708  9734 E ActivityThread: Failed to find provider info for com.meizu.cloud
05-13 04:56:11.621  9708  9734 E ActivityThread: Failed to find provider info for call_log
05-13 04:56:11.623  9708  9734 E ActivityThread: Failed to find provider info for call_log
05-13 04:56:11.641  2533  9875 E ActivityThread: Failed to find provider info for call_log
05-13 04:56:13.319  9708  9734 E ActivityThread: Failed to find provider info for call_log
05-13 04:56:13.329  2533  9897 E ActivityThread: Failed to find provider info for call_log
05-13 04:56:13.382  2533  2951 E flymed_connector: Communications error: java.io.IOException: No such file or directory
05-13 04:56:13.383  2533  2951 E flymed_connector: Error in NativeDaemonConnector: java.io.IOException: No such file or directory
05-13 04:56:18.385  2533  2951 E flymed_connector: Communications error: java.io.IOException: No such file or directory
05-13 04:56:18.388  2533  2951 E flymed_connector: Error in NativeDaemonConnector: java.io.IOException: No such file or directory
05-13 04:56:23.392  2533  2951 E flymed_connector: Communications error: java.io.IOException: No such file or directory
05-13 04:56:23.394  2533  2951 E flymed_connector: Error in NativeDaemonConnector: java.io.IOException: No such file or directory
05-13 04:56:28.397  2533  2951 E flymed_connector: Communications error: java.io.IOException: No such file or directory
05-13 04:56:28.399  2533  2951 E flymed_connector: Error in NativeDaemonConnector: java.io.IOException: No such file or directory
05-13 04:56:33.401  2533  2951 E flymed_connector: Communications error: java.io.IOException: No such file or directory
05-13 04:56:33.404  2533  2951 E flymed_connector: Error in NativeDaemonConnector: java.io.IOException: No such file or directory
05-13 04:56:38.408  2533  2951 E flymed_connector: Communications error: java.io.IOException: No such file or directory
05-13 04:56:38.410  2533  2951 E flymed_connector: Error in NativeDaemonConnector: java.io.IOException: No such file or directory
05-13 04:56:43.413  2533  2951 E flymed_connector: Communications error: java.io.IOException: No such file or directory
05-13 04:56:43.416  2533  2951 E flymed_connector: Error in NativeDaemonConnector: java.io.IOException: No such file or directory
05-13 04:56:45.020  9708  9734 E ActivityThread: Failed to find provider info for call_log
05-13 04:56:45.025  9708  9734 E ActivityThread: Failed to find provider info for call_log
05-13 04:56:45.071  2533  9945 E ActivityThread: Failed to find provider info for call_log
05-13 04:56:48.419  2533  2951 E flymed_connector: Communications error: java.io.IOException: No such file or directory
05-13 04:56:48.424  2533  2951 E flymed_connector: Error in NativeDaemonConnector: java.io.IOException: No such file or directory
05-13 04:56:53.428  2533  2951 E flymed_connector: Communications error: java.io.IOException: No such file or directory
05-13 04:56:53.432  2533  2951 E flymed_connector: Error in NativeDaemonConnector: java.io.IOException: No such file or directory
05-13 04:56:58.436  2533  2951 E flymed_connector: Communications error: java.io.IOException: No such file or directory
05-13 04:56:58.441  2533  2951 E flymed_connector: Error in NativeDaemonConnector: java.io.IOException: No such file or directory
05-13 04:57:03.444  2533  2951 E flymed_connector: Communications error: java.io.IOException: No such file or directory
05-13 04:57:03.447  2533  2951 E flymed_connector: Error in NativeDaemonConnector: java.io.IOException: No such file or directory
05-13 04:57:08.450  2533  2951 E flymed_connector: Communications error: java.io.IOException: No such file or directory
05-13 04:57:08.453  2533  2951 E flymed_connector: Error in NativeDaemonConnector: java.io.IOException: No such file or directory
05-13 04:57:13.458  2533  2951 E flymed_connector: Communications error: java.io.IOException: No such file or directory
05-13 04:57:13.460  2533  2951 E flymed_connector: Error in NativeDaemonConnector: java.io.IOException: No such file or directory
05-13 04:57:18.464  2533  2951 E flymed_connector: Communications error: java.io.IOException: No such file or directory
05-13 04:57:18.467  2533  2951 E flymed_connector: Error in NativeDaemonConnector: java.io.IOException: No such file or directory
05-13 04:57:22.189  2533  2581 E BatteryStatsService: no controller energy info supplied
05-13 04:57:22.189  2533  2581 E BatteryStatsService: no controller energy info supplied
05-13 04:57:22.210  2533  2581 E KernelWakelockReader: neither /proc/wakelocks nor /d/wakeup_sources exists
05-13 04:57:22.215  2533  2581 E BatteryStatsService: modem info is invalid: ModemActivityInfo{ mTimestamp=0 mSleepTimeMs=0 mIdleTimeMs=0 mTxTimeMs[]=[0, 0, 0, 0, 0] mRxTimeMs=0 mEnergyUsed=0}
05-13 04:57:23.471  2533  2951 E flymed_connector: Communications error: java.io.IOException: No such file or directory
05-13 04:57:23.474  2533  2951 E flymed_connector: Error in NativeDaemonConnector: java.io.IOException: No such file or directory
05-13 04:57:28.477  2533  2951 E flymed_connector: Communications error: java.io.IOException: No such file or directory
05-13 04:57:28.480  2533  2951 E flymed_connector: Error in NativeDaemonConnector: java.io.IOException: No such file or directory
05-13 04:57:33.484  2533  2951 E flymed_connector: Communications error: java.io.IOException: No such file or directory
05-13 04:57:33.486  2533  2951 E flymed_connector: Error in NativeDaemonConnector: java.io.IOException: No such file or directory
05-13 04:57:38.491  2533  2951 E flymed_connector: Communications error: java.io.IOException: No such file or directory
05-13 04:57:38.494  2533  2951 E flymed_connector: Error in NativeDaemonConnector: java.io.IOException: No such file or directory
05-13 04:57:43.498  2533  2951 E flymed_connector: Communications error: java.io.IOException: No such file or directory
05-13 04:57:43.502  2533  2951 E flymed_connector: Error in NativeDaemonConnector: java.io.IOException: No such file or directory
05-13 04:57:48.505  2533  2951 E flymed_connector: Communications error: java.io.IOException: No such file or directory
05-13 04:57:48.510  2533  2951 E flymed_connector: Error in NativeDaemonConnector: java.io.IOException: No such file or directory
05-13 04:57:53.513  2533  2951 E flymed_connector: Communications error: java.io.IOException: No such file or directory
05-13 04:57:53.516  2533  2951 E flymed_connector: Error in NativeDaemonConnector: java.io.IOException: No such file or directory
05-13 04:57:58.522  2533  2951 E flymed_connector: Communications error: java.io.IOException: No such file or directory
05-13 04:57:58.525  2533  2951 E flymed_connector: Error in NativeDaemonConnector: java.io.IOException: No such file or directory
05-13 04:58:03.528  2533  2951 E flymed_connector: Communications error: java.io.IOException: No such file or directory
05-13 04:58:03.530  2533  2951 E flymed_connector: Error in NativeDaemonConnector: java.io.IOException: No such file or directory
05-13 04:58:08.533  2533  2951 E flymed_connector: Communications error: java.io.IOException: No such file or directory
05-13 04:58:08.536  2533  2951 E flymed_connector: Error in NativeDaemonConnector: java.io.IOException: No such file or directory
05-13 04:58:13.541  2533  2951 E flymed_connector: Communications error: java.io.IOException: No such file or directory
05-13 04:58:13.543  2533  2951 E flymed_connector: Error in NativeDaemonConnector: java.io.IOException: No such file or directory
05-13 04:58:18.547  2533  2951 E flymed_connector: Communications error: java.io.IOException: No such file or directory
05-13 04:58:18.550  2533  2951 E flymed_connector: Error in NativeDaemonConnector: java.io.IOException: No such file or directory
05-13 04:58:23.554  2533  2951 E flymed_connector: Communications error: java.io.IOException: No such file or directory
05-13 04:58:23.557  2533  2951 E flymed_connector: Error in NativeDaemonConnector: java.io.IOException: No such file or directory
05-13 04:58:28.560  2533  2951 E flymed_connector: Communications error: java.io.IOException: No such file or directory
05-13 04:58:28.563  2533  2951 E flymed_connector: Error in NativeDaemonConnector: java.io.IOException: No such file or directory
05-13 04:58:33.568  2533  2951 E flymed_connector: Communications error: java.io.IOException: No such file or directory
05-13 04:58:33.571  2533  2951 E flymed_connector: Error in NativeDaemonConnector: java.io.IOException: No such file or directory
05-13 04:58:38.573  2533  2951 E flymed_connector: Communications error: java.io.IOException: No such file or directory
05-13 04:58:38.576  2533  2951 E flymed_connector: Error in NativeDaemonConnector: java.io.IOException: No such file or directory
05-13 04:58:43.579  2533  2951 E flymed_connector: Communications error: java.io.IOException: No such file or directory
05-13 04:58:43.583  2533  2951 E flymed_connector: Error in NativeDaemonConnector: java.io.IOException: No such file or directory
05-13 04:58:48.587  2533  2951 E flymed_connector: Communications error: java.io.IOException: No such file or directory
05-13 04:58:48.589  2533  2951 E flymed_connector: Error in NativeDaemonConnector: java.io.IOException: No such file or directory
05-13 04:58:53.594  2533  2951 E flymed_connector: Communications error: java.io.IOException: No such file or directory
05-13 04:58:53.597  2533  2951 E flymed_connector: Error in NativeDaemonConnector: java.io.IOException: No such file or directory
05-13 04:58:58.601  2533  2951 E flymed_connector: Communications error: java.io.IOException: No such file or directory
05-13 04:58:58.604  2533  2951 E flymed_connector: Error in NativeDaemonConnector: java.io.IOException: No such file or directory
05-13 04:59:03.607  2533  2951 E flymed_connector: Communications error: java.io.IOException: No such file or directory
05-13 04:59:03.610  2533  2951 E flymed_connector: Error in NativeDaemonConnector: java.io.IOException: No such file or directory
05-13 04:59:08.613  2533  2951 E flymed_connector: Communications error: java.io.IOException: No such file or directory
05-13 04:59:08.617  2533  2951 E flymed_connector: Error in NativeDaemonConnector: java.io.IOException: No such file or directory
05-13 04:59:13.620  2533  2951 E flymed_connector: Communications error: java.io.IOException: No such file or directory
05-13 04:59:13.623  2533  2951 E flymed_connector: Error in NativeDaemonConnector: java.io.IOException: No such file or directory
05-13 04:59:18.627  2533  2951 E flymed_connector: Communications error: java.io.IOException: No such file or directory
05-13 04:59:18.630  2533  2951 E flymed_connector: Error in NativeDaemonConnector: java.io.IOException: No such file or directory
05-13 04:59:23.635  2533  2951 E flymed_connector: Communications error: java.io.IOException: No such file or directory
05-13 04:59:23.639  2533  2951 E flymed_connector: Error in NativeDaemonConnector: java.io.IOException: No such file or directory
05-13 04:59:28.642  2533  2951 E flymed_connector: Communications error: java.io.IOException: No such file or directory
05-13 04:59:28.646  2533  2951 E flymed_connector: Error in NativeDaemonConnector: java.io.IOException: No such file or directory
05-13 04:59:33.649  2533  2951 E flymed_connector: Communications error: java.io.IOException: No such file or directory
05-13 04:59:33.653  2533  2951 E flymed_connector: Error in NativeDaemonConnector: java.io.IOException: No such file or directory
05-13 04:59:38.657  2533  2951 E flymed_connector: Communications error: java.io.IOException: No such file or directory
05-13 04:59:38.660  2533  2951 E flymed_connector: Error in NativeDaemonConnector: java.io.IOException: No such file or directory
05-13 04:59:43.665  2533  2951 E flymed_connector: Communications error: java.io.IOException: No such file or directory
05-13 04:59:43.668  2533  2951 E flymed_connector: Error in NativeDaemonConnector: java.io.IOException: No such file or directory
05-13 04:59:48.671  2533  2951 E flymed_connector: Communications error: java.io.IOException: No such file or directory
05-13 04:59:48.675  2533  2951 E flymed_connector: Error in NativeDaemonConnector: java.io.IOException: No such file or directory
05-13 04:59:53.678  2533  2951 E flymed_connector: Communications error: java.io.IOException: No such file or directory
05-13 04:59:53.682  2533  2951 E flymed_connector: Error in NativeDaemonConnector: java.io.IOException: No such file or directory
05-13 04:59:58.685  2533  2951 E flymed_connector: Communications error: java.io.IOException: No such file or directory
05-13 04:59:58.688  2533  2951 E flymed_connector: Error in NativeDaemonConnector: java.io.IOException: No such file or directory
05-13 05:00:03.691  2533  2951 E flymed_connector: Communications error: java.io.IOException: No such file or directory
05-13 05:00:03.693  2533  2951 E flymed_connector: Error in NativeDaemonConnector: java.io.IOException: No such file or directory
05-13 05:00:08.697  2533  2951 E flymed_connector: Communications error: java.io.IOException: No such file or directory
05-13 05:00:08.700  2533  2951 E flymed_connector: Error in NativeDaemonConnector: java.io.IOException: No such file or directory
05-13 05:00:13.704  2533  2951 E flymed_connector: Communications error: java.io.IOException: No such file or directory
05-13 05:00:13.707  2533  2951 E flymed_connector: Error in NativeDaemonConnector: java.io.IOException: No such file or directory
05-13 05:00:18.710  2533  2951 E flymed_connector: Communications error: java.io.IOException: No such file or directory
05-13 05:00:18.713  2533  2951 E flymed_connector: Error in NativeDaemonConnector: java.io.IOException: No such file or directory
05-13 05:00:23.404  9708  9755 E ActivityThread: Failed to find provider info for com.android.contacts
05-13 05:00:23.405  9708  9764 E ActivityThread: Failed to find provider info for com.android.contacts
05-13 05:00:23.408  9708  9755 E ActivityThread: Failed to find provider info for com.android.contacts
05-13 05:00:23.716  2533  2951 E flymed_connector: Communications error: java.io.IOException: No such file or directory
05-13 05:00:23.716  2533  2951 E flymed_connector: Error in NativeDaemonConnector: java.io.IOException: No such file or directory
05-13 05:00:23.983  9708  9734 E ActivityThread: Failed to find provider info for call_log
05-13 05:00:23.988  2533 10130 E ActivityThread: Failed to find provider info for call_log
05-13 05:00:26.468  9708  9734 E ActivityThread: Failed to find provider info for call_log
05-13 05:00:26.472  9708  9734 E ActivityThread: Failed to find provider info for call_log
05-13 05:00:26.505  2533 10217 E ActivityThread: Failed to find provider info for call_log
05-13 05:00:26.700  9708  9755 E ActivityThread: Failed to find provider info for com.android.contacts
05-13 05:00:26.702  9708  9755 E ActivityThread: Failed to find provider info for com.android.contacts
05-13 05:00:26.702  9708  9764 E ActivityThread: Failed to find provider info for com.android.contacts
05-13 05:00:27.208  9708  9734 E ActivityThread: Failed to find provider info for call_log
05-13 05:00:27.216  2533 10241 E ActivityThread: Failed to find provider info for call_log
05-13 05:00:28.717  2533  2951 E flymed_connector: Communications error: java.io.IOException: No such file or directory
05-13 05:00:28.720  2533  2951 E flymed_connector: Error in NativeDaemonConnector: java.io.IOException: No such file or directory
05-13 05:00:33.723  2533  2951 E flymed_connector: Communications error: java.io.IOException: No such file or directory
05-13 05:00:33.725  2533  2951 E flymed_connector: Error in NativeDaemonConnector: java.io.IOException: No such file or directory
05-13 05:00:38.729  2533  2951 E flymed_connector: Communications error: java.io.IOException: No such file or directory
05-13 05:00:38.732  2533  2951 E flymed_connector: Error in NativeDaemonConnector: java.io.IOException: No such file or directory
05-13 05:00:43.735  2533  2951 E flymed_connector: Communications error: java.io.IOException: No such file or directory
05-13 05:00:43.736  2533  2951 E flymed_connector: Error in NativeDaemonConnector: java.io.IOException: No such file or directory
05-13 05:00:48.738  2533  2951 E flymed_connector: Communications error: java.io.IOException: No such file or directory
05-13 05:00:48.740  2533  2951 E flymed_connector: Error in NativeDaemonConnector: java.io.IOException: No such file or directory
05-13 05:00:53.744  2533  2951 E flymed_connector: Communications error: java.io.IOException: No such file or directory
05-13 05:00:53.746  2533  2951 E flymed_connector: Error in NativeDaemonConnector: java.io.IOException: No such file or directory
05-13 05:00:58.750  2533  2951 E flymed_connector: Communications error: java.io.IOException: No such file or directory
05-13 05:00:58.752  2533  2951 E flymed_connector: Error in NativeDaemonConnector: java.io.IOException: No such file or directory
05-13 05:01:01.020  9708  9734 E ActivityThread: Failed to find provider info for call_log
05-13 05:01:01.025  9708  9734 E ActivityThread: Failed to find provider info for call_log
05-13 05:01:01.073  2533 10380 E ActivityThread: Failed to find provider info for call_log
05-13 05:01:03.757  2533  2951 E flymed_connector: Communications error: java.io.IOException: No such file or directory
05-13 05:01:03.760  2533  2951 E flymed_connector: Error in NativeDaemonConnector: java.io.IOException: No such file or directory
05-13 05:01:08.765  2533  2951 E flymed_connector: Communications error: java.io.IOException: No such file or directory
05-13 05:01:08.768  2533  2951 E flymed_connector: Error in NativeDaemonConnector: java.io.IOException: No such file or directory
05-13 05:01:13.771  2533  2951 E flymed_connector: Communications error: java.io.IOException: No such file or directory
05-13 05:01:13.774  2533  2951 E flymed_connector: Error in NativeDaemonConnector: java.io.IOException: No such file or directory
05-13 05:01:18.777  2533  2951 E flymed_connector: Communications error: java.io.IOException: No such file or directory
05-13 05:01:18.780  2533  2951 E flymed_connector: Error in NativeDaemonConnector: java.io.IOException: No such file or directory
05-13 05:01:23.785  2533  2951 E flymed_connector: Communications error: java.io.IOException: No such file or directory
05-13 05:01:23.788  2533  2951 E flymed_connector: Error in NativeDaemonConnector: java.io.IOException: No such file or directory
05-13 05:01:28.791  2533  2951 E flymed_connector: Communications error: java.io.IOException: No such file or directory
05-13 05:01:28.794  2533  2951 E flymed_connector: Error in NativeDaemonConnector: java.io.IOException: No such file or directory
05-13 05:01:33.798  2533  2951 E flymed_connector: Communications error: java.io.IOException: No such file or directory
05-13 05:01:33.800  2533  2951 E flymed_connector: Error in NativeDaemonConnector: java.io.IOException: No such file or directory
