05-13 05:18:25.705   278 13470 E mm-camera: afd_set_parameters: param=0xb3d9c0e4 afd_obj =0xb3de8000, type =0
05-13 05:18:25.705   278 13470 E mm-camera: afd_set_parameters: param=0xb3d9c11c afd_obj =0xb3de8000, type =0
05-13 05:18:25.705   278 13470 E mm-camera: afd_set_parameters: param=0xb3d9c154 afd_obj =0xb3de8000, type =0
05-13 05:18:25.705   278 13470 E mm-camera: afd_set_parameters: param=0xb3d9c18c afd_obj =0xb3de8000, type =0
05-13 05:18:25.705   278 13470 E mm-camera: afd_set_parameters: param=0xb3d9c1c4 afd_obj =0xb3de8000, type =0
05-13 05:18:25.706   278 13470 E mm-camera: afd_set_parameters: param=0xb3d9c1fc afd_obj =0xb3de8000, type =0
05-13 05:18:25.706   278 13470 E mm-camera: afd_set_parameters: param=0xb3d9c074 afd_obj =0xb3de8000, type =7
05-13 05:18:25.706   278 13458 E mm-camera: isp_tintless_config: tint_correction_strength updated to 4
05-13 05:18:25.706   278 13458 E mm-camera: isp_tintless_update_chromatix_params: lib returned config err=0
05-13 05:18:25.707   278 13458 E mm-camera: port_isp_mct_ctrl_cmd: E, identity = 0x10002, STREAMON
05-13 05:18:25.712   278 13458 E mm-camera: is_port_handle_stream_event: MCT_EVENT_CONTROL_STREAMON, identity = 0x10002
05-13 05:18:25.712   278 13458 E mm-camera: module_afs_port_event_func:522] AFS_STREAMON 10002
05-13 05:18:25.718  2533  2951 E flymed_connector: Communications error: java.io.IOException: No such file or directory
05-13 05:18:25.718   278 13458 E mm-camera-img: Face Album FILE EXISTS
05-13 05:18:25.718  2533  2951 E flymed_connector: Error in NativeDaemonConnector: java.io.IOException: No such file or directory
05-13 05:18:25.719   278 13458 E mm-camera: c2d_module_handle_streamon_event:1223, identity=0x10002, stream-on done
05-13 05:18:25.719   278 13458 E AEC_PORT: ddd exp 0.001778 iso 100
05-13 05:18:25.719   278 13458 E AEC_PORT: #### aec_port_get_aec_data runs
05-13 05:18:25.719   278 13458 E mm-camera: isp_streamon: E, session_id = 1, stream_id = 2, active_count = 0 flash=FALSE
05-13 05:18:25.719   278 13449 E mm-camera: isp_proc_streamon: E, session_id = 1, stream_id = 2, stream_type = 1
05-13 05:18:25.719   278 13449 E mm-camera: isp_ch_util_sync_stream_cfg_to_channel: cannot find channel, Adding new channel for stream id 2
05-13 05:18:25.719   278 13449 E mm-camera: isp_add_meta_channel: no meta data, session_id = 1, stream_id = 2
05-13 05:18:25.719   278 13449 E mm-camera: isp_validate_buf_request: total 8 current buffer count 8 for stream 2
05-13 05:18:25.719   278 13479 E mm-camera: isp_fmt_to_pix_pattern: format 30
05-13 05:18:25.720   278 13479 E mm-camera: isp_axi_stream_set_skip_pattern: cannot find stream, session_id = 0, stream_id = 0
05-13 05:18:25.720   278 13449 E mm-camera: is_port_event: MCT_EVENT_MODULE_ISP_OUTPUT_DIM id = 10002, steam_type = 1, w = 1920, h = 1080
05-13 05:18:25.720   278 13449 E mm-camera: module_afs_port_event_func:689] MCT_EVENT_MODULE_ISP_OUTPUT_DIM 1920x1080
05-13 05:18:25.720   278 13449 E mm-camera: isp_hw_action: first start, hw thread for streamon/ack
05-13 05:18:25.720   278 13479 E mm-camera: isp_thread_proc_cmd: start/stop, thread_data = 0xb3db8ee4, action_code = 0
05-13 05:18:25.720   278 13479 E mm-camera: isp_fmt_to_pix_pattern: format 30
05-13 05:18:25.721   278 13479 E mm-camera: isp_tintless_config: cfg: 10x13 mesh, 8x8 subgrid, subgrid sz 22x22
05-13 05:18:25.721   278 13479 E mm-camera: isp_tintless_mesh_config: lib returned mesh config err=0
05-13 05:18:25.721   278 13479 E mm-camera: color_xform_config_601_to_601 for stream Encoder
05-13 05:18:25.721   278 13479 E mm-camera: color_xform_config_601_to_601 for stream Viewfinder
05-13 05:18:25.721   278 13479 E mm-camera: linearization_set_params: param_id is not supported in this module
05-13 05:18:25.721   278 13479 E mm-camera: mesh_rolloff_set_params: param_id is not supported in this module
05-13 05:18:25.721   278 13479 E mm-camera: wb_set_params: param_id is not supported in this module
05-13 05:18:25.721   278 13479 E mm-camera: demosaic_set_params: param_id 7, is not supported in this module
05-13 05:18:25.721   278 13479 E mm-camera: demux_set_params: param_id 7, is not supported in this module
05-13 05:18:25.721   278 13479 E mm-camera: color_correct_set_effect: saturation level = 1.000000, asd_saturae_adjust = 1.000000
05-13 05:18:25.721   278 13449 E mm-camera: isp_ch_util_streamon: session_id = 1, vfe_mask = 0x1, async streamon, rc = 0
05-13 05:18:25.721   278 13449 E mm-camera: isp_hw_action: hw_thread for ack
05-13 05:18:25.721   278 13479 E mm-camera: mce_set_params: param_id is not supported in this module
05-13 05:18:25.721   278 13479 E mm-camera: sce_set_params: param_id is not supported in this module
05-13 05:18:25.721   278 13479 E mm-camera: la_hist_trigger_update: luma target from AEC = 0! use default LA curve
05-13 05:18:25.721   278 13479 E mm-camera: isp_tintless_stat_config: pointer okay 
05-13 05:18:25.721   278 13479 E mm-camera: isp_tintless_config: cfg: camif 2104x1560, elem sz 64x64, elems 24x32
05-13 05:18:25.722   278 13479 E mm-camera: isp_tintless_stat_config: lib returned config err=0
05-13 05:18:25.722   278 13479 E mm-camera: isp_fmt_to_pix_pattern: format 30
05-13 05:18:25.724   278 13479 E mm-camera: stats_action_buf_config: cfg = 1, stats_mask = 0x7b8
05-13 05:18:25.724   278 13479 E mm-camera: isp_validate_buf_request: total 4 current buffer count 4 for stream -2147418109
05-13 05:18:25.724   278 13479 E mm-camera: isp_validate_buf_request: total 4 current buffer count 4 for stream -2147418108
05-13 05:18:25.724   278 13479 E mm-camera: isp_validate_buf_request: total 4 current buffer count 4 for stream -2147418107
05-13 05:18:25.725   278 13479 E mm-camera: isp_validate_buf_request: total 4 current buffer count 4 for stream -2147418105
05-13 05:18:25.725   278 13479 E mm-camera: isp_validate_buf_request: total 4 current buffer count 4 for stream -2147418104
05-13 05:18:25.726   278 13479 E mm-camera: isp_validate_buf_request: total 4 current buffer count 4 for stream -2147418103
05-13 05:18:25.726   278 13479 E mm-camera: isp_validate_buf_request: total 4 current buffer count 4 for stream -2147418102
05-13 05:18:25.726   278 13479 E mm-camera: stats_action: stats mask = 0x7b8
05-13 05:18:25.727   278 13479 E mm-camera: isp_axi_util_subscribe_v4l2_event: event_type = 0x8000100, is_subscribe = 1
05-13 05:18:25.727   278 13449 E mm-camera: isp_ch_util_streamon: session_id = 1, sync ack done
05-13 05:18:25.728   278 13479 E mm-camera: isp_thread_proc_cmd: start/stop ack done, thread_data = 0xb3db8ee4, action_code = 1, rc = 0
05-13 05:18:25.728   278 13458 E mm-camera: isp_streamon: X, session_id = 1, rc = 0
05-13 05:18:25.728   278 13458 E mm-camera: port_isp_send_streamon_done_event_downstream: notify stream done downstream
05-13 05:18:25.728   278 13458 E mm-camera: port_isp_mct_ctrl_cmd: X, identity = 0x10002, STREAMON, ret = 0
05-13 05:18:25.729   278 13458 E mm-camera: ispif_proc_streamon: ispif_hw_reset done
05-13 05:18:25.729   278 13458 E mm-camera: stream id 2, stream num_meta 0
05-13 05:18:25.729   278 13458 E mm-camera: ispif_streamon: session_id = 1, active_streams = 1
05-13 05:18:25.729   278 13458 E mm-camera-sensor: sensor_set_aec_init_settings:before real_gain 1.000000, linecount 86
05-13 05:18:25.729   278 13458 E mm-camera-sensor: sensor_set_aec_init_settings:after real_gain 1.000000, linecount 86
05-13 05:18:25.729   278 13458 E mm-camera-sensor: module_sensor_stream_on:1202 ide 10002 SENSOR_START_STREAM
05-13 05:18:25.730   278 13458 E mm-camera-sensor: module_sensor_stream_on: Sending start bus message
05-13 05:18:25.730   278 13458 E mm-camera: start_sof_check_thread: Starting SOF timeout thread
05-13 05:18:25.730   278 13481 E mm-camera: mct_bus_sof_thread_run: thread_run = 1
05-13 05:18:25.735   278 13458 E mm-camera: mct_pipeline_process_set:command=800000e
05-13 05:18:25.735   278 13458 E mm-camera-sensor: module_sensor_event_control_set_parm:1824 CAM_INTF_PARM_LED_MODE 3 
05-13 05:18:25.735   278 13458 E mm-camera-sensor: 
05-13 05:18:25.736   278 13458 E mm-camera-sensor: module_sensor_event_control_set_parm:2038 fb_mode 0
05-13 05:18:25.738   278 13458 E mm-camera: mct_pipeline_process_set:command=800000e
05-13 05:18:25.738   278 13458 E mm-camera-sensor: module_sensor_event_control_set_parm:1824 CAM_INTF_PARM_LED_MODE 3 
05-13 05:18:25.738   278 13458 E mm-camera-sensor: 
05-13 05:18:25.739   278 13458 E mm-camera-sensor: module_sensor_event_control_set_parm:2038 fb_mode 0
05-13 05:18:25.801   278 13477 E mm-camera: la_hist_trigger_update: luma target from AEC = 0! use default LA curve
05-13 05:18:25.834   278 13477 E mm-camera: la_hist_trigger_update: luma target from AEC = 0! use default LA curve
05-13 05:18:25.838   269 13474 E QCamera2HWI: [KPI Perf] static void qcamera::QCamera2HardwareInterface::preview_stream_cb_routine(mm_camera_super_buf_t*, qcamera::QCameraStream*, void*) : PROFILE_FIRST_PREVIEW_FRAME
05-13 05:18:25.866   278 13477 E mm-camera: q3a_port_send_event_downstream: AEC event handler returned failure!
05-13 05:18:26.474   278 13458 E mm-camera: mct_pipeline_process_set:command=800000e
05-13 05:18:26.474   278 13458 E mm-camera-sensor: module_sensor_event_control_set_parm:1824 CAM_INTF_PARM_LED_MODE 0 
05-13 05:18:26.474   278 13458 E mm-camera-sensor: 
05-13 05:18:26.475   278 13458 E mm-camera-sensor: module_sensor_event_control_set_parm:2038 fb_mode 0
05-13 05:18:26.478   278 13458 E mm-camera: mct_pipeline_process_set:command=800000e
05-13 05:18:26.478   278 13458 E mm-camera-sensor: module_sensor_event_control_set_parm:1824 CAM_INTF_PARM_LED_MODE 0 
05-13 05:18:26.478   278 13458 E mm-camera-sensor: 
05-13 05:18:26.479   278 13458 E mm-camera-sensor: module_sensor_event_control_set_parm:2038 fb_mode 0
05-13 05:18:26.481   269  3076 E QCamera2HWI: [KPI Perf] static void qcamera::QCamera2HardwareInterface::stop_preview(camera_device*): E PROFILE_STOP_PREVIEW
05-13 05:18:26.482   278 13458 E mm-camera: mct_pipeline_process_set:command=8000009
05-13 05:18:26.482   278 13458 E mm-camera: mct_pipeline_process_set: stream_type = 1
05-13 05:18:26.482   278 13458 E mm-camera-sensor: module_sensor_module_process_event:2343 ide 10002 MCT_EVENT_CONTROL_STREAMOFF
05-13 05:18:26.482   278 13458 E mm-camera: port_isp_mct_ctrl_cmd: E, identity = 0x10002, STREAMOFF
05-13 05:18:26.482   278 13458 E mm-camera: is_port_handle_stream_event: MCT_EVENT_CONTROL_STREAMOFF, identity = 0x10002
05-13 05:18:26.482   278 13458 E mm-camera: c2d_module_handle_streamoff_event:1269, info: doing stream-off for identity 0x10002
05-13 05:18:26.482   278 13458 E mm-camera: module_afs_port_event_func:533] AFS_STREAOFF 10002
05-13 05:18:26.488   278 13458 E mm-camera: c2d_module_handle_streamoff_event:1388, info: stream-off done for identity 0x10002
05-13 05:18:26.488   278 13458 E mm-camera: cpp_module_handle_streamoff_event:1976] iden:0x10002, linked_params:0x0
05-13 05:18:26.488   278 13458 E mm-camera: cpp_hardware_process_streamoff:498] skip_iden:0x0, duplicate_stream_status:0x0
05-13 05:18:26.489   278 13458 E mm-camera: isp_streamoff: E, session_id = 1, stream_id = 2, active_count = 1
05-13 05:18:26.489   278 13449 E mm-camera: isp_proc_streamoff: E,session_id = 1, stream_id= 2, stream_type= 1 meta 0
05-13 05:18:26.489   278 13449 E mm-camera: isp_hw_action: last pix stop, pix_cnt = 1, cnt = 1
05-13 05:18:26.489   278 13479 E mm-camera: isp_thread_proc_cmd: start/stop, thread_data = 0xb3db8ee4, action_code = 2
05-13 05:18:26.489   278 13479 E mm-camera: isp_axi_util_subscribe_v4l2_event: event_type = 0x8000100, is_subscribe = 0
05-13 05:18:26.489   278 13468 E mm-camera-CORE: aec_process_pack_stats_config invalid inputs to translate dimensions for  fov 2 camif 
05-13 05:18:26.489   278 13468 E mm-camera: stats_port_event stop sending AEC_UPDATE
05-13 05:18:26.489   278 13449 E mm-camera: isp_ch_util_streamoff: session_id = 1, vfe_mask = 0x1, async streamoff, rc = 0
05-13 05:18:26.489   278 13449 E mm-camera: isp_hw_action: hw_thread for ack
05-13 05:18:26.555   278 13479 E mm-camera: isp_axi_unreg_buf: session_id = 1, stream_id = 2, buf_handle = 0x10000
05-13 05:18:26.555   278 13479 E mm-camera: stats_action_buf_config: cfg = 0, stats_mask = 0x7b8
05-13 05:18:26.557   278 13449 E mm-camera: isp_ch_util_streamoff: session_id = 1, sync ack done
05-13 05:18:26.557   278 13479 E mm-camera: isp_thread_proc_cmd: start/stop ack done, thread_data = 0xb3db8ee4, action_code = 3, rc = 0
05-13 05:18:26.557   278 13458 E mm-camera: isp_streamoff: X, session_id = 1, rc = 0
05-13 05:18:26.557   278 13458 E mm-camera: port_isp_mct_ctrl_cmd: X, identity = 0x10002, STREAMOFF, ret = 0
05-13 05:18:26.557   278 13458 E mm-camera: stream id 2, stream num_meta 0
05-13 05:18:26.557   278 13458 E mm-camera: ispif_streamoff: session_id = 1, active_streams = 0
05-13 05:18:26.557   278 13458 E mm-camera-sensor: module_sensor_is_ready_for_stream_off:779 any bundle started 0
05-13 05:18:26.557   278 13458 E mm-camera-sensor: module_sensor_module_process_event:2360 ide 10002 MCT_EVENT_CONTROL_STREAMOFF
05-13 05:18:26.557   278 13458 E mm-camera-sensor: module_sensor_module_process_event: Sending stop bus message
05-13 05:18:26.558   278 13458 E mm-camera: stop_sof_check_thread: Stopping SOF timeout thread
05-13 05:18:26.562   278 13458 E mm-camera: mct_pipeline_process_set:command=8000009
05-13 05:18:26.562   278 13458 E mm-camera: mct_pipeline_process_set: stream_type = 7
05-13 05:18:26.562   278 13468 E mm-camera: stats_port_event stop sending AWB_UPDATE
05-13 05:18:26.569   269 13441 E QCamera2HWI: int32_t qcamera::QCamera2HardwareInterface::delChannel(qcamera::qcamera_ch_type_enum_t): 0 X
05-13 05:18:26.569   269 13441 E QCamera2HWI: int32_t qcamera::QCamera2HardwareInterface::delChannel(qcamera::qcamera_ch_type_enum_t): 2 E
05-13 05:18:26.569   269 13441 E QCamera2HWI: int32_t qcamera::QCamera2HardwareInterface::delChannel(qcamera::qcamera_ch_type_enum_t): delChannel pChannel is null
05-13 05:18:26.570   269 13441 E mm-camera-intf: mm_camera_del_stream: E
05-13 05:18:26.570   269 13441 E mm-camera-intf: mm_stream_release:E
05-13 05:18:26.570   278 13458 E mm-camera: mct_pipeline_process_set:command=800000b
05-13 05:18:26.570   269 13441 E mm-camera-intf: mm_stream_release:X
05-13 05:18:26.570   269 13441 E mm-camera-intf: mm_camera_del_stream: X
05-13 05:18:26.570   269 13441 E mm-camera-intf: mm_camera_del_stream: E
05-13 05:18:26.571   269 13441 E mm-camera-intf: mm_stream_release:E
05-13 05:18:26.571   278 13458 E mm-camera: mct_pipeline_process_set:command=800000b
05-13 05:18:26.571   278 13458 E mm-camera: mct_stream_streamoff: Enter
05-13 05:18:26.571   278 13458 E mm-camera-sensor: port_sensor_unlink_func:230 ide 10002
05-13 05:18:26.571   278 13458 E mm-camera-sensor: port_sensor_caps_unreserve:193 ide 10002
05-13 05:18:26.571   278 13458 E mm-camera: c2d_port_check_caps_unreserve:170, identity=0x10002
05-13 05:18:26.571   278 13458 E mm-camera: c2d_port_check_caps_unreserve:179, identity=0x10002, unreserved
05-13 05:18:26.572   278 13458 E mm-camera: c2d_port_check_caps_unreserve:170, identity=0x10002
05-13 05:18:26.572   278 13458 E mm-camera: c2d_port_check_caps_unreserve:179, identity=0x10002, unreserved
05-13 05:18:26.572   278 13458 E mm-camera-img: faceproc_save_album:794] Error No album 
05-13 05:18:26.572   278 13458 E mm-camera-img: faceproc_comp_eng_destroy: Album save failed -1
05-13 05:18:26.572   278 13458 E mm-camera: q3a_thread_aecawb_stop:371 MSG_STOP_THREAD
05-13 05:18:26.573   278 13458 E mm-camera: is_port_unlink: port state = 3, identity = 0x10002
05-13 05:18:26.573   278 13458 E mm-camera: is_port_check_caps_unreserve: E, identity = 0x10002
05-13 05:18:26.573   278 13458 E mm-camera: is_port_check_caps_unreserve: port state = 4, identity = 0x10002
05-13 05:18:26.573   278 13458 E mm-camera: is_port_check_caps_unreserve: E, identity = 0x10002
05-13 05:18:26.573   278 13458 E mm-camera: is_port_check_caps_unreserve: port state = 5, identity = 0x10002
05-13 05:18:26.573   269 13441 E mm-camera-intf: mm_stream_release:X
05-13 05:18:26.573   269 13441 E mm-camera-intf: mm_camera_del_stream: X
05-13 05:18:26.573   269 13441 E mm-camera-intf: mm_camera_del_channel: E
05-13 05:18:26.573   269 13441 E mm-camera-intf: mm_camera_del_channel: X
05-13 05:18:26.573   269 13441 E QCamera2HWI: int32_t qcamera::QCamera2HardwareInterface::delChannel(qcamera::qcamera_ch_type_enum_t): 2 X
05-13 05:18:26.573   269 13441 E QCamera2HWI: int32_t qcamera::QCamera2HardwareInterface::delChannel(qcamera::qcamera_ch_type_enum_t): 3 X
05-13 05:18:26.573   269 13441 E QCamera2HWI: int32_t qcamera::QCamera2HardwareInterface::delChannel(qcamera::qcamera_ch_type_enum_t): 4 X
05-13 05:18:26.576   269  3076 E QCameraPostProc: int32_t qcamera::QCameraPostProcessor::stop(): stop
05-13 05:18:26.577   269 13464 E QCameraPostProc: static void* qcamera::QCameraPostProcessor::supZoomRoutine(void*): X
05-13 05:18:26.577   269  3076 E mm-jpeg-intf: mm_jpeg_close:2479] E
05-13 05:18:26.577   269  3076 E mm-jpeg-intf: mm_jpeg_close:2484] 
05-13 05:18:26.577   269  3076 E mm-jpeg-intf: mm_jpeg_close:2492] 
05-13 05:18:26.577   269  3076 E mm-jpeg-intf: mm_jpeg_close:2502] 
05-13 05:18:26.577   269  3076 E mm-jpeg-intf: mm_jpeg_close:2509] X
05-13 05:18:26.577   269  3076 E qomx_image_core: OMX_Deinit:118] Complete
05-13 05:18:26.578   269  3076 E QCameraPostProc: int32_t qcamera::QCameraPostProcessor::deinit(): Jpeg closed, rc = 0, mJpegClientHandle = 500
05-13 05:18:26.580   278 13458 E mm-camera: mct_pipeline_process_set:command=800000b
05-13 05:18:26.580   278 13458 E mm-camera: mct_pipeline_get_stream: no children
05-13 05:18:26.580   278 13458 E mm-camera: mct_pipeline_process_set:1380: Couldn't find stream
05-13 05:18:26.580   278   278 E mm-camera: [mct_controller_destroy], session id=1 E
05-13 05:18:26.581   278   278 E mm-camera-sensor: module_sensor_stop_session:598 session 1
05-13 05:18:26.602   278   278 E mm-camera-sensor: module_sensor_deinit_session:499 module_sensor_deinit_session: open qcom_flash failed
05-13 05:18:26.602   278 13455 E mm-camera-sensor: Got some events
05-13 05:18:26.602   278 13455 E mm-camera-sensor: sensor_thread_func:125 sensor_thread_func:Sensor thread is exiting
05-13 05:18:26.604   278   278 E mm-camera: stats_module_stop_session: list =0xb41fc2f0, remove port =0xb3803000 name=stats_sink from module=0xb68a40e0, name=stats
05-13 05:18:26.604   278   278 E mm-camera: stats_module_stop_session: 1 port =0xb3803000 name=stats_sink 
05-13 05:18:26.604   278   278 E mm-camera: stats_module_stop_session: 2 port =0xb3803000 name=stats_sink 
05-13 05:18:26.604   278   278 E mm-camera: is_module_stop_session: Enter
05-13 05:18:26.604   278   278 E mm-camera: is_module_stop_session: Exit successful
05-13 05:18:26.604   278   278 E mm-camera: gyro_module_stop_session: Enter
05-13 05:18:26.605   278   278 E mm-camera: gyro_port_deinit: Deinit DSPS
05-13 05:18:26.606   278   278 E mm-camera: gyro_port_deinit: DSPS deinited
05-13 05:18:26.606   278   278 E mm-camera: gyro_module_stop_session: Exit successful
05-13 05:18:26.606   278   278 E mm-camera: stats_module_stop_session: 3 port =0xb3803000 name=stats_sink 
05-13 05:18:26.608   278   278 E mm-camera: c2d_module_stop_session:312, info: stopping session 1 ...
05-13 05:18:26.608   278 13457 E mm-camera: c2d_thread_process_pipe_message:688, C2D_THREAD_MSG_ABORT: c2d_thread exiting..
05-13 05:18:26.608   278   278 E mm-camera: c2d_module_stop_session:354, info: session 1 stopped.
05-13 05:18:26.608   278   278 E mm-camera: [mct_controller_destroy] X
05-13 05:18:30.720  2533  2951 E flymed_connector: Communications error: java.io.IOException: No such file or directory
05-13 05:18:30.721  2533  2951 E flymed_connector: Error in NativeDaemonConnector: java.io.IOException: No such file or directory
05-13 05:18:35.724  2533  2951 E flymed_connector: Communications error: java.io.IOException: No such file or directory
05-13 05:18:35.727  2533  2951 E flymed_connector: Error in NativeDaemonConnector: java.io.IOException: No such file or directory
05-13 05:18:38.312  6718 13563 E ActivityThread: Failed to find provider info for com.android.contacts
05-13 05:18:38.318  6718 13563 E ActivityThread: Failed to find provider info for com.android.contacts
05-13 05:18:38.712   266  3091 E OMXNodeInstance: setConfig(10a003e:google.vorbis.decoder, ConfigPriority(0x6f800002)) ERROR: Undefined(0x80001001)
05-13 05:18:40.730  2533  2951 E flymed_connector: Communications error: java.io.IOException: No such file or directory
05-13 05:18:40.731  2533  2951 E flymed_connector: Error in NativeDaemonConnector: java.io.IOException: No such file or directory
05-13 05:18:45.732  2533  2951 E flymed_connector: Communications error: java.io.IOException: No such file or directory
05-13 05:18:45.733  2533  2951 E flymed_connector: Error in NativeDaemonConnector: java.io.IOException: No such file or directory
05-13 05:18:50.531  2533  2587 E KernelWakelockReader: neither /proc/wakelocks nor /d/wakeup_sources exists
05-13 05:18:50.704  2533  2587 E KernelWakelockReader: neither /proc/wakelocks nor /d/wakeup_sources exists
05-13 05:18:50.734  2533  2951 E flymed_connector: Communications error: java.io.IOException: No such file or directory
05-13 05:18:50.735  2533  2951 E flymed_connector: Error in NativeDaemonConnector: java.io.IOException: No such file or directory
05-13 05:18:51.124  4197  4197 E Launcher: Error start clone app: java.lang.NoSuchFieldException: No field mCloneId in class Landroid/content/Intent; (declaration of 'android.content.Intent' appears in /system/framework/framework.jar)
05-13 05:18:51.278 13760 13760 E cutils-trace: Error opening trace file: No such file or directory (2)
05-13 05:18:51.282 13762 13762 E cutils-trace: Error opening trace file: No such file or directory (2)
05-13 05:18:51.397 13715 13771 E DebugLogger: isOnDebug false debugConfig false isDebuggable false
05-13 05:18:51.415 13715 13743 E BreakingScamContentProv: uri=content://com.meizu.breakingscam.provider.BreakingScamContentProvider/breakingscam_status
05-13 05:18:51.437 13715 13715 E HeadlessTaskService: onStartCommand ########## 1
05-13 05:18:51.439 13715 13715 E HeadlessTaskService: ########### 2003
05-13 05:18:51.455 13715 13715 E HeadlessTaskService: onStartCommand ########## 2
05-13 05:18:51.455 13715 13715 E HeadlessTaskService: ########### 2006
05-13 05:18:55.736  2533  2951 E flymed_connector: Communications error: java.io.IOException: No such file or directory
05-13 05:18:55.737  2533  2951 E flymed_connector: Error in NativeDaemonConnector: java.io.IOException: No such file or directory
05-13 05:19:00.738  2533  2951 E flymed_connector: Communications error: java.io.IOException: No such file or directory
05-13 05:19:00.740  2533  2951 E flymed_connector: Error in NativeDaemonConnector: java.io.IOException: No such file or directory
05-13 05:19:04.802  2533  2581 E BatteryStatsService: no controller energy info supplied
05-13 05:19:04.802  2533  2581 E BatteryStatsService: no controller energy info supplied
05-13 05:19:04.818  2533  2581 E KernelWakelockReader: neither /proc/wakelocks nor /d/wakeup_sources exists
05-13 05:19:04.822  2533  2581 E BatteryStatsService: modem info is invalid: ModemActivityInfo{ mTimestamp=0 mSleepTimeMs=0 mIdleTimeMs=0 mTxTimeMs[]=[0, 0, 0, 0, 0] mRxTimeMs=0 mEnergyUsed=0}
05-13 05:19:05.742  2533  2951 E flymed_connector: Communications error: java.io.IOException: No such file or directory
05-13 05:19:05.745  2533  2951 E flymed_connector: Error in NativeDaemonConnector: java.io.IOException: No such file or directory
05-13 05:19:06.776  2533  2587 E KernelWakelockReader: neither /proc/wakelocks nor /d/wakeup_sources exists
05-13 05:19:07.123 13715 13741 E BreakingScamContentProv: uri=content://com.meizu.breakingscam.provider.BreakingScamContentProvider/breakingscam_status
05-13 05:19:07.152 13715 13763 E BreakingScamContentProv: uri=content://com.meizu.breakingscam.provider.BreakingScamContentProvider/breakingscam_status
05-13 05:19:08.473  2533  2587 E KernelWakelockReader: neither /proc/wakelocks nor /d/wakeup_sources exists
05-13 05:19:10.749  2533  2951 E flymed_connector: Communications error: java.io.IOException: No such file or directory
05-13 05:19:10.752  2533  2951 E flymed_connector: Error in NativeDaemonConnector: java.io.IOException: No such file or directory
05-13 05:19:15.755  2533  2951 E flymed_connector: Communications error: java.io.IOException: No such file or directory
05-13 05:19:15.758  2533  2951 E flymed_connector: Error in NativeDaemonConnector: java.io.IOException: No such file or directory
05-13 05:19:20.763  2533  2951 E flymed_connector: Communications error: java.io.IOException: No such file or directory
05-13 05:19:20.767  2533  2951 E flymed_connector: Error in NativeDaemonConnector: java.io.IOException: No such file or directory
05-13 05:19:25.771  2533  2951 E flymed_connector: Communications error: java.io.IOException: No such file or directory
05-13 05:19:25.774  2533  2951 E flymed_connector: Error in NativeDaemonConnector: java.io.IOException: No such file or directory
05-13 05:19:30.778  2533  2951 E flymed_connector: Communications error: java.io.IOException: No such file or directory
05-13 05:19:30.781  2533  2951 E flymed_connector: Error in NativeDaemonConnector: java.io.IOException: No such file or directory
05-13 05:19:32.754  2533  2587 E KernelWakelockReader: neither /proc/wakelocks nor /d/wakeup_sources exists
05-13 05:19:33.097 13715 13763 E BreakingScamContentProv: uri=content://com.meizu.breakingscam.provider.BreakingScamContentProvider/breakingscam_status
05-13 05:19:33.143 13715 13743 E BreakingScamContentProv: uri=content://com.meizu.breakingscam.provider.BreakingScamContentProvider/breakingscam_status
05-13 05:19:35.789  2533  2951 E flymed_connector: Communications error: java.io.IOException: No such file or directory
05-13 05:19:35.793  2533  2951 E flymed_connector: Error in NativeDaemonConnector: java.io.IOException: No such file or directory
05-13 05:19:40.799  2533  2951 E flymed_connector: Communications error: java.io.IOException: No such file or directory
05-13 05:19:40.803  2533  2951 E flymed_connector: Error in NativeDaemonConnector: java.io.IOException: No such file or directory
05-13 05:19:45.808  2533  2951 E flymed_connector: Communications error: java.io.IOException: No such file or directory
05-13 05:19:45.811  2533  2951 E flymed_connector: Error in NativeDaemonConnector: java.io.IOException: No such file or directory
05-13 05:19:50.815  2533  2951 E flymed_connector: Communications error: java.io.IOException: No such file or directory
05-13 05:19:50.817  2533  2951 E flymed_connector: Error in NativeDaemonConnector: java.io.IOException: No such file or directory
05-13 05:19:55.846  2533  2951 E flymed_connector: Communications error: java.io.IOException: No such file or directory
05-13 05:19:55.851  2533  2951 E flymed_connector: Error in NativeDaemonConnector: java.io.IOException: No such file or directory
05-13 05:19:59.602  3304  3304 E TelephonyConnectionService: Exception: java.lang.NullPointerException: Attempt to invoke interface method 'boolean org.codeaurora.internal.IExtTelephony.isLocalEmergencyNumber(java.lang.String)' on a null object reference
05-13 05:19:59.647  2533  2587 E KernelWakelockReader: neither /proc/wakelocks nor /d/wakeup_sources exists
05-13 05:19:59.706 13715 13715 E HeadlessTaskService: onStartCommand ########## 1
05-13 05:19:59.715 13715 13715 E HeadlessTaskService: ########### 2004
05-13 05:19:59.721  2533 13992 E ActivityThread: Failed to find provider info for com.android.contacts
05-13 05:19:59.721  2533 13992 E ActivityThread: Failed to find provider info for call_log
05-13 05:20:00.854  2533  2951 E flymed_connector: Communications error: java.io.IOException: No such file or directory
05-13 05:20:00.858  2533  2951 E flymed_connector: Error in NativeDaemonConnector: java.io.IOException: No such file or directory
05-13 05:20:01.748   272   390 E SHM     : check_system_health: Failed to open /dev/system_health_monitor - errno 2
05-13 05:20:05.864  2533  2951 E flymed_connector: Communications error: java.io.IOException: No such file or directory
05-13 05:20:05.867  2533  2951 E flymed_connector: Error in NativeDaemonConnector: java.io.IOException: No such file or directory
05-13 05:20:10.068  2533  2587 E KernelWakelockReader: neither /proc/wakelocks nor /d/wakeup_sources exists
05-13 05:20:10.412 13715 13763 E BreakingScamContentProv: uri=content://com.meizu.breakingscam.provider.BreakingScamContentProvider/breakingscam_status
05-13 05:20:10.453 13715 13741 E BreakingScamContentProv: uri=content://com.meizu.breakingscam.provider.BreakingScamContentProvider/breakingscam_status
05-13 05:20:10.872  2533  2951 E flymed_connector: Communications error: java.io.IOException: No such file or directory
05-13 05:20:10.875  2533  2951 E flymed_connector: Error in NativeDaemonConnector: java.io.IOException: No such file or directory
05-13 05:20:15.883  2533  2951 E flymed_connector: Communications error: java.io.IOException: No such file or directory
05-13 05:20:15.886  2533  2951 E flymed_connector: Error in NativeDaemonConnector: java.io.IOException: No such file or directory
05-13 05:20:20.889  2533  2951 E flymed_connector: Communications error: java.io.IOException: No such file or directory
05-13 05:20:20.892  2533  2951 E flymed_connector: Error in NativeDaemonConnector: java.io.IOException: No such file or directory
05-13 05:20:25.902  2533  2951 E flymed_connector: Communications error: java.io.IOException: No such file or directory
05-13 05:20:25.907  2533  2951 E flymed_connector: Error in NativeDaemonConnector: java.io.IOException: No such file or directory
05-13 05:20:30.913  2533  2951 E flymed_connector: Communications error: java.io.IOException: No such file or directory
05-13 05:20:30.918  2533  2951 E flymed_connector: Error in NativeDaemonConnector: java.io.IOException: No such file or directory
05-13 05:20:32.856  2533  2581 E BatteryStatsService: no controller energy info supplied
05-13 05:20:32.856  2533  2581 E BatteryStatsService: no controller energy info supplied
05-13 05:20:32.884  2533  2581 E KernelWakelockReader: neither /proc/wakelocks nor /d/wakeup_sources exists
05-13 05:20:32.888  2533  2581 E BatteryStatsService: modem info is invalid: ModemActivityInfo{ mTimestamp=0 mSleepTimeMs=0 mIdleTimeMs=0 mTxTimeMs[]=[0, 0, 0, 0, 0] mRxTimeMs=0 mEnergyUsed=0}
05-13 05:20:35.923  2533  2951 E flymed_connector: Communications error: java.io.IOException: No such file or directory
05-13 05:20:35.927  2533  2951 E flymed_connector: Error in NativeDaemonConnector: java.io.IOException: No such file or directory
05-13 05:20:40.935  2533  2951 E flymed_connector: Communications error: java.io.IOException: No such file or directory
05-13 05:20:40.940  2533  2951 E flymed_connector: Error in NativeDaemonConnector: java.io.IOException: No such file or directory
05-13 05:20:45.947  2533  2951 E flymed_connector: Communications error: java.io.IOException: No such file or directory
05-13 05:20:45.950  2533  2951 E flymed_connector: Error in NativeDaemonConnector: java.io.IOException: No such file or directory
05-13 05:20:50.956  2533  2951 E flymed_connector: Communications error: java.io.IOException: No such file or directory
05-13 05:20:50.958  2533  2951 E flymed_connector: Error in NativeDaemonConnector: java.io.IOException: No such file or directory
05-13 05:20:55.964  2533  2951 E flymed_connector: Communications error: java.io.IOException: No such file or directory
05-13 05:20:55.968  2533  2951 E flymed_connector: Error in NativeDaemonConnector: java.io.IOException: No such file or directory
05-13 05:21:00.987  2533  2951 E flymed_connector: Communications error: java.io.IOException: No such file or directory
05-13 05:21:00.991  2533  2951 E flymed_connector: Error in NativeDaemonConnector: java.io.IOException: No such file or directory
05-13 05:21:05.997  2533  2951 E flymed_connector: Communications error: java.io.IOException: No such file or directory
05-13 05:21:06.001  2533  2951 E flymed_connector: Error in NativeDaemonConnector: java.io.IOException: No such file or directory
05-13 05:21:11.006  2533  2951 E flymed_connector: Communications error: java.io.IOException: No such file or directory
05-13 05:21:11.010  2533  2951 E flymed_connector: Error in NativeDaemonConnector: java.io.IOException: No such file or directory
05-13 05:21:12.472  2992  3583 E Logger  : 
05-13 05:21:16.019  2533  2951 E flymed_connector: Communications error: java.io.IOException: No such file or directory
05-13 05:21:16.023  2533  2951 E flymed_connector: Error in NativeDaemonConnector: java.io.IOException: No such file or directory
05-13 05:21:21.026  2533  2951 E flymed_connector: Communications error: java.io.IOException: No such file or directory
05-13 05:21:21.027  2533  2951 E flymed_connector: Error in NativeDaemonConnector: java.io.IOException: No such file or directory
05-13 05:21:23.103  4319  5302 E Logger  : 
05-13 05:21:25.430  4457  5464 E Logger  : 
05-13 05:21:26.031  2533  2951 E flymed_connector: Communications error: java.io.IOException: No such file or directory
05-13 05:21:26.034  2533  2951 E flymed_connector: Error in NativeDaemonConnector: java.io.IOException: No such file or directory
05-13 05:21:31.042  2533  2951 E flymed_connector: Communications error: java.io.IOException: No such file or directory
05-13 05:21:31.046  2533  2951 E flymed_connector: Error in NativeDaemonConnector: java.io.IOException: No such file or directory
05-13 05:34:55.539  2533  2951 E flymed_connector: Communications error: java.io.IOException: No such file or directory
05-13 05:34:55.542  2533  2951 E flymed_connector: Error in NativeDaemonConnector: java.io.IOException: No such file or directory
05-13 05:44:50.674  2533  2587 E KernelWakelockReader: neither /proc/wakelocks nor /d/wakeup_sources exists
05-13 05:44:51.201  2533  4119 E MmsServiceBroker: Can not connect to MmsService (timed out)
05-13 05:44:51.225  2533  2533 E NotificationService: Not posting notification without small icon: Notification(pri=-2 contentView=com.android.mms/0x109008b vibrate=null sound=null defaults=0x0 flags=0x10000062 color=0xff607d8b vis=PRIVATE)
05-13 05:44:51.225  2533  2533 E NotificationService: WARNING: In a future release this will crash the app: com.android.mms
05-13 05:44:53.014  4197  4197 E Launcher: Error start clone app: java.lang.NoSuchFieldException: No field mCloneId in class Landroid/content/Intent; (declaration of 'android.content.Intent' appears in /system/framework/framework.jar)
05-13 05:44:55.086  2533  2951 E flymed_connector: Communications error: java.io.IOException: No such file or directory
05-13 05:44:55.087  2533  2951 E flymed_connector: Error in NativeDaemonConnector: java.io.IOException: No such file or directory
05-13 05:44:58.507 14292 14301 E System  : Uncaught exception thrown by finalizer
05-13 05:44:58.508 14292 14301 E System  : java.lang.UnsatisfiedLinkError: No implementation found for void libcore.icu.Transliterator.destroy(long) (tried Java_libcore_icu_Transliterator_destroy and Java_libcore_icu_Transliterator_destroy__J)
05-13 05:44:58.508 14292 14301 E System  : 	at libcore.icu.Transliterator.destroy(Native Method)
05-13 05:44:58.508 14292 14301 E System  : 	at libcore.icu.Transliterator.finalize(SourceFile:37)
05-13 05:44:58.508 14292 14301 E System  : 	at java.lang.Daemons$FinalizerDaemon.doFinalize(Daemons.java:222)
05-13 05:44:58.508 14292 14301 E System  : 	at java.lang.Daemons$FinalizerDaemon.run(Daemons.java:209)
05-13 05:44:58.508 14292 14301 E System  : 	at java.lang.Thread.run(Thread.java:761)
05-13 05:44:58.508 14292 14301 E art     : No implementation found for void libcore.icu.Transliterator.destroy(long) (tried Java_libcore_icu_Transliterator_destroy and Java_libcore_icu_Transliterator_destroy__J)
05-13 05:44:58.508 14292 14301 E System  : Uncaught exception thrown by finalizer
05-13 05:44:58.508 14292 14301 E System  : java.lang.UnsatisfiedLinkError: No implementation found for void libcore.icu.Transliterator.destroy(long) (tried Java_libcore_icu_Transliterator_destroy and Java_libcore_icu_Transliterator_destroy__J)
05-13 05:44:58.508 14292 14301 E System  : 	at libcore.icu.Transliterator.destroy(Native Method)
05-13 05:44:58.508 14292 14301 E System  : 	at libcore.icu.Transliterator.finalize(SourceFile:37)
05-13 05:44:58.508 14292 14301 E System  : 	at java.lang.Daemons$FinalizerDaemon.doFinalize(Daemons.java:222)
05-13 05:44:58.508 14292 14301 E System  : 	at java.lang.Daemons$FinalizerDaemon.run(Daemons.java:209)
05-13 05:44:58.508 14292 14301 E System  : 	at java.lang.Thread.run(Thread.java:761)
05-13 05:44:58.508 14292 14301 E art     : No implementation found for void libcore.icu.Transliterator.destroy(long) (tried Java_libcore_icu_Transliterator_destroy and Java_libcore_icu_Transliterator_destroy__J)
05-13 05:44:58.508 14292 14301 E System  : Uncaught exception thrown by finalizer
05-13 05:44:58.508 14292 14301 E System  : java.lang.UnsatisfiedLinkError: No implementation found for void libcore.icu.Transliterator.destroy(long) (tried Java_libcore_icu_Transliterator_destroy and Java_libcore_icu_Transliterator_destroy__J)
05-13 05:44:58.508 14292 14301 E System  : 	at libcore.icu.Transliterator.destroy(Native Method)
05-13 05:44:58.508 14292 14301 E System  : 	at libcore.icu.Transliterator.finalize(SourceFile:37)
05-13 05:44:58.508 14292 14301 E System  : 	at java.lang.Daemons$FinalizerDaemon.doFinalize(Daemons.java:222)
05-13 05:44:58.508 14292 14301 E System  : 	at java.lang.Daemons$FinalizerDaemon.run(Daemons.java:209)
05-13 05:44:58.508 14292 14301 E System  : 	at java.lang.Thread.run(Thread.java:761)
05-13 05:44:58.508 14292 14301 E art     : No implementation found for void libcore.icu.Transliterator.destroy(long) (tried Java_libcore_icu_Transliterator_destroy and Java_libcore_icu_Transliterator_destroy__J)
05-13 05:44:58.508 14292 14301 E System  : Uncaught exception thrown by finalizer
05-13 05:44:58.509 14292 14301 E System  : java.lang.UnsatisfiedLinkError: No implementation found for void libcore.icu.Transliterator.destroy(long) (tried Java_libcore_icu_Transliterator_destroy and Java_libcore_icu_Transliterator_destroy__J)
05-13 05:44:58.509 14292 14301 E System  : 	at libcore.icu.Transliterator.destroy(Native Method)
05-13 05:44:58.509 14292 14301 E System  : 	at libcore.icu.Transliterator.finalize(SourceFile:37)
05-13 05:44:58.509 14292 14301 E System  : 	at java.lang.Daemons$FinalizerDaemon.doFinalize(Daemons.java:222)
05-13 05:44:58.509 14292 14301 E System  : 	at java.lang.Daemons$FinalizerDaemon.run(Daemons.java:209)
05-13 05:44:58.509 14292 14301 E System  : 	at java.lang.Thread.run(Thread.java:761)
05-13 05:44:58.509 14292 14301 E art     : No implementation found for void libcore.icu.Transliterator.destroy(long) (tried Java_libcore_icu_Transliterator_destroy and Java_libcore_icu_Transliterator_destroy__J)
05-13 05:44:58.509 14292 14301 E System  : Uncaught exception thrown by finalizer
05-13 05:44:58.509 14292 14301 E System  : java.lang.UnsatisfiedLinkError: No implementation found for void libcore.icu.Transliterator.destroy(long) (tried Java_libcore_icu_Transliterator_destroy and Java_libcore_icu_Transliterator_destroy__J)
05-13 05:44:58.509 14292 14301 E System  : 	at libcore.icu.Transliterator.destroy(Native Method)
05-13 05:44:58.509 14292 14301 E System  : 	at libcore.icu.Transliterator.finalize(SourceFile:37)
05-13 05:44:58.509 14292 14301 E System  : 	at java.lang.Daemons$FinalizerDaemon.doFinalize(Daemons.java:222)
05-13 05:44:58.509 14292 14301 E System  : 	at java.lang.Daemons$FinalizerDaemon.run(Daemons.java:209)
05-13 05:44:58.509 14292 14301 E System  : 	at java.lang.Thread.run(Thread.java:761)
05-13 05:44:58.509 14292 14301 E art     : No implementation found for void libcore.icu.Transliterator.destroy(long) (tried Java_libcore_icu_Transliterator_destroy and Java_libcore_icu_Transliterator_destroy__J)
05-13 05:44:58.509 14292 14301 E System  : Uncaught exception thrown by finalizer
05-13 05:44:58.509 14292 14301 E System  : java.lang.UnsatisfiedLinkError: No implementation found for void libcore.icu.Transliterator.destroy(long) (tried Java_libcore_icu_Transliterator_destroy and Java_libcore_icu_Transliterator_destroy__J)
05-13 05:44:58.509 14292 14301 E System  : 	at libcore.icu.Transliterator.destroy(Native Method)
05-13 05:44:58.509 14292 14301 E System  : 	at libcore.icu.Transliterator.finalize(SourceFile:37)
05-13 05:44:58.509 14292 14301 E System  : 	at java.lang.Daemons$FinalizerDaemon.doFinalize(Daemons.java:222)
05-13 05:44:58.509 14292 14301 E System  : 	at java.lang.Daemons$FinalizerDaemon.run(Daemons.java:209)
05-13 05:44:58.509 14292 14301 E System  : 	at java.lang.Thread.run(Thread.java:761)
05-13 05:44:58.509 14292 14301 E art     : No implementation found for void libcore.icu.Transliterator.destroy(long) (tried Java_libcore_icu_Transliterator_destroy and Java_libcore_icu_Transliterator_destroy__J)
05-13 05:44:58.509 14292 14301 E System  : Uncaught exception thrown by finalizer
05-13 05:44:58.509 14292 14301 E System  : java.lang.UnsatisfiedLinkError: No implementation found for void libcore.icu.Transliterator.destroy(long) (tried Java_libcore_icu_Transliterator_destroy and Java_libcore_icu_Transliterator_destroy__J)
05-13 05:44:58.509 14292 14301 E System  : 	at libcore.icu.Transliterator.destroy(Native Method)
05-13 05:44:58.509 14292 14301 E System  : 	at libcore.icu.Transliterator.finalize(SourceFile:37)
05-13 05:44:58.509 14292 14301 E System  : 	at java.lang.Daemons$FinalizerDaemon.doFinalize(Daemons.java:222)
05-13 05:44:58.509 14292 14301 E System  : 	at java.lang.Daemons$FinalizerDaemon.run(Daemons.java:209)
05-13 05:44:58.509 14292 14301 E System  : 	at java.lang.Thread.run(Thread.java:761)
05-13 05:44:58.510 14292 14301 E art     : No implementation found for void libcore.icu.Transliterator.destroy(long) (tried Java_libcore_icu_Transliterator_destroy and Java_libcore_icu_Transliterator_destroy__J)
05-13 05:44:58.510 14292 14301 E System  : Uncaught exception thrown by finalizer
05-13 05:44:58.510 14292 14301 E System  : java.lang.UnsatisfiedLinkError: No implementation found for void libcore.icu.Transliterator.destroy(long) (tried Java_libcore_icu_Transliterator_destroy and Java_libcore_icu_Transliterator_destroy__J)
05-13 05:44:58.510 14292 14301 E System  : 	at libcore.icu.Transliterator.destroy(Native Method)
05-13 05:44:58.510 14292 14301 E System  : 	at libcore.icu.Transliterator.finalize(SourceFile:37)
05-13 05:44:58.510 14292 14301 E System  : 	at java.lang.Daemons$FinalizerDaemon.doFinalize(Daemons.java:222)
05-13 05:44:58.510 14292 14301 E System  : 	at java.lang.Daemons$FinalizerDaemon.run(Daemons.java:209)
05-13 05:44:58.510 14292 14301 E System  : 	at java.lang.Thread.run(Thread.java:761)
05-13 05:44:58.510 14292 14301 E art     : No implementation found for void libcore.icu.Transliterator.destroy(long) (tried Java_libcore_icu_Transliterator_destroy and Java_libcore_icu_Transliterator_destroy__J)
05-13 05:44:58.510 14292 14301 E System  : Uncaught exception thrown by finalizer
05-13 05:44:58.510 14292 14301 E System  : java.lang.UnsatisfiedLinkError: No implementation found for void libcore.icu.Transliterator.destroy(long) (tried Java_libcore_icu_Transliterator_destroy and Java_libcore_icu_Transliterator_destroy__J)
05-13 05:44:58.510 14292 14301 E System  : 	at libcore.icu.Transliterator.destroy(Native Method)
05-13 05:44:58.510 14292 14301 E System  : 	at libcore.icu.Transliterator.finalize(SourceFile:37)
05-13 05:44:58.510 14292 14301 E System  : 	at java.lang.Daemons$FinalizerDaemon.doFinalize(Daemons.java:222)
05-13 05:44:58.510 14292 14301 E System  : 	at java.lang.Daemons$FinalizerDaemon.run(Daemons.java:209)
05-13 05:44:58.510 14292 14301 E System  : 	at java.lang.Thread.run(Thread.java:761)
05-13 05:44:58.510 14292 14301 E art     : No implementation found for void libcore.icu.Transliterator.destroy(long) (tried Java_libcore_icu_Transliterator_destroy and Java_libcore_icu_Transliterator_destroy__J)
05-13 05:44:58.510 14292 14301 E System  : Uncaught exception thrown by finalizer
05-13 05:44:58.511 14292 14301 E System  : java.lang.UnsatisfiedLinkError: No implementation found for void libcore.icu.Transliterator.destroy(long) (tried Java_libcore_icu_Transliterator_destroy and Java_libcore_icu_Transliterator_destroy__J)
05-13 05:44:58.511 14292 14301 E System  : 	at libcore.icu.Transliterator.destroy(Native Method)
05-13 05:44:58.511 14292 14301 E System  : 	at libcore.icu.Transliterator.finalize(SourceFile:37)
05-13 05:44:58.511 14292 14301 E System  : 	at java.lang.Daemons$FinalizerDaemon.doFinalize(Daemons.java:222)
05-13 05:44:58.511 14292 14301 E System  : 	at java.lang.Daemons$FinalizerDaemon.run(Daemons.java:209)
05-13 05:44:58.511 14292 14301 E System  : 	at java.lang.Thread.run(Thread.java:761)
05-13 05:44:58.511 14292 14301 E art     : No implementation found for void libcore.icu.Transliterator.destroy(long) (tried Java_libcore_icu_Transliterator_destroy and Java_libcore_icu_Transliterator_destroy__J)
05-13 05:44:58.511 14292 14301 E System  : Uncaught exception thrown by finalizer
05-13 05:44:58.511 14292 14301 E System  : java.lang.UnsatisfiedLinkError: No implementation found for void libcore.icu.Transliterator.destroy(long) (tried Java_libcore_icu_Transliterator_destroy and Java_libcore_icu_Transliterator_destroy__J)
05-13 05:44:58.511 14292 14301 E System  : 	at libcore.icu.Transliterator.destroy(Native Method)
05-13 05:44:58.511 14292 14301 E System  : 	at libcore.icu.Transliterator.finalize(SourceFile:37)
05-13 05:44:58.511 14292 14301 E System  : 	at java.lang.Daemons$FinalizerDaemon.doFinalize(Daemons.java:222)
05-13 05:44:58.511 14292 14301 E System  : 	at java.lang.Daemons$FinalizerDaemon.run(Daemons.java:209)
05-13 05:44:58.511 14292 14301 E System  : 	at java.lang.Thread.run(Thread.java:761)
05-13 05:44:58.511 14292 14301 E art     : No implementation found for void libcore.icu.Transliterator.destroy(long) (tried Java_libcore_icu_Transliterator_destroy and Java_libcore_icu_Transliterator_destroy__J)
05-13 05:44:58.511 14292 14301 E System  : Uncaught exception thrown by finalizer
05-13 05:44:58.511 14292 14301 E System  : java.lang.UnsatisfiedLinkError: No implementation found for void libcore.icu.Transliterator.destroy(long) (tried Java_libcore_icu_Transliterator_destroy and Java_libcore_icu_Transliterator_destroy__J)
05-13 05:44:58.511 14292 14301 E System  : 	at libcore.icu.Transliterator.destroy(Native Method)
05-13 05:44:58.511 14292 14301 E System  : 	at libcore.icu.Transliterator.finalize(SourceFile:37)
05-13 05:44:58.511 14292 14301 E System  : 	at java.lang.Daemons$FinalizerDaemon.doFinalize(Daemons.java:222)
05-13 05:44:58.511 14292 14301 E System  : 	at java.lang.Daemons$FinalizerDaemon.run(Daemons.java:209)
05-13 05:44:58.511 14292 14301 E System  : 	at java.lang.Thread.run(Thread.java:761)
05-13 05:44:58.511 14292 14301 E art     : No implementation found for void libcore.icu.Transliterator.destroy(long) (tried Java_libcore_icu_Transliterator_destroy and Java_libcore_icu_Transliterator_destroy__J)
05-13 05:44:58.511 14292 14301 E System  : Uncaught exception thrown by finalizer
05-13 05:44:58.512 14292 14301 E System  : java.lang.UnsatisfiedLinkError: No implementation found for void libcore.icu.Transliterator.destroy(long) (tried Java_libcore_icu_Transliterator_destroy and Java_libcore_icu_Transliterator_destroy__J)
05-13 05:44:58.512 14292 14301 E System  : 	at libcore.icu.Transliterator.destroy(Native Method)
05-13 05:44:58.512 14292 14301 E System  : 	at libcore.icu.Transliterator.finalize(SourceFile:37)
05-13 05:44:58.512 14292 14301 E System  : 	at java.lang.Daemons$FinalizerDaemon.doFinalize(Daemons.java:222)
05-13 05:44:58.512 14292 14301 E System  : 	at java.lang.Daemons$FinalizerDaemon.run(Daemons.java:209)
05-13 05:44:58.512 14292 14301 E System  : 	at java.lang.Thread.run(Thread.java:761)
05-13 05:44:58.512 14292 14301 E art     : No implementation found for void libcore.icu.Transliterator.destroy(long) (tried Java_libcore_icu_Transliterator_destroy and Java_libcore_icu_Transliterator_destroy__J)
05-13 05:44:58.512 14292 14301 E System  : Uncaught exception thrown by finalizer
05-13 05:44:58.512 14292 14301 E System  : java.lang.UnsatisfiedLinkError: No implementation found for void libcore.icu.Transliterator.destroy(long) (tried Java_libcore_icu_Transliterator_destroy and Java_libcore_icu_Transliterator_destroy__J)
05-13 05:44:58.512 14292 14301 E System  : 	at libcore.icu.Transliterator.destroy(Native Method)
05-13 05:44:58.512 14292 14301 E System  : 	at libcore.icu.Transliterator.finalize(SourceFile:37)
05-13 05:44:58.512 14292 14301 E System  : 	at java.lang.Daemons$FinalizerDaemon.doFinalize(Daemons.java:222)
05-13 05:44:58.512 14292 14301 E System  : 	at java.lang.Daemons$FinalizerDaemon.run(Daemons.java:209)
05-13 05:44:58.512 14292 14301 E System  : 	at java.lang.Thread.run(Thread.java:761)
05-13 05:44:58.512 14292 14301 E art     : No implementation found for void libcore.icu.Transliterator.destroy(long) (tried Java_libcore_icu_Transliterator_destroy and Java_libcore_icu_Transliterator_destroy__J)
05-13 05:44:58.512 14292 14301 E System  : Uncaught exception thrown by finalizer
05-13 05:44:58.512 14292 14301 E System  : java.lang.UnsatisfiedLinkError: No implementation found for void libcore.icu.Transliterator.destroy(long) (tried Java_libcore_icu_Transliterator_destroy and Java_libcore_icu_Transliterator_destroy__J)
05-13 05:44:58.512 14292 14301 E System  : 	at libcore.icu.Transliterator.destroy(Native Method)
05-13 05:44:58.512 14292 14301 E System  : 	at libcore.icu.Transliterator.finalize(SourceFile:37)
