05-13 05:44:58.512 14292 14301 E System  : 	at java.lang.Daemons$FinalizerDaemon.doFinalize(Daemons.java:222)
05-13 05:44:58.512 14292 14301 E System  : 	at java.lang.Daemons$FinalizerDaemon.run(Daemons.java:209)
05-13 05:44:58.512 14292 14301 E System  : 	at java.lang.Thread.run(Thread.java:761)
05-13 05:44:58.512 14292 14301 E art     : No implementation found for void libcore.icu.Transliterator.destroy(long) (tried Java_libcore_icu_Transliterator_destroy and Java_libcore_icu_Transliterator_destroy__J)
05-13 05:44:58.512 14292 14301 E System  : Uncaught exception thrown by finalizer
05-13 05:44:58.513 14292 14301 E System  : java.lang.UnsatisfiedLinkError: No implementation found for void libcore.icu.Transliterator.destroy(long) (tried Java_libcore_icu_Transliterator_destroy and Java_libcore_icu_Transliterator_destroy__J)
05-13 05:44:58.513 14292 14301 E System  : 	at libcore.icu.Transliterator.destroy(Native Method)
05-13 05:44:58.513 14292 14301 E System  : 	at libcore.icu.Transliterator.finalize(SourceFile:37)
05-13 05:44:58.513 14292 14301 E System  : 	at java.lang.Daemons$FinalizerDaemon.doFinalize(Daemons.java:222)
05-13 05:44:58.513 14292 14301 E System  : 	at java.lang.Daemons$FinalizerDaemon.run(Daemons.java:209)
05-13 05:44:58.513 14292 14301 E System  : 	at java.lang.Thread.run(Thread.java:761)
05-13 05:44:58.513 14292 14301 E art     : No implementation found for void libcore.icu.Transliterator.destroy(long) (tried Java_libcore_icu_Transliterator_destroy and Java_libcore_icu_Transliterator_destroy__J)
05-13 05:44:58.513 14292 14301 E System  : Uncaught exception thrown by finalizer
05-13 05:44:58.513 14292 14301 E System  : java.lang.UnsatisfiedLinkError: No implementation found for void libcore.icu.Transliterator.destroy(long) (tried Java_libcore_icu_Transliterator_destroy and Java_libcore_icu_Transliterator_destroy__J)
05-13 05:44:58.513 14292 14301 E System  : 	at libcore.icu.Transliterator.destroy(Native Method)
05-13 05:44:58.513 14292 14301 E System  : 	at libcore.icu.Transliterator.finalize(SourceFile:37)
05-13 05:44:58.513 14292 14301 E System  : 	at java.lang.Daemons$FinalizerDaemon.doFinalize(Daemons.java:222)
05-13 05:44:58.513 14292 14301 E System  : 	at java.lang.Daemons$FinalizerDaemon.run(Daemons.java:209)
05-13 05:44:58.513 14292 14301 E System  : 	at java.lang.Thread.run(Thread.java:761)
05-13 05:44:58.513 14292 14301 E art     : No implementation found for void libcore.icu.Transliterator.destroy(long) (tried Java_libcore_icu_Transliterator_destroy and Java_libcore_icu_Transliterator_destroy__J)
05-13 05:44:58.513 14292 14301 E System  : Uncaught exception thrown by finalizer
05-13 05:44:58.513 14292 14301 E System  : java.lang.UnsatisfiedLinkError: No implementation found for void libcore.icu.Transliterator.destroy(long) (tried Java_libcore_icu_Transliterator_destroy and Java_libcore_icu_Transliterator_destroy__J)
05-13 05:44:58.513 14292 14301 E System  : 	at libcore.icu.Transliterator.destroy(Native Method)
05-13 05:44:58.513 14292 14301 E System  : 	at libcore.icu.Transliterator.finalize(SourceFile:37)
05-13 05:44:58.513 14292 14301 E System  : 	at java.lang.Daemons$FinalizerDaemon.doFinalize(Daemons.java:222)
05-13 05:44:58.513 14292 14301 E System  : 	at java.lang.Daemons$FinalizerDaemon.run(Daemons.java:209)
05-13 05:44:58.513 14292 14301 E System  : 	at java.lang.Thread.run(Thread.java:761)
05-13 05:44:58.513 14292 14301 E art     : No implementation found for void libcore.icu.Transliterator.destroy(long) (tried Java_libcore_icu_Transliterator_destroy and Java_libcore_icu_Transliterator_destroy__J)
05-13 05:44:58.514 14292 14301 E System  : Uncaught exception thrown by finalizer
05-13 05:44:58.514 14292 14301 E System  : java.lang.UnsatisfiedLinkError: No implementation found for void libcore.icu.Transliterator.destroy(long) (tried Java_libcore_icu_Transliterator_destroy and Java_libcore_icu_Transliterator_destroy__J)
05-13 05:44:58.514 14292 14301 E System  : 	at libcore.icu.Transliterator.destroy(Native Method)
05-13 05:44:58.514 14292 14301 E System  : 	at libcore.icu.Transliterator.finalize(SourceFile:37)
05-13 05:44:58.514 14292 14301 E System  : 	at java.lang.Daemons$FinalizerDaemon.doFinalize(Daemons.java:222)
05-13 05:44:58.514 14292 14301 E System  : 	at java.lang.Daemons$FinalizerDaemon.run(Daemons.java:209)
05-13 05:44:58.514 14292 14301 E System  : 	at java.lang.Thread.run(Thread.java:761)
05-13 05:44:58.514 14292 14301 E art     : No implementation found for void libcore.icu.Transliterator.destroy(long) (tried Java_libcore_icu_Transliterator_destroy and Java_libcore_icu_Transliterator_destroy__J)
05-13 05:44:58.514 14292 14301 E System  : Uncaught exception thrown by finalizer
05-13 05:44:58.514 14292 14301 E System  : java.lang.UnsatisfiedLinkError: No implementation found for void libcore.icu.Transliterator.destroy(long) (tried Java_libcore_icu_Transliterator_destroy and Java_libcore_icu_Transliterator_destroy__J)
05-13 05:44:58.514 14292 14301 E System  : 	at libcore.icu.Transliterator.destroy(Native Method)
05-13 05:44:58.514 14292 14301 E System  : 	at libcore.icu.Transliterator.finalize(SourceFile:37)
05-13 05:44:58.514 14292 14301 E System  : 	at java.lang.Daemons$FinalizerDaemon.doFinalize(Daemons.java:222)
05-13 05:44:58.514 14292 14301 E System  : 	at java.lang.Daemons$FinalizerDaemon.run(Daemons.java:209)
05-13 05:44:58.514 14292 14301 E System  : 	at java.lang.Thread.run(Thread.java:761)
05-13 05:44:58.514 14292 14301 E art     : No implementation found for void libcore.icu.Transliterator.destroy(long) (tried Java_libcore_icu_Transliterator_destroy and Java_libcore_icu_Transliterator_destroy__J)
05-13 05:44:58.514 14292 14301 E System  : Uncaught exception thrown by finalizer
05-13 05:44:58.514 14292 14301 E System  : java.lang.UnsatisfiedLinkError: No implementation found for void libcore.icu.Transliterator.destroy(long) (tried Java_libcore_icu_Transliterator_destroy and Java_libcore_icu_Transliterator_destroy__J)
05-13 05:44:58.514 14292 14301 E System  : 	at libcore.icu.Transliterator.destroy(Native Method)
05-13 05:44:58.514 14292 14301 E System  : 	at libcore.icu.Transliterator.finalize(SourceFile:37)
05-13 05:44:58.514 14292 14301 E System  : 	at java.lang.Daemons$FinalizerDaemon.doFinalize(Daemons.java:222)
05-13 05:44:58.514 14292 14301 E System  : 	at java.lang.Daemons$FinalizerDaemon.run(Daemons.java:209)
05-13 05:44:58.514 14292 14301 E System  : 	at java.lang.Thread.run(Thread.java:761)
05-13 05:44:58.514 14292 14301 E art     : No implementation found for void libcore.icu.Transliterator.destroy(long) (tried Java_libcore_icu_Transliterator_destroy and Java_libcore_icu_Transliterator_destroy__J)
05-13 05:44:58.514 14292 14301 E System  : Uncaught exception thrown by finalizer
05-13 05:44:58.515 14292 14301 E System  : java.lang.UnsatisfiedLinkError: No implementation found for void libcore.icu.Transliterator.destroy(long) (tried Java_libcore_icu_Transliterator_destroy and Java_libcore_icu_Transliterator_destroy__J)
05-13 05:44:58.515 14292 14301 E System  : 	at libcore.icu.Transliterator.destroy(Native Method)
05-13 05:44:58.515 14292 14301 E System  : 	at libcore.icu.Transliterator.finalize(SourceFile:37)
05-13 05:44:58.515 14292 14301 E System  : 	at java.lang.Daemons$FinalizerDaemon.doFinalize(Daemons.java:222)
05-13 05:44:58.515 14292 14301 E System  : 	at java.lang.Daemons$FinalizerDaemon.run(Daemons.java:209)
05-13 05:44:58.515 14292 14301 E System  : 	at java.lang.Thread.run(Thread.java:761)
05-13 05:44:58.515 14292 14301 E art     : No implementation found for void libcore.icu.Transliterator.destroy(long) (tried Java_libcore_icu_Transliterator_destroy and Java_libcore_icu_Transliterator_destroy__J)
05-13 05:44:58.515 14292 14301 E System  : Uncaught exception thrown by finalizer
05-13 05:44:58.515 14292 14301 E System  : java.lang.UnsatisfiedLinkError: No implementation found for void libcore.icu.Transliterator.destroy(long) (tried Java_libcore_icu_Transliterator_destroy and Java_libcore_icu_Transliterator_destroy__J)
05-13 05:44:58.515 14292 14301 E System  : 	at libcore.icu.Transliterator.destroy(Native Method)
05-13 05:44:58.515 14292 14301 E System  : 	at libcore.icu.Transliterator.finalize(SourceFile:37)
05-13 05:44:58.515 14292 14301 E System  : 	at java.lang.Daemons$FinalizerDaemon.doFinalize(Daemons.java:222)
05-13 05:44:58.515 14292 14301 E System  : 	at java.lang.Daemons$FinalizerDaemon.run(Daemons.java:209)
05-13 05:44:58.515 14292 14301 E System  : 	at java.lang.Thread.run(Thread.java:761)
05-13 05:44:58.515 14292 14301 E art     : No implementation found for void libcore.icu.Transliterator.destroy(long) (tried Java_libcore_icu_Transliterator_destroy and Java_libcore_icu_Transliterator_destroy__J)
05-13 05:44:58.515 14292 14301 E System  : Uncaught exception thrown by finalizer
05-13 05:44:58.515 14292 14301 E System  : java.lang.UnsatisfiedLinkError: No implementation found for void libcore.icu.Transliterator.destroy(long) (tried Java_libcore_icu_Transliterator_destroy and Java_libcore_icu_Transliterator_destroy__J)
05-13 05:44:58.515 14292 14301 E System  : 	at libcore.icu.Transliterator.destroy(Native Method)
05-13 05:44:58.515 14292 14301 E System  : 	at libcore.icu.Transliterator.finalize(SourceFile:37)
05-13 05:44:58.515 14292 14301 E System  : 	at java.lang.Daemons$FinalizerDaemon.doFinalize(Daemons.java:222)
05-13 05:44:58.515 14292 14301 E System  : 	at java.lang.Daemons$FinalizerDaemon.run(Daemons.java:209)
05-13 05:44:58.515 14292 14301 E System  : 	at java.lang.Thread.run(Thread.java:761)
05-13 05:44:58.515 14292 14301 E art     : No implementation found for void libcore.icu.Transliterator.destroy(long) (tried Java_libcore_icu_Transliterator_destroy and Java_libcore_icu_Transliterator_destroy__J)
05-13 05:44:58.515 14292 14301 E System  : Uncaught exception thrown by finalizer
05-13 05:44:58.516 14292 14301 E System  : java.lang.UnsatisfiedLinkError: No implementation found for void libcore.icu.Transliterator.destroy(long) (tried Java_libcore_icu_Transliterator_destroy and Java_libcore_icu_Transliterator_destroy__J)
05-13 05:44:58.516 14292 14301 E System  : 	at libcore.icu.Transliterator.destroy(Native Method)
05-13 05:44:58.516 14292 14301 E System  : 	at libcore.icu.Transliterator.finalize(SourceFile:37)
05-13 05:44:58.516 14292 14301 E System  : 	at java.lang.Daemons$FinalizerDaemon.doFinalize(Daemons.java:222)
05-13 05:44:58.516 14292 14301 E System  : 	at java.lang.Daemons$FinalizerDaemon.run(Daemons.java:209)
05-13 05:44:58.516 14292 14301 E System  : 	at java.lang.Thread.run(Thread.java:761)
05-13 05:44:58.516 14292 14301 E art     : No implementation found for void libcore.icu.Transliterator.destroy(long) (tried Java_libcore_icu_Transliterator_destroy and Java_libcore_icu_Transliterator_destroy__J)
05-13 05:44:58.516 14292 14301 E System  : Uncaught exception thrown by finalizer
05-13 05:44:58.516 14292 14301 E System  : java.lang.UnsatisfiedLinkError: No implementation found for void libcore.icu.Transliterator.destroy(long) (tried Java_libcore_icu_Transliterator_destroy and Java_libcore_icu_Transliterator_destroy__J)
05-13 05:44:58.516 14292 14301 E System  : 	at libcore.icu.Transliterator.destroy(Native Method)
05-13 05:44:58.516 14292 14301 E System  : 	at libcore.icu.Transliterator.finalize(SourceFile:37)
05-13 05:44:58.516 14292 14301 E System  : 	at java.lang.Daemons$FinalizerDaemon.doFinalize(Daemons.java:222)
05-13 05:44:58.516 14292 14301 E System  : 	at java.lang.Daemons$FinalizerDaemon.run(Daemons.java:209)
05-13 05:44:58.516 14292 14301 E System  : 	at java.lang.Thread.run(Thread.java:761)
05-13 05:44:58.516 14292 14301 E art     : No implementation found for void libcore.icu.Transliterator.destroy(long) (tried Java_libcore_icu_Transliterator_destroy and Java_libcore_icu_Transliterator_destroy__J)
05-13 05:44:58.516 14292 14301 E System  : Uncaught exception thrown by finalizer
05-13 05:44:58.516 14292 14301 E System  : java.lang.UnsatisfiedLinkError: No implementation found for void libcore.icu.Transliterator.destroy(long) (tried Java_libcore_icu_Transliterator_destroy and Java_libcore_icu_Transliterator_destroy__J)
05-13 05:44:58.516 14292 14301 E System  : 	at libcore.icu.Transliterator.destroy(Native Method)
05-13 05:44:58.516 14292 14301 E System  : 	at libcore.icu.Transliterator.finalize(SourceFile:37)
05-13 05:44:58.516 14292 14301 E System  : 	at java.lang.Daemons$FinalizerDaemon.doFinalize(Daemons.java:222)
05-13 05:44:58.516 14292 14301 E System  : 	at java.lang.Daemons$FinalizerDaemon.run(Daemons.java:209)
05-13 05:44:58.516 14292 14301 E System  : 	at java.lang.Thread.run(Thread.java:761)
05-13 05:44:58.516 14292 14301 E art     : No implementation found for void libcore.icu.Transliterator.destroy(long) (tried Java_libcore_icu_Transliterator_destroy and Java_libcore_icu_Transliterator_destroy__J)
05-13 05:44:58.516 14292 14301 E System  : Uncaught exception thrown by finalizer
05-13 05:44:58.517 14292 14301 E System  : java.lang.UnsatisfiedLinkError: No implementation found for void libcore.icu.Transliterator.destroy(long) (tried Java_libcore_icu_Transliterator_destroy and Java_libcore_icu_Transliterator_destroy__J)
05-13 05:44:58.517 14292 14301 E System  : 	at libcore.icu.Transliterator.destroy(Native Method)
05-13 05:44:58.517 14292 14301 E System  : 	at libcore.icu.Transliterator.finalize(SourceFile:37)
05-13 05:44:58.517 14292 14301 E System  : 	at java.lang.Daemons$FinalizerDaemon.doFinalize(Daemons.java:222)
05-13 05:44:58.517 14292 14301 E System  : 	at java.lang.Daemons$FinalizerDaemon.run(Daemons.java:209)
05-13 05:44:58.517 14292 14301 E System  : 	at java.lang.Thread.run(Thread.java:761)
05-13 05:44:58.517 14292 14301 E art     : No implementation found for void libcore.icu.Transliterator.destroy(long) (tried Java_libcore_icu_Transliterator_destroy and Java_libcore_icu_Transliterator_destroy__J)
05-13 05:44:58.517 14292 14301 E System  : Uncaught exception thrown by finalizer
05-13 05:44:58.517 14292 14301 E System  : java.lang.UnsatisfiedLinkError: No implementation found for void libcore.icu.Transliterator.destroy(long) (tried Java_libcore_icu_Transliterator_destroy and Java_libcore_icu_Transliterator_destroy__J)
05-13 05:44:58.517 14292 14301 E System  : 	at libcore.icu.Transliterator.destroy(Native Method)
05-13 05:44:58.517 14292 14301 E System  : 	at libcore.icu.Transliterator.finalize(SourceFile:37)
05-13 05:44:58.517 14292 14301 E System  : 	at java.lang.Daemons$FinalizerDaemon.doFinalize(Daemons.java:222)
05-13 05:44:58.517 14292 14301 E System  : 	at java.lang.Daemons$FinalizerDaemon.run(Daemons.java:209)
05-13 05:44:58.517 14292 14301 E System  : 	at java.lang.Thread.run(Thread.java:761)
05-13 05:44:58.517 14292 14301 E art     : No implementation found for void libcore.icu.Transliterator.destroy(long) (tried Java_libcore_icu_Transliterator_destroy and Java_libcore_icu_Transliterator_destroy__J)
05-13 05:44:58.517 14292 14301 E System  : Uncaught exception thrown by finalizer
05-13 05:44:58.517 14292 14301 E System  : java.lang.UnsatisfiedLinkError: No implementation found for void libcore.icu.Transliterator.destroy(long) (tried Java_libcore_icu_Transliterator_destroy and Java_libcore_icu_Transliterator_destroy__J)
05-13 05:44:58.517 14292 14301 E System  : 	at libcore.icu.Transliterator.destroy(Native Method)
05-13 05:44:58.517 14292 14301 E System  : 	at libcore.icu.Transliterator.finalize(SourceFile:37)
05-13 05:44:58.517 14292 14301 E System  : 	at java.lang.Daemons$FinalizerDaemon.doFinalize(Daemons.java:222)
05-13 05:44:58.517 14292 14301 E System  : 	at java.lang.Daemons$FinalizerDaemon.run(Daemons.java:209)
05-13 05:44:58.517 14292 14301 E System  : 	at java.lang.Thread.run(Thread.java:761)
05-13 05:44:58.517 14292 14301 E art     : No implementation found for void libcore.icu.Transliterator.destroy(long) (tried Java_libcore_icu_Transliterator_destroy and Java_libcore_icu_Transliterator_destroy__J)
05-13 05:44:58.517 14292 14301 E System  : Uncaught exception thrown by finalizer
05-13 05:44:58.518 14292 14301 E System  : java.lang.UnsatisfiedLinkError: No implementation found for void libcore.icu.Transliterator.destroy(long) (tried Java_libcore_icu_Transliterator_destroy and Java_libcore_icu_Transliterator_destroy__J)
05-13 05:44:58.518 14292 14301 E System  : 	at libcore.icu.Transliterator.destroy(Native Method)
05-13 05:44:58.518 14292 14301 E System  : 	at libcore.icu.Transliterator.finalize(SourceFile:37)
05-13 05:44:58.518 14292 14301 E System  : 	at java.lang.Daemons$FinalizerDaemon.doFinalize(Daemons.java:222)
05-13 05:44:58.518 14292 14301 E System  : 	at java.lang.Daemons$FinalizerDaemon.run(Daemons.java:209)
05-13 05:44:58.518 14292 14301 E System  : 	at java.lang.Thread.run(Thread.java:761)
05-13 05:44:58.518 14292 14301 E art     : No implementation found for void libcore.icu.Transliterator.destroy(long) (tried Java_libcore_icu_Transliterator_destroy and Java_libcore_icu_Transliterator_destroy__J)
05-13 05:44:58.518 14292 14301 E System  : Uncaught exception thrown by finalizer
05-13 05:44:58.518 14292 14301 E System  : java.lang.UnsatisfiedLinkError: No implementation found for void libcore.icu.Transliterator.destroy(long) (tried Java_libcore_icu_Transliterator_destroy and Java_libcore_icu_Transliterator_destroy__J)
05-13 05:44:58.518 14292 14301 E System  : 	at libcore.icu.Transliterator.destroy(Native Method)
05-13 05:44:58.518 14292 14301 E System  : 	at libcore.icu.Transliterator.finalize(SourceFile:37)
05-13 05:44:58.518 14292 14301 E System  : 	at java.lang.Daemons$FinalizerDaemon.doFinalize(Daemons.java:222)
05-13 05:44:58.518 14292 14301 E System  : 	at java.lang.Daemons$FinalizerDaemon.run(Daemons.java:209)
05-13 05:44:58.518 14292 14301 E System  : 	at java.lang.Thread.run(Thread.java:761)
05-13 05:44:58.518 14292 14301 E art     : No implementation found for void libcore.icu.Transliterator.destroy(long) (tried Java_libcore_icu_Transliterator_destroy and Java_libcore_icu_Transliterator_destroy__J)
05-13 05:44:58.518 14292 14301 E System  : Uncaught exception thrown by finalizer
05-13 05:44:58.518 14292 14301 E System  : java.lang.UnsatisfiedLinkError: No implementation found for void libcore.icu.Transliterator.destroy(long) (tried Java_libcore_icu_Transliterator_destroy and Java_libcore_icu_Transliterator_destroy__J)
05-13 05:44:58.518 14292 14301 E System  : 	at libcore.icu.Transliterator.destroy(Native Method)
05-13 05:44:58.518 14292 14301 E System  : 	at libcore.icu.Transliterator.finalize(SourceFile:37)
05-13 05:44:58.518 14292 14301 E System  : 	at java.lang.Daemons$FinalizerDaemon.doFinalize(Daemons.java:222)
05-13 05:44:58.518 14292 14301 E System  : 	at java.lang.Daemons$FinalizerDaemon.run(Daemons.java:209)
05-13 05:44:58.518 14292 14301 E System  : 	at java.lang.Thread.run(Thread.java:761)
05-13 05:44:58.518 14292 14301 E art     : No implementation found for void libcore.icu.Transliterator.destroy(long) (tried Java_libcore_icu_Transliterator_destroy and Java_libcore_icu_Transliterator_destroy__J)
05-13 05:44:58.518 14292 14301 E System  : Uncaught exception thrown by finalizer
05-13 05:44:58.519 14292 14301 E System  : java.lang.UnsatisfiedLinkError: No implementation found for void libcore.icu.Transliterator.destroy(long) (tried Java_libcore_icu_Transliterator_destroy and Java_libcore_icu_Transliterator_destroy__J)
05-13 05:44:58.519 14292 14301 E System  : 	at libcore.icu.Transliterator.destroy(Native Method)
05-13 05:44:58.519 14292 14301 E System  : 	at libcore.icu.Transliterator.finalize(SourceFile:37)
05-13 05:44:58.519 14292 14301 E System  : 	at java.lang.Daemons$FinalizerDaemon.doFinalize(Daemons.java:222)
05-13 05:44:58.519 14292 14301 E System  : 	at java.lang.Daemons$FinalizerDaemon.run(Daemons.java:209)
05-13 05:44:58.519 14292 14301 E System  : 	at java.lang.Thread.run(Thread.java:761)
05-13 05:44:58.519 14292 14301 E art     : No implementation found for void libcore.icu.Transliterator.destroy(long) (tried Java_libcore_icu_Transliterator_destroy and Java_libcore_icu_Transliterator_destroy__J)
05-13 05:44:58.519 14292 14301 E System  : Uncaught exception thrown by finalizer
05-13 05:44:58.519 14292 14301 E System  : java.lang.UnsatisfiedLinkError: No implementation found for void libcore.icu.Transliterator.destroy(long) (tried Java_libcore_icu_Transliterator_destroy and Java_libcore_icu_Transliterator_destroy__J)
05-13 05:44:58.519 14292 14301 E System  : 	at libcore.icu.Transliterator.destroy(Native Method)
05-13 05:44:58.519 14292 14301 E System  : 	at libcore.icu.Transliterator.finalize(SourceFile:37)
05-13 05:44:58.519 14292 14301 E System  : 	at java.lang.Daemons$FinalizerDaemon.doFinalize(Daemons.java:222)
05-13 05:44:58.519 14292 14301 E System  : 	at java.lang.Daemons$FinalizerDaemon.run(Daemons.java:209)
05-13 05:44:58.519 14292 14301 E System  : 	at java.lang.Thread.run(Thread.java:761)
05-13 05:44:58.519 14292 14301 E art     : No implementation found for void libcore.icu.Transliterator.destroy(long) (tried Java_libcore_icu_Transliterator_destroy and Java_libcore_icu_Transliterator_destroy__J)
05-13 05:44:58.519 14292 14301 E System  : Uncaught exception thrown by finalizer
05-13 05:44:58.519 14292 14301 E System  : java.lang.UnsatisfiedLinkError: No implementation found for void libcore.icu.Transliterator.destroy(long) (tried Java_libcore_icu_Transliterator_destroy and Java_libcore_icu_Transliterator_destroy__J)
05-13 05:44:58.519 14292 14301 E System  : 	at libcore.icu.Transliterator.destroy(Native Method)
05-13 05:44:58.519 14292 14301 E System  : 	at libcore.icu.Transliterator.finalize(SourceFile:37)
05-13 05:44:58.519 14292 14301 E System  : 	at java.lang.Daemons$FinalizerDaemon.doFinalize(Daemons.java:222)
05-13 05:44:58.519 14292 14301 E System  : 	at java.lang.Daemons$FinalizerDaemon.run(Daemons.java:209)
05-13 05:44:58.519 14292 14301 E System  : 	at java.lang.Thread.run(Thread.java:761)
05-13 05:44:58.519 14292 14301 E art     : No implementation found for void libcore.icu.Transliterator.destroy(long) (tried Java_libcore_icu_Transliterator_destroy and Java_libcore_icu_Transliterator_destroy__J)
05-13 05:44:58.519 14292 14301 E System  : Uncaught exception thrown by finalizer
05-13 05:44:58.520 14292 14301 E System  : java.lang.UnsatisfiedLinkError: No implementation found for void libcore.icu.Transliterator.destroy(long) (tried Java_libcore_icu_Transliterator_destroy and Java_libcore_icu_Transliterator_destroy__J)
05-13 05:44:58.520 14292 14301 E System  : 	at libcore.icu.Transliterator.destroy(Native Method)
05-13 05:44:58.520 14292 14301 E System  : 	at libcore.icu.Transliterator.finalize(SourceFile:37)
05-13 05:44:58.520 14292 14301 E System  : 	at java.lang.Daemons$FinalizerDaemon.doFinalize(Daemons.java:222)
05-13 05:44:58.520 14292 14301 E System  : 	at java.lang.Daemons$FinalizerDaemon.run(Daemons.java:209)
05-13 05:44:58.520 14292 14301 E System  : 	at java.lang.Thread.run(Thread.java:761)
05-13 05:44:58.520 14292 14301 E art     : No implementation found for void libcore.icu.Transliterator.destroy(long) (tried Java_libcore_icu_Transliterator_destroy and Java_libcore_icu_Transliterator_destroy__J)
05-13 05:44:58.520 14292 14301 E System  : Uncaught exception thrown by finalizer
05-13 05:44:58.520 14292 14301 E System  : java.lang.UnsatisfiedLinkError: No implementation found for void libcore.icu.Transliterator.destroy(long) (tried Java_libcore_icu_Transliterator_destroy and Java_libcore_icu_Transliterator_destroy__J)
05-13 05:44:58.520 14292 14301 E System  : 	at libcore.icu.Transliterator.destroy(Native Method)
05-13 05:44:58.520 14292 14301 E System  : 	at libcore.icu.Transliterator.finalize(SourceFile:37)
05-13 05:44:58.520 14292 14301 E System  : 	at java.lang.Daemons$FinalizerDaemon.doFinalize(Daemons.java:222)
05-13 05:44:58.520 14292 14301 E System  : 	at java.lang.Daemons$FinalizerDaemon.run(Daemons.java:209)
05-13 05:44:58.520 14292 14301 E System  : 	at java.lang.Thread.run(Thread.java:761)
05-13 05:44:58.520 14292 14301 E art     : No implementation found for void libcore.icu.Transliterator.destroy(long) (tried Java_libcore_icu_Transliterator_destroy and Java_libcore_icu_Transliterator_destroy__J)
05-13 05:44:58.520 14292 14301 E System  : Uncaught exception thrown by finalizer
05-13 05:44:58.520 14292 14301 E System  : java.lang.UnsatisfiedLinkError: No implementation found for void libcore.icu.Transliterator.destroy(long) (tried Java_libcore_icu_Transliterator_destroy and Java_libcore_icu_Transliterator_destroy__J)
05-13 05:44:58.520 14292 14301 E System  : 	at libcore.icu.Transliterator.destroy(Native Method)
05-13 05:44:58.520 14292 14301 E System  : 	at libcore.icu.Transliterator.finalize(SourceFile:37)
05-13 05:44:58.520 14292 14301 E System  : 	at java.lang.Daemons$FinalizerDaemon.doFinalize(Daemons.java:222)
05-13 05:44:58.520 14292 14301 E System  : 	at java.lang.Daemons$FinalizerDaemon.run(Daemons.java:209)
05-13 05:44:58.520 14292 14301 E System  : 	at java.lang.Thread.run(Thread.java:761)
05-13 05:44:58.520 14292 14301 E art     : No implementation found for void libcore.icu.Transliterator.destroy(long) (tried Java_libcore_icu_Transliterator_destroy and Java_libcore_icu_Transliterator_destroy__J)
05-13 05:44:58.520 14292 14301 E System  : Uncaught exception thrown by finalizer
05-13 05:44:58.521 14292 14301 E System  : java.lang.UnsatisfiedLinkError: No implementation found for void libcore.icu.Transliterator.destroy(long) (tried Java_libcore_icu_Transliterator_destroy and Java_libcore_icu_Transliterator_destroy__J)
05-13 05:44:58.521 14292 14301 E System  : 	at libcore.icu.Transliterator.destroy(Native Method)
05-13 05:44:58.521 14292 14301 E System  : 	at libcore.icu.Transliterator.finalize(SourceFile:37)
05-13 05:44:58.521 14292 14301 E System  : 	at java.lang.Daemons$FinalizerDaemon.doFinalize(Daemons.java:222)
05-13 05:44:58.521 14292 14301 E System  : 	at java.lang.Daemons$FinalizerDaemon.run(Daemons.java:209)
05-13 05:44:58.521 14292 14301 E System  : 	at java.lang.Thread.run(Thread.java:761)
05-13 05:44:58.521 14292 14301 E art     : No implementation found for void libcore.icu.Transliterator.destroy(long) (tried Java_libcore_icu_Transliterator_destroy and Java_libcore_icu_Transliterator_destroy__J)
05-13 05:44:58.521 14292 14301 E System  : Uncaught exception thrown by finalizer
05-13 05:44:58.522 14292 14301 E System  : java.lang.UnsatisfiedLinkError: No implementation found for void libcore.icu.Transliterator.destroy(long) (tried Java_libcore_icu_Transliterator_destroy and Java_libcore_icu_Transliterator_destroy__J)
05-13 05:44:58.522 14292 14301 E System  : 	at libcore.icu.Transliterator.destroy(Native Method)
05-13 05:44:58.522 14292 14301 E System  : 	at libcore.icu.Transliterator.finalize(SourceFile:37)
05-13 05:44:58.522 14292 14301 E System  : 	at java.lang.Daemons$FinalizerDaemon.doFinalize(Daemons.java:222)
05-13 05:44:58.522 14292 14301 E System  : 	at java.lang.Daemons$FinalizerDaemon.run(Daemons.java:209)
05-13 05:44:58.522 14292 14301 E System  : 	at java.lang.Thread.run(Thread.java:761)
05-13 05:44:58.522 14292 14301 E art     : No implementation found for void libcore.icu.Transliterator.destroy(long) (tried Java_libcore_icu_Transliterator_destroy and Java_libcore_icu_Transliterator_destroy__J)
05-13 05:44:58.522 14292 14301 E System  : Uncaught exception thrown by finalizer
05-13 05:44:58.523 14292 14301 E System  : java.lang.UnsatisfiedLinkError: No implementation found for void libcore.icu.Transliterator.destroy(long) (tried Java_libcore_icu_Transliterator_destroy and Java_libcore_icu_Transliterator_destroy__J)
05-13 05:44:58.523 14292 14301 E System  : 	at libcore.icu.Transliterator.destroy(Native Method)
05-13 05:44:58.523 14292 14301 E System  : 	at libcore.icu.Transliterator.finalize(SourceFile:37)
05-13 05:44:58.523 14292 14301 E System  : 	at java.lang.Daemons$FinalizerDaemon.doFinalize(Daemons.java:222)
05-13 05:44:58.523 14292 14301 E System  : 	at java.lang.Daemons$FinalizerDaemon.run(Daemons.java:209)
05-13 05:44:58.523 14292 14301 E System  : 	at java.lang.Thread.run(Thread.java:761)
05-13 05:44:58.523 14292 14301 E art     : No implementation found for void libcore.icu.Transliterator.destroy(long) (tried Java_libcore_icu_Transliterator_destroy and Java_libcore_icu_Transliterator_destroy__J)
05-13 05:44:58.523 14292 14301 E System  : Uncaught exception thrown by finalizer
05-13 05:44:58.524 14292 14301 E System  : java.lang.UnsatisfiedLinkError: No implementation found for void libcore.icu.Transliterator.destroy(long) (tried Java_libcore_icu_Transliterator_destroy and Java_libcore_icu_Transliterator_destroy__J)
05-13 05:44:58.524 14292 14301 E System  : 	at libcore.icu.Transliterator.destroy(Native Method)
05-13 05:44:58.524 14292 14301 E System  : 	at libcore.icu.Transliterator.finalize(SourceFile:37)
05-13 05:44:58.524 14292 14301 E System  : 	at java.lang.Daemons$FinalizerDaemon.doFinalize(Daemons.java:222)
05-13 05:44:58.524 14292 14301 E System  : 	at java.lang.Daemons$FinalizerDaemon.run(Daemons.java:209)
05-13 05:44:58.524 14292 14301 E System  : 	at java.lang.Thread.run(Thread.java:761)
05-13 05:44:58.524 14292 14301 E art     : No implementation found for void libcore.icu.Transliterator.destroy(long) (tried Java_libcore_icu_Transliterator_destroy and Java_libcore_icu_Transliterator_destroy__J)
05-13 05:44:58.524 14292 14301 E System  : Uncaught exception thrown by finalizer
05-13 05:44:58.524 14292 14301 E System  : java.lang.UnsatisfiedLinkError: No implementation found for void libcore.icu.Transliterator.destroy(long) (tried Java_libcore_icu_Transliterator_destroy and Java_libcore_icu_Transliterator_destroy__J)
05-13 05:44:58.524 14292 14301 E System  : 	at libcore.icu.Transliterator.destroy(Native Method)
05-13 05:44:58.524 14292 14301 E System  : 	at libcore.icu.Transliterator.finalize(SourceFile:37)
05-13 05:44:58.524 14292 14301 E System  : 	at java.lang.Daemons$FinalizerDaemon.doFinalize(Daemons.java:222)
05-13 05:44:58.524 14292 14301 E System  : 	at java.lang.Daemons$FinalizerDaemon.run(Daemons.java:209)
05-13 05:44:58.524 14292 14301 E System  : 	at java.lang.Thread.run(Thread.java:761)
05-13 05:44:58.524 14292 14301 E art     : No implementation found for void libcore.icu.Transliterator.destroy(long) (tried Java_libcore_icu_Transliterator_destroy and Java_libcore_icu_Transliterator_destroy__J)
05-13 05:44:58.524 14292 14301 E System  : Uncaught exception thrown by finalizer
05-13 05:44:58.525 14292 14301 E System  : java.lang.UnsatisfiedLinkError: No implementation found for void libcore.icu.Transliterator.destroy(long) (tried Java_libcore_icu_Transliterator_destroy and Java_libcore_icu_Transliterator_destroy__J)
05-13 05:44:58.525 14292 14301 E System  : 	at libcore.icu.Transliterator.destroy(Native Method)
05-13 05:44:58.525 14292 14301 E System  : 	at libcore.icu.Transliterator.finalize(SourceFile:37)
05-13 05:44:58.525 14292 14301 E System  : 	at java.lang.Daemons$FinalizerDaemon.doFinalize(Daemons.java:222)
05-13 05:44:58.525 14292 14301 E System  : 	at java.lang.Daemons$FinalizerDaemon.run(Daemons.java:209)
05-13 05:44:58.525 14292 14301 E System  : 	at java.lang.Thread.run(Thread.java:761)
05-13 05:44:58.525 14292 14301 E art     : No implementation found for void libcore.icu.Transliterator.destroy(long) (tried Java_libcore_icu_Transliterator_destroy and Java_libcore_icu_Transliterator_destroy__J)
05-13 05:44:58.525 14292 14301 E System  : Uncaught exception thrown by finalizer
05-13 05:44:58.525 14292 14301 E System  : java.lang.UnsatisfiedLinkError: No implementation found for void libcore.icu.Transliterator.destroy(long) (tried Java_libcore_icu_Transliterator_destroy and Java_libcore_icu_Transliterator_destroy__J)
05-13 05:44:58.525 14292 14301 E System  : 	at libcore.icu.Transliterator.destroy(Native Method)
05-13 05:44:58.525 14292 14301 E System  : 	at libcore.icu.Transliterator.finalize(SourceFile:37)
05-13 05:44:58.525 14292 14301 E System  : 	at java.lang.Daemons$FinalizerDaemon.doFinalize(Daemons.java:222)
05-13 05:44:58.525 14292 14301 E System  : 	at java.lang.Daemons$FinalizerDaemon.run(Daemons.java:209)
05-13 05:44:58.525 14292 14301 E System  : 	at java.lang.Thread.run(Thread.java:761)
05-13 05:44:59.358  6117  6173 E Logger  : 
05-13 05:44:59.803 14403 14403 E cutils-trace: Error opening trace file: No such file or directory (2)
05-13 05:45:00.087  2533  2951 E flymed_connector: Communications error: java.io.IOException: No such file or directory
05-13 05:45:00.088  2533  2951 E flymed_connector: Error in NativeDaemonConnector: java.io.IOException: No such file or directory
05-13 05:45:00.650 14373 14373 E FilterVersion: versionUpgrade 0 to 1
05-13 05:45:01.314 14373 14449 E MyScan  : ScanThread a scan cost time : 639, path = /storage/emulated/0/
05-13 05:45:01.314 14373 14373 E Refreshing: begin stopRefreshing
05-13 05:45:01.621 14373 14373 E DebugLogger: isOnDebug false debugConfig false isDebuggable false
05-13 05:45:02.341 14522 14542 E ActivityThread: Failed to find provider info for com.qti.smq.qualcommFeedback.provider
05-13 05:45:04.388 14373 14574 E MyScan  : ScanThread a scan cost time : 445, path = /storage/emulated/0/
05-13 05:45:04.388 14373 14373 E Refreshing: begin stopRefreshing
05-13 05:45:05.092  2533  2951 E flymed_connector: Communications error: java.io.IOException: No such file or directory
05-13 05:45:05.092  2533  2951 E flymed_connector: Error in NativeDaemonConnector: java.io.IOException: No such file or directory
05-13 05:45:05.695 14373 14574 E MyScan  : ScanThread a scan cost time : 242, path = /storage/emulated/0/
05-13 05:45:05.695 14373 14373 E Refreshing: begin stopRefreshing
05-13 05:45:10.021 14373 14373 E libEGL  : call to OpenGL ES API with no current context (logged once per thread)
05-13 05:45:10.093  2533  2951 E flymed_connector: Communications error: java.io.IOException: No such file or directory
05-13 05:45:10.094  2533  2951 E flymed_connector: Error in NativeDaemonConnector: java.io.IOException: No such file or directory
05-13 05:45:15.095  2533  2951 E flymed_connector: Communications error: java.io.IOException: No such file or directory
05-13 05:45:15.096  2533  2951 E flymed_connector: Error in NativeDaemonConnector: java.io.IOException: No such file or directory
05-13 05:45:20.098  2533  2951 E flymed_connector: Communications error: java.io.IOException: No such file or directory
05-13 05:45:20.100  2533  2951 E flymed_connector: Error in NativeDaemonConnector: java.io.IOException: No such file or directory
05-13 05:45:22.167  6718  6980 E Logger  : 
05-13 05:45:25.102  2533  2951 E flymed_connector: Communications error: java.io.IOException: No such file or directory
05-13 05:45:25.103  2533  2951 E flymed_connector: Error in NativeDaemonConnector: java.io.IOException: No such file or directory
05-13 05:45:30.106  2533  2951 E flymed_connector: Communications error: java.io.IOException: No such file or directory
05-13 05:45:30.109  2533  2951 E flymed_connector: Error in NativeDaemonConnector: java.io.IOException: No such file or directory
05-13 05:45:35.113  2533  2951 E flymed_connector: Communications error: java.io.IOException: No such file or directory
05-13 05:45:35.116  2533  2951 E flymed_connector: Error in NativeDaemonConnector: java.io.IOException: No such file or directory
05-13 05:45:40.120  2533  2951 E flymed_connector: Communications error: java.io.IOException: No such file or directory
05-13 05:45:40.123  2533  2951 E flymed_connector: Error in NativeDaemonConnector: java.io.IOException: No such file or directory
05-13 05:45:45.127  2533  2951 E flymed_connector: Communications error: java.io.IOException: No such file or directory
05-13 05:45:45.130  2533  2951 E flymed_connector: Error in NativeDaemonConnector: java.io.IOException: No such file or directory
05-13 05:45:50.135  2533  2951 E flymed_connector: Communications error: java.io.IOException: No such file or directory
05-13 05:45:50.138  2533  2951 E flymed_connector: Error in NativeDaemonConnector: java.io.IOException: No such file or directory
05-13 05:45:55.141  2533  2951 E flymed_connector: Communications error: java.io.IOException: No such file or directory
05-13 05:45:55.143  2533  2951 E flymed_connector: Error in NativeDaemonConnector: java.io.IOException: No such file or directory
05-13 05:45:55.412  2533  2587 E KernelWakelockReader: neither /proc/wakelocks nor /d/wakeup_sources exists
05-13 05:46:01.590 13715 13743 E BreakingScamContentProv: uri=content://com.meizu.breakingscam.provider.BreakingScamContentProvider/breakingscam_status
05-13 05:46:01.627 13715 13763 E BreakingScamContentProv: uri=content://com.meizu.breakingscam.provider.BreakingScamContentProvider/breakingscam_status
05-13 05:46:38.505  2533  2587 E KernelWakelockReader: neither /proc/wakelocks nor /d/wakeup_sources exists
05-13 05:46:41.900  2533  2951 E flymed_connector: Communications error: java.io.IOException: No such file or directory
05-13 05:46:41.901  2533  2951 E flymed_connector: Error in NativeDaemonConnector: java.io.IOException: No such file or directory
05-13 05:46:43.367 14373 14887 E MyScan  : ScanThread a scan cost time : 518, path = /storage/emulated/0/
05-13 05:46:43.368 14373 14373 E Refreshing: begin stopRefreshing
05-13 05:46:46.903  2533  2951 E flymed_connector: Communications error: java.io.IOException: No such file or directory
05-13 05:46:46.907  2533  2951 E flymed_connector: Error in NativeDaemonConnector: java.io.IOException: No such file or directory
05-13 05:46:51.913  2533  2951 E flymed_connector: Communications error: java.io.IOException: No such file or directory
05-13 05:46:51.916  2533  2951 E flymed_connector: Error in NativeDaemonConnector: java.io.IOException: No such file or directory
05-13 05:46:56.920  2533  2951 E flymed_connector: Communications error: java.io.IOException: No such file or directory
05-13 05:46:56.925  2533  2951 E flymed_connector: Error in NativeDaemonConnector: java.io.IOException: No such file or directory
05-13 05:47:01.929  2533  2951 E flymed_connector: Communications error: java.io.IOException: No such file or directory
05-13 05:47:01.932  2533  2951 E flymed_connector: Error in NativeDaemonConnector: java.io.IOException: No such file or directory
05-13 05:47:06.936  2533  2951 E flymed_connector: Communications error: java.io.IOException: No such file or directory
05-13 05:47:06.940  2533  2951 E flymed_connector: Error in NativeDaemonConnector: java.io.IOException: No such file or directory
05-13 05:47:11.947  2533  2951 E flymed_connector: Communications error: java.io.IOException: No such file or directory
05-13 05:47:11.950  2533  2951 E flymed_connector: Error in NativeDaemonConnector: java.io.IOException: No such file or directory
05-13 05:47:13.057  2533  2587 E KernelWakelockReader: neither /proc/wakelocks nor /d/wakeup_sources exists
05-13 05:47:18.619 13715 13763 E BreakingScamContentProv: uri=content://com.meizu.breakingscam.provider.BreakingScamContentProvider/breakingscam_status
05-13 05:47:18.632 13715 13741 E BreakingScamContentProv: uri=content://com.meizu.breakingscam.provider.BreakingScamContentProvider/breakingscam_status
05-13 06:04:11.800  2533  2587 E KernelWakelockReader: neither /proc/wakelocks nor /d/wakeup_sources exists
05-13 06:04:13.261  2533  2581 E BatteryStatsService: no controller energy info supplied
05-13 06:04:13.261  2533  2581 E BatteryStatsService: no controller energy info supplied
05-13 06:04:13.307  2533  2581 E KernelWakelockReader: neither /proc/wakelocks nor /d/wakeup_sources exists
05-13 06:04:13.322  2533  2581 E BatteryStatsService: modem info is invalid: ModemActivityInfo{ mTimestamp=0 mSleepTimeMs=0 mIdleTimeMs=0 mTxTimeMs[]=[0, 0, 0, 0, 0] mRxTimeMs=0 mEnergyUsed=0}
05-13 06:04:13.642  2533  2951 E flymed_connector: Communications error: java.io.IOException: No such file or directory
05-13 06:04:13.642  2533  2951 E flymed_connector: Error in NativeDaemonConnector: java.io.IOException: No such file or directory
05-13 06:04:15.361 14373 15128 E MyScan  : ScanThread a scan cost time : 521, path = /storage/emulated/0/
05-13 06:04:15.361 14373 14373 E Refreshing: begin stopRefreshing
05-13 06:04:16.448  4197  4197 E Launcher: Error start clone app: java.lang.NoSuchFieldException: No field mCloneId in class Landroid/content/Intent; (declaration of 'android.content.Intent' appears in /system/framework/framework.jar)
05-13 06:04:16.449  4197  4197 E Launcher: Error start clone app: java.lang.NoSuchFieldException: No field mCloneId in class Landroid/content/Intent; (declaration of 'android.content.Intent' appears in /system/framework/framework.jar)
05-13 06:04:18.644  2533  2951 E flymed_connector: Communications error: java.io.IOException: No such file or directory
05-13 06:04:18.645  2533  2951 E flymed_connector: Error in NativeDaemonConnector: java.io.IOException: No such file or directory
05-13 06:04:23.649  2533  2951 E flymed_connector: Communications error: java.io.IOException: No such file or directory
05-13 06:04:23.652  2533  2951 E flymed_connector: Error in NativeDaemonConnector: java.io.IOException: No such file or directory
05-13 06:04:28.656  2533  2951 E flymed_connector: Communications error: java.io.IOException: No such file or directory
05-13 06:04:28.660  2533  2951 E flymed_connector: Error in NativeDaemonConnector: java.io.IOException: No such file or directory
05-13 06:04:31.939 13142 15200 E AppUpgrade: AppSilentUpgradeService: quitSilentUpgrade
05-13 06:04:33.664  2533  2951 E flymed_connector: Communications error: java.io.IOException: No such file or directory
05-13 06:04:33.668  2533  2951 E flymed_connector: Error in NativeDaemonConnector: java.io.IOException: No such file or directory
05-13 06:04:38.672  2533  2951 E flymed_connector: Communications error: java.io.IOException: No such file or directory
05-13 06:04:38.675  2533  2951 E flymed_connector: Error in NativeDaemonConnector: java.io.IOException: No such file or directory
05-13 06:04:43.680  2533  2951 E flymed_connector: Communications error: java.io.IOException: No such file or directory
05-13 06:04:43.683  2533  2951 E flymed_connector: Error in NativeDaemonConnector: java.io.IOException: No such file or directory
05-13 06:04:47.499  2533  2587 E KernelWakelockReader: neither /proc/wakelocks nor /d/wakeup_sources exists
05-13 06:04:54.539 13715 13741 E BreakingScamContentProv: uri=content://com.meizu.breakingscam.provider.BreakingScamContentProvider/breakingscam_status
05-13 06:04:54.568 13715 13741 E BreakingScamContentProv: uri=content://com.meizu.breakingscam.provider.BreakingScamContentProvider/breakingscam_status
05-13 06:04:54.570  2533  2951 E flymed_connector: Communications error: java.io.IOException: No such file or directory
05-13 06:04:54.571  2533  2951 E flymed_connector: Error in NativeDaemonConnector: java.io.IOException: No such file or directory
05-13 06:14:12.557  2533  2581 E BatteryStatsService: no controller energy info supplied
05-13 06:14:12.557  2533  2581 E BatteryStatsService: no controller energy info supplied
05-13 06:14:12.584  2533  2587 E KernelWakelockReader: neither /proc/wakelocks nor /d/wakeup_sources exists
05-13 06:14:12.617  2533  2581 E KernelWakelockReader: neither /proc/wakelocks nor /d/wakeup_sources exists
05-13 06:14:12.618  2533  2581 E BatteryStatsService: modem info is invalid: ModemActivityInfo{ mTimestamp=0 mSleepTimeMs=0 mIdleTimeMs=0 mTxTimeMs[]=[0, 0, 0, 0, 0] mRxTimeMs=0 mEnergyUsed=0}
05-13 06:14:12.662  4044  4110 E SleepModeEngine: screen off time didn't stored, ignore
05-13 06:14:14.166 15362 15385 E Logger  : 
05-13 06:14:15.609  2533  3806 E ActivityManager: Sending non-protected broadcast flyme.action.read_filter_notification_all from system 3011:com.android.systemui/u0a33 pkg com.android.systemui
05-13 06:14:15.609  2533  3806 E ActivityManager: java.lang.Throwable
05-13 06:14:15.609  2533  3806 E ActivityManager: 	at com.android.server.am.ActivityManagerService.checkBroadcastFromSystem(ActivityManagerService.java:18114)
05-13 06:14:15.609  2533  3806 E ActivityManager: 	at com.android.server.am.ActivityManagerService.broadcastIntentLocked(ActivityManagerService.java:18703)
05-13 06:14:15.609  2533  3806 E ActivityManager: 	at com.android.server.am.ActivityManagerService.broadcastIntent(ActivityManagerService.java:18794)
05-13 06:14:15.609  2533  3806 E ActivityManager: 	at android.app.ActivityManagerNative.onTransact(ActivityManagerNative.java:499)
05-13 06:14:15.609  2533  3806 E ActivityManager: 	at com.android.server.am.ActivityManagerService.onTransact(ActivityManagerService.java:2974)
05-13 06:14:15.609  2533  3806 E ActivityManager: 	at com.android.server.am.FlymeExtActivityManagerService.onTransact(FlymeExtActivityManagerService.java:72)
05-13 06:14:15.609  2533  3806 E ActivityManager: 	at android.os.Binder.execTransact(Binder.java:565)
05-13 06:14:16.487  2533  2951 E flymed_connector: Communications error: java.io.IOException: No such file or directory
05-13 06:14:16.488  2533  2951 E flymed_connector: Error in NativeDaemonConnector: java.io.IOException: No such file or directory
05-13 06:14:17.196  4197  4197 E Launcher: Error start clone app: java.lang.NoSuchFieldException: No field mCloneId in class Landroid/content/Intent; (declaration of 'android.content.Intent' appears in /system/framework/framework.jar)
05-13 06:14:17.196  4197  4197 E Launcher: Error start clone app: java.lang.NoSuchFieldException: No field mCloneId in class Landroid/content/Intent; (declaration of 'android.content.Intent' appears in /system/framework/framework.jar)
05-13 06:14:17.210  2533  3040 E ActivityManager: Sending non-protected broadcast flyme.action.read_filter_notification_all from system 3011:com.android.systemui/u0a33 pkg com.android.systemui
05-13 06:14:17.210  2533  3040 E ActivityManager: java.lang.Throwable
05-13 06:14:17.210  2533  3040 E ActivityManager: 	at com.android.server.am.ActivityManagerService.checkBroadcastFromSystem(ActivityManagerService.java:18114)
05-13 06:14:17.210  2533  3040 E ActivityManager: 	at com.android.server.am.ActivityManagerService.broadcastIntentLocked(ActivityManagerService.java:18703)
05-13 06:14:17.210  2533  3040 E ActivityManager: 	at com.android.server.am.ActivityManagerService.broadcastIntent(ActivityManagerService.java:18794)
05-13 06:14:17.210  2533  3040 E ActivityManager: 	at android.app.ActivityManagerNative.onTransact(ActivityManagerNative.java:499)
05-13 06:14:17.210  2533  3040 E ActivityManager: 	at com.android.server.am.ActivityManagerService.onTransact(ActivityManagerService.java:2974)
05-13 06:14:17.210  2533  3040 E ActivityManager: 	at com.android.server.am.FlymeExtActivityManagerService.onTransact(FlymeExtActivityManagerService.java:72)
05-13 06:14:17.210  2533  3040 E ActivityManager: 	at android.os.Binder.execTransact(Binder.java:565)
05-13 06:14:17.446  4263  4445 E NetworkManagementMz: TrafficStatistic: policy is not null
05-13 06:14:18.437 12443 12489 E ActivityThread: Failed to find provider info for com.android.contacts
05-13 06:14:18.438 12443 12489 E ActivityThread: Failed to find provider info for com.android.contacts
05-13 06:14:18.440 12443 12498 E ActivityThread: Failed to find provider info for com.android.contacts
05-13 06:14:18.711 15500 15500 E cutils-trace: Error opening trace file: No such file or directory (2)
05-13 06:14:19.195 15474 15492 E SQLiteLog: (5) statement aborts at 2: [PRAGMA journal_mode=PERSIST] 
05-13 06:14:21.490  2533  2951 E flymed_connector: Communications error: java.io.IOException: No such file or directory
05-13 06:14:21.492  2533  2951 E flymed_connector: Error in NativeDaemonConnector: java.io.IOException: No such file or directory
05-13 06:14:26.496  2533  2951 E flymed_connector: Communications error: java.io.IOException: No such file or directory
05-13 06:14:26.498  2533  2951 E flymed_connector: Error in NativeDaemonConnector: java.io.IOException: No such file or directory
05-13 06:14:31.502  2533  2951 E flymed_connector: Communications error: java.io.IOException: No such file or directory
05-13 06:14:31.504  2533  2951 E flymed_connector: Error in NativeDaemonConnector: java.io.IOException: No such file or directory
05-13 06:14:32.671  2533  2807 E ActivityManager: Sending non-protected broadcast com.meizu.usagestats.uploader_alarm.com.meizu.mzcountservice from system uid 1000 pkg com.meizu.mzcountservice
05-13 06:14:32.671  2533  2807 E ActivityManager: java.lang.Throwable
05-13 06:14:32.671  2533  2807 E ActivityManager: 	at com.android.server.am.ActivityManagerService.checkBroadcastFromSystem(ActivityManagerService.java:18119)
05-13 06:14:32.671  2533  2807 E ActivityManager: 	at com.android.server.am.ActivityManagerService.broadcastIntentLocked(ActivityManagerService.java:18703)
05-13 06:14:32.671  2533  2807 E ActivityManager: 	at com.android.server.am.ActivityManagerService.broadcastIntentInPackage(ActivityManagerService.java:18816)
05-13 06:14:32.671  2533  2807 E ActivityManager: 	at com.android.server.am.PendingIntentRecord.sendInner(PendingIntentRecord.java:308)
05-13 06:14:32.671  2533  2807 E ActivityManager: 	at com.android.server.am.PendingIntentRecord.sendWithResult(PendingIntentRecord.java:205)
05-13 06:14:32.671  2533  2807 E ActivityManager: 	at com.android.server.am.ActivityManagerService.sendIntentSender(ActivityManagerService.java:7430)
05-13 06:14:32.671  2533  2807 E ActivityManager: 	at android.app.PendingIntent.send(PendingIntent.java:836)
05-13 06:14:32.671  2533  2807 E ActivityManager: 	at com.android.server.AlarmManagerService$DeliveryTracker.deliverLocked(AlarmManagerService.java:3113)
05-13 06:14:32.671  2533  2807 E ActivityManager: 	at com.android.server.AlarmManagerService.deliverAlarmsLocked(AlarmManagerService.java:2546)
05-13 06:14:32.671  2533  2807 E ActivityManager: 	at com.android.server.AlarmManagerService$AlarmThread.run(AlarmManagerService.java:2667)
