05-13 05:11:52.284 11677 11677 E AndroidRuntime: java.lang.NoSuchMethodError: No direct method enforceFlymeMediaPermission()V in class Landroid/media/MediaRecorder; or its super classes (declaration of 'android.media.MediaRecorder' appears in /system/framework/framework.jar)
05-13 05:11:52.284 11677 11677 E AndroidRuntime: 	at android.media.MediaRecorder.prepare(MediaRecorder.java)
05-13 05:11:52.284 11677 11677 E AndroidRuntime: 	at com.flyme.systemuiex.screenrecord.ScreenAudioRecorder.start(ScreenAudioRecorder.java:74)
05-13 05:11:52.284 11677 11677 E AndroidRuntime: 	at com.flyme.systemuiex.screenrecord.ScreenRecorderControl.startRecord(ScreenRecorderControl.java:150)
05-13 05:11:52.284 11677 11677 E AndroidRuntime: 	at com.flyme.systemuiex.screenrecord.ScreenRecordService.noWaitRecord(ScreenRecordService.java:191)
05-13 05:11:52.284 11677 11677 E AndroidRuntime: 	at com.flyme.systemuiex.screenrecord.ScreenRecordService.startRecord(ScreenRecordService.java:302)
05-13 05:11:52.284 11677 11677 E AndroidRuntime: 	at com.flyme.systemuiex.screenrecord.ScreenRecordService.-wrap3(ScreenRecordService.java)
05-13 05:11:52.284 11677 11677 E AndroidRuntime: 	at com.flyme.systemuiex.screenrecord.ScreenRecordService$9.onClick(ScreenRecordService.java:244)
05-13 05:11:52.284 11677 11677 E AndroidRuntime: 	at com.flyme.systemuiex.screenrecord.view.ScreenrecordView$6.onClick(ScreenrecordView.java:206)
05-13 05:11:52.284 11677 11677 E AndroidRuntime: 	at android.view.View.performClick(View.java)
05-13 05:11:52.284 11677 11677 E AndroidRuntime: 	at android.view.View$PerformClick.run(View.java:22433)
05-13 05:11:52.284 11677 11677 E AndroidRuntime: 	at android.os.Handler.handleCallback(Handler.java:751)
05-13 05:11:52.284 11677 11677 E AndroidRuntime: 	at android.os.Handler.dispatchMessage(Handler.java:95)
05-13 05:11:52.284 11677 11677 E AndroidRuntime: 	at android.os.Looper.loop(Looper.java:154)
05-13 05:11:52.284 11677 11677 E AndroidRuntime: 	at android.app.ActivityThread.main(ActivityThread.java:6186)
05-13 05:11:52.284 11677 11677 E AndroidRuntime: 	at java.lang.reflect.Method.invoke(Native Method)
05-13 05:11:52.284 11677 11677 E AndroidRuntime: 	at com.android.internal.os.ZygoteInit$MethodAndArgsCaller.run(ZygoteInit.java:889)
05-13 05:11:52.284 11677 11677 E AndroidRuntime: 	at com.android.internal.os.ZygoteInit.main(ZygoteInit.java:779)
05-13 05:11:54.601  2533  2951 E flymed_connector: Communications error: java.io.IOException: No such file or directory
05-13 05:11:54.602  2533  2951 E flymed_connector: Error in NativeDaemonConnector: java.io.IOException: No such file or directory
05-13 05:11:59.604  2533  2951 E flymed_connector: Communications error: java.io.IOException: No such file or directory
05-13 05:11:59.608  2533  2951 E flymed_connector: Error in NativeDaemonConnector: java.io.IOException: No such file or directory
05-13 05:12:04.611  2533  2951 E flymed_connector: Communications error: java.io.IOException: No such file or directory
05-13 05:12:04.611  2533  2951 E flymed_connector: Error in NativeDaemonConnector: java.io.IOException: No such file or directory
05-13 05:12:09.612  2533  2951 E flymed_connector: Communications error: java.io.IOException: No such file or directory
05-13 05:12:09.613  2533  2951 E flymed_connector: Error in NativeDaemonConnector: java.io.IOException: No such file or directory
05-13 05:12:09.884  2533  2533 E NotificationService: Not posting notification without small icon: Notification(pri=-2 contentView=com.flyme.systemuiex/0x109008b vibrate=null sound=null defaults=0x0 flags=0x10000062 color=0xff607d8b vis=PRIVATE)
05-13 05:12:09.884  2533  2533 E NotificationService: WARNING: In a future release this will crash the app: com.flyme.systemuiex
05-13 05:12:10.761 11810 11810 E AndroidRuntime: FATAL EXCEPTION: main
05-13 05:12:10.761 11810 11810 E AndroidRuntime: Process: com.flyme.systemuiex, PID: 11810
05-13 05:12:10.761 11810 11810 E AndroidRuntime: java.lang.NoSuchMethodError: No direct method enforceFlymeMediaPermission()V in class Landroid/media/MediaRecorder; or its super classes (declaration of 'android.media.MediaRecorder' appears in /system/framework/framework.jar)
05-13 05:12:10.761 11810 11810 E AndroidRuntime: 	at android.media.MediaRecorder.prepare(MediaRecorder.java)
05-13 05:12:10.761 11810 11810 E AndroidRuntime: 	at com.flyme.systemuiex.screenrecord.ScreenAudioRecorder.start(ScreenAudioRecorder.java:74)
05-13 05:12:10.761 11810 11810 E AndroidRuntime: 	at com.flyme.systemuiex.screenrecord.ScreenRecorderControl.startRecord(ScreenRecorderControl.java:150)
05-13 05:12:10.761 11810 11810 E AndroidRuntime: 	at com.flyme.systemuiex.screenrecord.ScreenRecordService.noWaitRecord(ScreenRecordService.java:191)
05-13 05:12:10.761 11810 11810 E AndroidRuntime: 	at com.flyme.systemuiex.screenrecord.ScreenRecordService.startRecord(ScreenRecordService.java:302)
05-13 05:12:10.761 11810 11810 E AndroidRuntime: 	at com.flyme.systemuiex.screenrecord.ScreenRecordService.-wrap3(ScreenRecordService.java)
05-13 05:12:10.761 11810 11810 E AndroidRuntime: 	at com.flyme.systemuiex.screenrecord.ScreenRecordService$9.onClick(ScreenRecordService.java:244)
05-13 05:12:10.761 11810 11810 E AndroidRuntime: 	at com.flyme.systemuiex.screenrecord.view.ScreenrecordView$6.onClick(ScreenrecordView.java:206)
05-13 05:12:10.761 11810 11810 E AndroidRuntime: 	at android.view.View.performClick(View.java)
05-13 05:12:10.761 11810 11810 E AndroidRuntime: 	at android.view.View$PerformClick.run(View.java:22433)
05-13 05:12:10.761 11810 11810 E AndroidRuntime: 	at android.os.Handler.handleCallback(Handler.java:751)
05-13 05:12:10.761 11810 11810 E AndroidRuntime: 	at android.os.Handler.dispatchMessage(Handler.java:95)
05-13 05:12:10.761 11810 11810 E AndroidRuntime: 	at android.os.Looper.loop(Looper.java:154)
05-13 05:12:10.761 11810 11810 E AndroidRuntime: 	at android.app.ActivityThread.main(ActivityThread.java:6186)
05-13 05:12:10.761 11810 11810 E AndroidRuntime: 	at java.lang.reflect.Method.invoke(Native Method)
05-13 05:12:10.761 11810 11810 E AndroidRuntime: 	at com.android.internal.os.ZygoteInit$MethodAndArgsCaller.run(ZygoteInit.java:889)
05-13 05:12:10.761 11810 11810 E AndroidRuntime: 	at com.android.internal.os.ZygoteInit.main(ZygoteInit.java:779)
05-13 05:12:14.615  2533  2951 E flymed_connector: Communications error: java.io.IOException: No such file or directory
05-13 05:12:14.620  2533  2951 E flymed_connector: Error in NativeDaemonConnector: java.io.IOException: No such file or directory
05-13 05:12:14.793  2533  2533 E NotificationService: Not posting notification without small icon: Notification(pri=-2 contentView=com.flyme.systemuiex/0x109008b vibrate=null sound=null defaults=0x0 flags=0x10000062 color=0xff607d8b vis=PRIVATE)
05-13 05:12:14.793  2533  2533 E NotificationService: WARNING: In a future release this will crash the app: com.flyme.systemuiex
05-13 05:12:16.147 11881 11881 E AndroidRuntime: FATAL EXCEPTION: main
05-13 05:12:16.147 11881 11881 E AndroidRuntime: Process: com.flyme.systemuiex, PID: 11881
05-13 05:12:16.147 11881 11881 E AndroidRuntime: java.lang.NoSuchMethodError: No direct method enforceFlymeMediaPermission()V in class Landroid/media/MediaRecorder; or its super classes (declaration of 'android.media.MediaRecorder' appears in /system/framework/framework.jar)
05-13 05:12:16.147 11881 11881 E AndroidRuntime: 	at android.media.MediaRecorder.prepare(MediaRecorder.java)
05-13 05:12:16.147 11881 11881 E AndroidRuntime: 	at com.flyme.systemuiex.screenrecord.ScreenAudioRecorder.start(ScreenAudioRecorder.java:74)
05-13 05:12:16.147 11881 11881 E AndroidRuntime: 	at com.flyme.systemuiex.screenrecord.ScreenRecorderControl.startRecord(ScreenRecorderControl.java:150)
05-13 05:12:16.147 11881 11881 E AndroidRuntime: 	at com.flyme.systemuiex.screenrecord.ScreenRecordService.noWaitRecord(ScreenRecordService.java:191)
05-13 05:12:16.147 11881 11881 E AndroidRuntime: 	at com.flyme.systemuiex.screenrecord.ScreenRecordService.startRecord(ScreenRecordService.java:302)
05-13 05:12:16.147 11881 11881 E AndroidRuntime: 	at com.flyme.systemuiex.screenrecord.ScreenRecordService.-wrap3(ScreenRecordService.java)
05-13 05:12:16.147 11881 11881 E AndroidRuntime: 	at com.flyme.systemuiex.screenrecord.ScreenRecordService$9.onClick(ScreenRecordService.java:244)
05-13 05:12:16.147 11881 11881 E AndroidRuntime: 	at com.flyme.systemuiex.screenrecord.view.ScreenrecordView$6.onClick(ScreenrecordView.java:206)
05-13 05:12:16.147 11881 11881 E AndroidRuntime: 	at android.view.View.performClick(View.java)
05-13 05:12:16.147 11881 11881 E AndroidRuntime: 	at android.view.View$PerformClick.run(View.java:22433)
05-13 05:12:16.147 11881 11881 E AndroidRuntime: 	at android.os.Handler.handleCallback(Handler.java:751)
05-13 05:12:16.147 11881 11881 E AndroidRuntime: 	at android.os.Handler.dispatchMessage(Handler.java:95)
05-13 05:12:16.147 11881 11881 E AndroidRuntime: 	at android.os.Looper.loop(Looper.java:154)
05-13 05:12:16.147 11881 11881 E AndroidRuntime: 	at android.app.ActivityThread.main(ActivityThread.java:6186)
05-13 05:12:16.147 11881 11881 E AndroidRuntime: 	at java.lang.reflect.Method.invoke(Native Method)
05-13 05:12:16.147 11881 11881 E AndroidRuntime: 	at com.android.internal.os.ZygoteInit$MethodAndArgsCaller.run(ZygoteInit.java:889)
05-13 05:12:16.147 11881 11881 E AndroidRuntime: 	at com.android.internal.os.ZygoteInit.main(ZygoteInit.java:779)
05-13 05:12:19.623  2533  2951 E flymed_connector: Communications error: java.io.IOException: No such file or directory
05-13 05:12:19.626  2533  2951 E flymed_connector: Error in NativeDaemonConnector: java.io.IOException: No such file or directory
05-13 05:12:24.630  2533  2951 E flymed_connector: Communications error: java.io.IOException: No such file or directory
05-13 05:12:24.633  2533  2951 E flymed_connector: Error in NativeDaemonConnector: java.io.IOException: No such file or directory
05-13 05:12:29.636  2533  2951 E flymed_connector: Communications error: java.io.IOException: No such file or directory
05-13 05:12:29.639  2533  2951 E flymed_connector: Error in NativeDaemonConnector: java.io.IOException: No such file or directory
05-13 05:12:34.643  2533  2951 E flymed_connector: Communications error: java.io.IOException: No such file or directory
05-13 05:12:34.645  2533  2951 E flymed_connector: Error in NativeDaemonConnector: java.io.IOException: No such file or directory
05-13 05:12:39.649  2533  2951 E flymed_connector: Communications error: java.io.IOException: No such file or directory
05-13 05:12:39.651  2533  2951 E flymed_connector: Error in NativeDaemonConnector: java.io.IOException: No such file or directory
05-13 05:12:44.655  2533  2951 E flymed_connector: Communications error: java.io.IOException: No such file or directory
05-13 05:12:44.658  2533  2951 E flymed_connector: Error in NativeDaemonConnector: java.io.IOException: No such file or directory
05-13 05:12:49.661  2533  2951 E flymed_connector: Communications error: java.io.IOException: No such file or directory
05-13 05:12:49.664  2533  2951 E flymed_connector: Error in NativeDaemonConnector: java.io.IOException: No such file or directory
05-13 05:12:54.667  2533  2951 E flymed_connector: Communications error: java.io.IOException: No such file or directory
05-13 05:12:54.670  2533  2951 E flymed_connector: Error in NativeDaemonConnector: java.io.IOException: No such file or directory
05-13 05:12:59.673  2533  2951 E flymed_connector: Communications error: java.io.IOException: No such file or directory
05-13 05:12:59.677  2533  2951 E flymed_connector: Error in NativeDaemonConnector: java.io.IOException: No such file or directory
05-13 05:13:04.169  2533  2581 E BatteryStatsService: no controller energy info supplied
05-13 05:13:04.169  2533  2581 E BatteryStatsService: no controller energy info supplied
05-13 05:13:04.212  2533  2581 E KernelWakelockReader: neither /proc/wakelocks nor /d/wakeup_sources exists
05-13 05:13:04.213  2533  2581 E BatteryStatsService: modem info is invalid: ModemActivityInfo{ mTimestamp=0 mSleepTimeMs=0 mIdleTimeMs=0 mTxTimeMs[]=[0, 0, 0, 0, 0] mRxTimeMs=0 mEnergyUsed=0}
05-13 05:13:04.680  2533  2951 E flymed_connector: Communications error: java.io.IOException: No such file or directory
05-13 05:13:04.686  2533  2951 E flymed_connector: Error in NativeDaemonConnector: java.io.IOException: No such file or directory
05-13 05:13:09.689  2533  2951 E flymed_connector: Communications error: java.io.IOException: No such file or directory
05-13 05:13:09.693  2533  2951 E flymed_connector: Error in NativeDaemonConnector: java.io.IOException: No such file or directory
05-13 05:13:14.697  2533  2951 E flymed_connector: Communications error: java.io.IOException: No such file or directory
05-13 05:13:14.700  2533  2951 E flymed_connector: Error in NativeDaemonConnector: java.io.IOException: No such file or directory
05-13 05:13:19.702  2533  2951 E flymed_connector: Communications error: java.io.IOException: No such file or directory
05-13 05:13:19.703  2533  2951 E flymed_connector: Error in NativeDaemonConnector: java.io.IOException: No such file or directory
05-13 05:13:24.705  2533  2951 E flymed_connector: Communications error: java.io.IOException: No such file or directory
05-13 05:13:24.709  2533  2951 E flymed_connector: Error in NativeDaemonConnector: java.io.IOException: No such file or directory
05-13 05:13:29.716  2533  2951 E flymed_connector: Communications error: java.io.IOException: No such file or directory
05-13 05:13:29.719  2533  2951 E flymed_connector: Error in NativeDaemonConnector: java.io.IOException: No such file or directory
05-13 05:13:34.723  2533  2951 E flymed_connector: Communications error: java.io.IOException: No such file or directory
05-13 05:13:34.726  2533  2951 E flymed_connector: Error in NativeDaemonConnector: java.io.IOException: No such file or directory
05-13 05:13:39.730  2533  2951 E flymed_connector: Communications error: java.io.IOException: No such file or directory
05-13 05:13:39.733  2533  2951 E flymed_connector: Error in NativeDaemonConnector: java.io.IOException: No such file or directory
05-13 05:13:44.736  2533  2951 E flymed_connector: Communications error: java.io.IOException: No such file or directory
05-13 05:13:44.741  2533  2951 E flymed_connector: Error in NativeDaemonConnector: java.io.IOException: No such file or directory
05-13 05:13:49.744  2533  2951 E flymed_connector: Communications error: java.io.IOException: No such file or directory
05-13 05:13:49.747  2533  2951 E flymed_connector: Error in NativeDaemonConnector: java.io.IOException: No such file or directory
05-13 05:13:54.751  2533  2951 E flymed_connector: Communications error: java.io.IOException: No such file or directory
05-13 05:13:54.755  2533  2951 E flymed_connector: Error in NativeDaemonConnector: java.io.IOException: No such file or directory
05-13 05:13:59.760  2533  2951 E flymed_connector: Communications error: java.io.IOException: No such file or directory
05-13 05:13:59.763  2533  2951 E flymed_connector: Error in NativeDaemonConnector: java.io.IOException: No such file or directory
05-13 05:14:04.768  2533  2951 E flymed_connector: Communications error: java.io.IOException: No such file or directory
05-13 05:14:04.771  2533  2951 E flymed_connector: Error in NativeDaemonConnector: java.io.IOException: No such file or directory
05-13 05:14:09.774  2533  2951 E flymed_connector: Communications error: java.io.IOException: No such file or directory
05-13 05:14:09.778  2533  2951 E flymed_connector: Error in NativeDaemonConnector: java.io.IOException: No such file or directory
05-13 05:14:14.781  2533  2951 E flymed_connector: Communications error: java.io.IOException: No such file or directory
05-13 05:14:14.783  2533  2951 E flymed_connector: Error in NativeDaemonConnector: java.io.IOException: No such file or directory
05-13 05:14:19.787  2533  2951 E flymed_connector: Communications error: java.io.IOException: No such file or directory
05-13 05:14:19.790  2533  2951 E flymed_connector: Error in NativeDaemonConnector: java.io.IOException: No such file or directory
05-13 05:14:24.793  2533  2951 E flymed_connector: Communications error: java.io.IOException: No such file or directory
05-13 05:14:24.797  2533  2951 E flymed_connector: Error in NativeDaemonConnector: java.io.IOException: No such file or directory
05-13 05:14:25.982  2533  2533 E NotificationService: Not posting notification without small icon: Notification(pri=-2 contentView=com.flyme.systemuiex/0x109008b vibrate=null sound=null defaults=0x0 flags=0x10000062 color=0xff607d8b vis=PRIVATE)
05-13 05:14:25.982  2533  2533 E NotificationService: WARNING: In a future release this will crash the app: com.flyme.systemuiex
05-13 05:14:27.373 12151 12151 E AndroidRuntime: FATAL EXCEPTION: main
05-13 05:14:27.373 12151 12151 E AndroidRuntime: Process: com.flyme.systemuiex, PID: 12151
05-13 05:14:27.373 12151 12151 E AndroidRuntime: java.lang.NoSuchMethodError: No direct method enforceFlymeMediaPermission()V in class Landroid/media/MediaRecorder; or its super classes (declaration of 'android.media.MediaRecorder' appears in /system/framework/framework.jar)
05-13 05:14:27.373 12151 12151 E AndroidRuntime: 	at android.media.MediaRecorder.prepare(MediaRecorder.java)
05-13 05:14:27.373 12151 12151 E AndroidRuntime: 	at com.flyme.systemuiex.screenrecord.ScreenAudioRecorder.start(ScreenAudioRecorder.java:74)
05-13 05:14:27.373 12151 12151 E AndroidRuntime: 	at com.flyme.systemuiex.screenrecord.ScreenRecorderControl.startRecord(ScreenRecorderControl.java:150)
05-13 05:14:27.373 12151 12151 E AndroidRuntime: 	at com.flyme.systemuiex.screenrecord.ScreenRecordService.noWaitRecord(ScreenRecordService.java:191)
05-13 05:14:27.373 12151 12151 E AndroidRuntime: 	at com.flyme.systemuiex.screenrecord.ScreenRecordService.startRecord(ScreenRecordService.java:302)
05-13 05:14:27.373 12151 12151 E AndroidRuntime: 	at com.flyme.systemuiex.screenrecord.ScreenRecordService.-wrap3(ScreenRecordService.java)
05-13 05:14:27.373 12151 12151 E AndroidRuntime: 	at com.flyme.systemuiex.screenrecord.ScreenRecordService$9.onClick(ScreenRecordService.java:244)
05-13 05:14:27.373 12151 12151 E AndroidRuntime: 	at com.flyme.systemuiex.screenrecord.view.ScreenrecordView$6.onClick(ScreenrecordView.java:206)
05-13 05:14:27.373 12151 12151 E AndroidRuntime: 	at android.view.View.performClick(View.java)
05-13 05:14:27.373 12151 12151 E AndroidRuntime: 	at android.view.View$PerformClick.run(View.java:22433)
05-13 05:14:27.373 12151 12151 E AndroidRuntime: 	at android.os.Handler.handleCallback(Handler.java:751)
05-13 05:14:27.373 12151 12151 E AndroidRuntime: 	at android.os.Handler.dispatchMessage(Handler.java:95)
05-13 05:14:27.373 12151 12151 E AndroidRuntime: 	at android.os.Looper.loop(Looper.java:154)
05-13 05:14:27.373 12151 12151 E AndroidRuntime: 	at android.app.ActivityThread.main(ActivityThread.java:6186)
05-13 05:14:27.373 12151 12151 E AndroidRuntime: 	at java.lang.reflect.Method.invoke(Native Method)
05-13 05:14:27.373 12151 12151 E AndroidRuntime: 	at com.android.internal.os.ZygoteInit$MethodAndArgsCaller.run(ZygoteInit.java:889)
05-13 05:14:27.373 12151 12151 E AndroidRuntime: 	at com.android.internal.os.ZygoteInit.main(ZygoteInit.java:779)
05-13 05:14:29.800  2533  2951 E flymed_connector: Communications error: java.io.IOException: No such file or directory
05-13 05:14:29.804  2533  2951 E flymed_connector: Error in NativeDaemonConnector: java.io.IOException: No such file or directory
05-13 05:14:34.808  2533  2951 E flymed_connector: Communications error: java.io.IOException: No such file or directory
05-13 05:14:34.812  2533  2951 E flymed_connector: Error in NativeDaemonConnector: java.io.IOException: No such file or directory
05-13 05:14:39.815  2533  2951 E flymed_connector: Communications error: java.io.IOException: No such file or directory
05-13 05:14:39.818  2533  2951 E flymed_connector: Error in NativeDaemonConnector: java.io.IOException: No such file or directory
05-13 05:14:44.821  2533  2951 E flymed_connector: Communications error: java.io.IOException: No such file or directory
05-13 05:14:44.824  2533  2951 E flymed_connector: Error in NativeDaemonConnector: java.io.IOException: No such file or directory
05-13 05:14:49.828  2533  2951 E flymed_connector: Communications error: java.io.IOException: No such file or directory
05-13 05:14:49.830  2533  2951 E flymed_connector: Error in NativeDaemonConnector: java.io.IOException: No such file or directory
05-13 05:14:54.834  2533  2951 E flymed_connector: Communications error: java.io.IOException: No such file or directory
05-13 05:14:54.836  2533  2951 E flymed_connector: Error in NativeDaemonConnector: java.io.IOException: No such file or directory
05-13 05:14:59.840  2533  2951 E flymed_connector: Communications error: java.io.IOException: No such file or directory
05-13 05:14:59.842  2533  2951 E flymed_connector: Error in NativeDaemonConnector: java.io.IOException: No such file or directory
05-13 05:15:04.846  2533  2951 E flymed_connector: Communications error: java.io.IOException: No such file or directory
05-13 05:15:04.848  2533  2951 E flymed_connector: Error in NativeDaemonConnector: java.io.IOException: No such file or directory
05-13 05:15:09.851  2533  2951 E flymed_connector: Communications error: java.io.IOException: No such file or directory
05-13 05:15:09.854  2533  2951 E flymed_connector: Error in NativeDaemonConnector: java.io.IOException: No such file or directory
05-13 05:15:14.857  2533  2951 E flymed_connector: Communications error: java.io.IOException: No such file or directory
05-13 05:15:14.860  2533  2951 E flymed_connector: Error in NativeDaemonConnector: java.io.IOException: No such file or directory
05-13 05:15:19.863  2533  2951 E flymed_connector: Communications error: java.io.IOException: No such file or directory
05-13 05:15:19.866  2533  2951 E flymed_connector: Error in NativeDaemonConnector: java.io.IOException: No such file or directory
05-13 05:15:24.870  2533  2951 E flymed_connector: Communications error: java.io.IOException: No such file or directory
05-13 05:15:24.873  2533  2951 E flymed_connector: Error in NativeDaemonConnector: java.io.IOException: No such file or directory
05-13 05:15:29.879  2533  2951 E flymed_connector: Communications error: java.io.IOException: No such file or directory
05-13 05:15:29.883  2533  2951 E flymed_connector: Error in NativeDaemonConnector: java.io.IOException: No such file or directory
05-13 05:15:34.888  2533  2951 E flymed_connector: Communications error: java.io.IOException: No such file or directory
05-13 05:15:34.892  2533  2951 E flymed_connector: Error in NativeDaemonConnector: java.io.IOException: No such file or directory
05-13 05:15:39.894  2533  2951 E flymed_connector: Communications error: java.io.IOException: No such file or directory
05-13 05:15:39.897  2533  2951 E flymed_connector: Error in NativeDaemonConnector: java.io.IOException: No such file or directory
05-13 05:15:44.900  2533  2951 E flymed_connector: Communications error: java.io.IOException: No such file or directory
05-13 05:15:44.903  2533  2951 E flymed_connector: Error in NativeDaemonConnector: java.io.IOException: No such file or directory
05-13 05:15:49.908  2533  2951 E flymed_connector: Communications error: java.io.IOException: No such file or directory
05-13 05:15:49.911  2533  2951 E flymed_connector: Error in NativeDaemonConnector: java.io.IOException: No such file or directory
05-13 05:15:54.914  2533  2951 E flymed_connector: Communications error: java.io.IOException: No such file or directory
05-13 05:15:54.918  2533  2951 E flymed_connector: Error in NativeDaemonConnector: java.io.IOException: No such file or directory
05-13 05:15:59.921  2533  2951 E flymed_connector: Communications error: java.io.IOException: No such file or directory
05-13 05:15:59.926  2533  2951 E flymed_connector: Error in NativeDaemonConnector: java.io.IOException: No such file or directory
05-13 05:16:04.929  2533  2951 E flymed_connector: Communications error: java.io.IOException: No such file or directory
05-13 05:16:04.932  2533  2951 E flymed_connector: Error in NativeDaemonConnector: java.io.IOException: No such file or directory
05-13 05:16:09.936  2533  2951 E flymed_connector: Communications error: java.io.IOException: No such file or directory
05-13 05:16:09.938  2533  2951 E flymed_connector: Error in NativeDaemonConnector: java.io.IOException: No such file or directory
05-13 05:16:14.941  2533  2951 E flymed_connector: Communications error: java.io.IOException: No such file or directory
05-13 05:16:14.947  2533  2951 E flymed_connector: Error in NativeDaemonConnector: java.io.IOException: No such file or directory
05-13 05:16:16.728  2533  2581 E BatteryStatsService: no controller energy info supplied
05-13 05:16:16.728  2533  2581 E BatteryStatsService: no controller energy info supplied
05-13 05:16:16.768  2533  2581 E KernelWakelockReader: neither /proc/wakelocks nor /d/wakeup_sources exists
05-13 05:16:16.769  2533  2581 E BatteryStatsService: modem info is invalid: ModemActivityInfo{ mTimestamp=0 mSleepTimeMs=0 mIdleTimeMs=0 mTxTimeMs[]=[0, 0, 0, 0, 0] mRxTimeMs=0 mEnergyUsed=0}
05-13 05:16:19.951  2533  2951 E flymed_connector: Communications error: java.io.IOException: No such file or directory
05-13 05:16:19.954  2533  2951 E flymed_connector: Error in NativeDaemonConnector: java.io.IOException: No such file or directory
05-13 05:16:24.958  2533  2951 E flymed_connector: Communications error: java.io.IOException: No such file or directory
05-13 05:16:24.961  2533  2951 E flymed_connector: Error in NativeDaemonConnector: java.io.IOException: No such file or directory
05-13 05:16:28.438 12443 12498 E ActivityThread: Failed to find provider info for com.android.contacts
05-13 05:16:28.439 12443 12498 E ActivityThread: Failed to find provider info for com.android.contacts
05-13 05:16:28.440 12443 12498 E ActivityThread: Failed to find provider info for com.android.contacts
05-13 05:16:28.484 12443 12469 E ActivityThread: Failed to find provider info for call_log
05-13 05:16:28.488  2533 12501 E ActivityThread: Failed to find provider info for call_log
05-13 05:16:28.743 12443 12503 E ActivityThread: Failed to find provider info for call_log
05-13 05:16:28.754 12443 12504 E ActivityThread: Failed to find provider info for call_log
05-13 05:16:28.756 12443 12505 E ActivityThread: Failed to find provider info for com.android.contacts
05-13 05:16:28.758 12443 12505 E ActivityThread: Failed to find provider info for com.android.contacts
05-13 05:16:28.762 12443 12503 E ActivityThread: Failed to find provider info for call_log
05-13 05:16:28.770 12443 12504 E ActivityThread: Failed to find provider info for com.android.contacts
05-13 05:16:28.771 12443 12504 E ActivityThread: Failed to find provider info for com.android.contacts
05-13 05:16:28.917 12443 12486 E ActivityThread: Failed to find provider info for com.android.contacts
05-13 05:16:28.937 12443 12508 E ActivityThread: Failed to find provider info for com.android.contacts
05-13 05:16:28.937 12443 12489 E ActivityThread: Failed to find provider info for com.android.contacts
05-13 05:16:28.938 12443 12489 E ActivityThread: Failed to find provider info for com.android.contacts
05-13 05:16:29.775 12443 12469 E ActivityThread: Failed to find provider info for com.android.contacts
05-13 05:16:29.777 12443 12469 E ActivityThread: Failed to find provider info for com.android.contacts
05-13 05:16:29.777 12443 12469 E ActivityThread: Failed to find provider info for com.meizu.cloud
05-13 05:16:29.963  2533  2951 E flymed_connector: Communications error: java.io.IOException: No such file or directory
05-13 05:16:29.964  2533  2951 E flymed_connector: Error in NativeDaemonConnector: java.io.IOException: No such file or directory
05-13 05:16:34.965  2533  2951 E flymed_connector: Communications error: java.io.IOException: No such file or directory
05-13 05:16:34.966  2533  2951 E flymed_connector: Error in NativeDaemonConnector: java.io.IOException: No such file or directory
05-13 05:16:39.968  2533  2951 E flymed_connector: Communications error: java.io.IOException: No such file or directory
05-13 05:16:39.971  2533  2951 E flymed_connector: Error in NativeDaemonConnector: java.io.IOException: No such file or directory
05-13 05:16:44.976  2533  2951 E flymed_connector: Communications error: java.io.IOException: No such file or directory
05-13 05:16:44.979  2533  2951 E flymed_connector: Error in NativeDaemonConnector: java.io.IOException: No such file or directory
05-13 05:16:49.983  2533  2951 E flymed_connector: Communications error: java.io.IOException: No such file or directory
05-13 05:16:49.987  2533  2951 E flymed_connector: Error in NativeDaemonConnector: java.io.IOException: No such file or directory
05-13 05:16:54.991  2533  2951 E flymed_connector: Communications error: java.io.IOException: No such file or directory
05-13 05:16:54.994  2533  2951 E flymed_connector: Error in NativeDaemonConnector: java.io.IOException: No such file or directory
05-13 05:16:57.914  2533  2587 E KernelWakelockReader: neither /proc/wakelocks nor /d/wakeup_sources exists
05-13 05:17:03.060 12443 12469 E ActivityThread: Failed to find provider info for call_log
05-13 05:17:03.074 12443 12469 E ActivityThread: Failed to find provider info for call_log
05-13 05:17:03.143  2533 12554 E ActivityThread: Failed to find provider info for call_log
05-13 05:17:39.963  2533  2587 E KernelWakelockReader: neither /proc/wakelocks nor /d/wakeup_sources exists
05-13 05:17:40.677  2533  2951 E flymed_connector: Communications error: java.io.IOException: No such file or directory
05-13 05:17:40.678  2533  2951 E flymed_connector: Error in NativeDaemonConnector: java.io.IOException: No such file or directory
05-13 05:17:42.311 12443 12507 E ActivityThread: Failed to find provider info for com.android.contacts
05-13 05:17:42.313 12443 12508 E ActivityThread: Failed to find provider info for com.android.contacts
05-13 05:17:42.328 12443 12507 E ActivityThread: Failed to find provider info for com.android.contacts
05-13 05:17:42.809 12443 12469 E ActivityThread: Failed to find provider info for call_log
05-13 05:17:42.817  2533 12668 E ActivityThread: Failed to find provider info for call_log
05-13 05:17:45.679  2533  2951 E flymed_connector: Communications error: java.io.IOException: No such file or directory
05-13 05:17:45.679  2533  2951 E flymed_connector: Error in NativeDaemonConnector: java.io.IOException: No such file or directory
05-13 05:17:45.856 12443 12469 E ActivityThread: Failed to find provider info for call_log
05-13 05:17:45.857 12443 12469 E ActivityThread: Failed to find provider info for call_log
05-13 05:17:45.861  2533 12711 E ActivityThread: Failed to find provider info for call_log
05-13 05:17:47.716  2533  3406 E ActivityThread: Failed to find provider info for com.android.contacts
05-13 05:17:47.726 12443 12738 E ActivityThread: Failed to find provider info for com.android.contacts
05-13 05:17:48.166 12443 12469 E ActivityThread: Failed to find provider info for call_log
05-13 05:17:48.202  2533 12668 E ActivityThread: Failed to find provider info for call_log
05-13 05:17:48.716 12443 12469 E ActivityThread: Failed to find provider info for call_log
05-13 05:17:48.720  2533 12711 E ActivityThread: Failed to find provider info for call_log
05-13 05:17:49.247 12443 12469 E ActivityThread: Failed to find provider info for call_log
05-13 05:17:49.248 12443 12469 E ActivityThread: Failed to find provider info for call_log
05-13 05:17:49.252  2533 12554 E ActivityThread: Failed to find provider info for call_log
05-13 05:17:50.681  2533  2951 E flymed_connector: Communications error: java.io.IOException: No such file or directory
05-13 05:17:50.681  2533  2951 E flymed_connector: Error in NativeDaemonConnector: java.io.IOException: No such file or directory
05-13 05:17:51.561 12796 12847 E ActivityThread: Failed to find provider info for com.android.contacts
05-13 05:17:51.578 12796 12847 E ActivityThread: Failed to find provider info for com.android.contacts
05-13 05:17:53.534 12796 12902 E ActivityThread: Failed to find provider info for com.android.contacts
05-13 05:17:53.880 12796 12920 E ActivityThread: Failed to find provider info for com.android.contacts
05-13 05:17:55.684  2533  2951 E flymed_connector: Communications error: java.io.IOException: No such file or directory
05-13 05:17:55.687  2533  2951 E flymed_connector: Error in NativeDaemonConnector: java.io.IOException: No such file or directory
05-13 05:17:56.177 12796 12920 E ActivityThread: Failed to find provider info for com.android.contacts
05-13 05:17:56.719 12796 12920 E ActivityThread: Failed to find provider info for com.android.contacts
05-13 05:17:56.896 12796 12920 E ActivityThread: Failed to find provider info for com.android.contacts
05-13 05:17:57.042 12796 12920 E ActivityThread: Failed to find provider info for com.android.contacts
05-13 05:17:57.210 12796 12920 E ActivityThread: Failed to find provider info for com.android.contacts
05-13 05:17:58.062 12796 12920 E ActivityThread: Failed to find provider info for com.android.contacts
05-13 05:17:58.375 12796 12920 E ActivityThread: Failed to find provider info for com.android.contacts
05-13 05:17:58.783 12796 12900 E ActivityThread: Failed to find provider info for com.android.contacts
05-13 05:18:00.690  2533  2951 E flymed_connector: Communications error: java.io.IOException: No such file or directory
05-13 05:18:00.691  2533  2951 E flymed_connector: Error in NativeDaemonConnector: java.io.IOException: No such file or directory
05-13 05:18:01.338  3304  3355 E ActivityThread: Failed to find provider info for com.android.contacts
05-13 05:18:01.398 12796 12979 E ActivityThread: Failed to find provider info for com.android.contacts
05-13 05:18:01.622  2533  2533 E NotificationService: Not posting notification without small icon: Notification(pri=-2 contentView=com.android.mms/0x109008b vibrate=null sound=null defaults=0x0 flags=0x10000062 color=0xff607d8b vis=PRIVATE)
05-13 05:18:01.622  2533  2533 E NotificationService: WARNING: In a future release this will crash the app: com.android.mms
05-13 05:18:01.624 12796 12984 E ActivityThread: Failed to find provider info for com.android.contacts
05-13 05:18:05.693  2533  2951 E flymed_connector: Communications error: java.io.IOException: No such file or directory
05-13 05:18:05.697  2533  2951 E flymed_connector: Error in NativeDaemonConnector: java.io.IOException: No such file or directory
05-13 05:18:08.392 12796 12825 E ActivityThread: Failed to find provider info for com.android.contacts
05-13 05:18:08.393 12796 12825 E ActivityThread: Failed to find provider info for com.android.contacts
05-13 05:18:08.422 12796 12825 E ActivityThread: Failed to find provider info for com.android.contacts
05-13 05:18:08.424 12796 12825 E ActivityThread: Failed to find provider info for com.android.contacts
05-13 05:18:09.751 12796 12825 E ActivityThread: Failed to find provider info for com.android.contacts
05-13 05:18:09.752 12796 12825 E ActivityThread: Failed to find provider info for com.android.contacts
05-13 05:18:09.846 12796 12825 E ActivityThread: Failed to find provider info for com.android.contacts
05-13 05:18:09.847 12796 12825 E ActivityThread: Failed to find provider info for com.android.contacts
05-13 05:18:10.701  2533  2951 E flymed_connector: Communications error: java.io.IOException: No such file or directory
05-13 05:18:10.706  2533  2951 E flymed_connector: Error in NativeDaemonConnector: java.io.IOException: No such file or directory
--------- beginning of main
05-13 05:18:12.465 13165 13165 E cutils-trace: Error opening trace file: No such file or directory (2)
05-13 05:18:12.523 13173 13173 E cutils-trace: Error opening trace file: No such file or directory (2)
05-13 05:18:13.762 13197 13222 E NativeLoader: load: /data/user/0/com.meizu.safe/files/lib/libupdate-jni-1.0.1.2002.sois not file
05-13 05:18:13.780 13223 13223 E cutils-trace: Error opening trace file: No such file or directory (2)
05-13 05:18:14.657 13197 13218 E SQLiteLog: (5) statement aborts at 2: [PRAGMA journal_mode=PERSIST] 
05-13 05:18:14.859 13197 13261 E Logger  : 
05-13 05:18:15.220 13197 13222 E NativeLoader: Unzip /system/app/MzSecurity/MzSecurity.apk to /data/user/0/com.meizu.safe/files/lib/libupdate-jni-1.0.1.2002.so failed.
05-13 05:18:15.708  2533  2951 E flymed_connector: Communications error: java.io.IOException: No such file or directory
05-13 05:18:15.709  2533  2951 E flymed_connector: Error in NativeDaemonConnector: java.io.IOException: No such file or directory
05-13 05:18:15.890 13331 13331 E cutils-trace: Error opening trace file: No such file or directory (2)
05-13 05:18:16.692 13307 13327 E SQLiteLog: (5) statement aborts at 2: [PRAGMA journal_mode=PERSIST] 
05-13 05:18:20.712  2533  2951 E flymed_connector: Communications error: java.io.IOException: No such file or directory
05-13 05:18:20.715  2533  2951 E flymed_connector: Error in NativeDaemonConnector: java.io.IOException: No such file or directory
05-13 05:18:21.373  4197  4197 E Launcher: Error start clone app: java.lang.NoSuchFieldException: No field mCloneId in class Landroid/content/Intent; (declaration of 'android.content.Intent' appears in /system/framework/framework.jar)
05-13 05:18:25.498   269  2092 E QCamera2HWI: [KPI Perf] int qcamera::QCamera2HardwareInterface::openCamera(hw_device_t**): E PROFILE_OPEN_CAMERA camera id 0
05-13 05:18:25.498   269  2092 E mm-camera-intf: mm_camera_open: dev name = /dev/video1, cam_idx = 1
05-13 05:18:25.512   278 13442 E mm-camera-sensor: module_sensor_start_session:532 session 1
05-13 05:18:25.512   278 13442 E mm-camera-sensor: module_sensor_init_session:219 module_sensor_init_session: open qcom_flash failed
05-13 05:18:25.513   278 13443 E mm-camera: [mct_pipeline_start_session_thread], start(iface) module. started mod_number=1, pid=13443
05-13 05:18:25.514   278 13444 E mm-camera: isp_tintless_open: E: b6a698e9
05-13 05:18:25.517   278 13444 E mm-camera: isp_tintless_get_version: lib returned version 3.61 err=0
05-13 05:18:25.518   278 13444 E mm-camera: [mct_pipeline_start_session_thread], start(isp) module. started mod_number=2, pid=13444
05-13 05:18:25.519   278 13445 E mm-camera: is_module_start_session: Enter
05-13 05:18:25.519   278 13447 E mm-camera: [mct_pipeline_start_session_thread], start(imglib) module. started mod_number=3, pid=13447
05-13 05:18:25.520   278 13445 E mm-camera: is_port_set_caps: Enter
05-13 05:18:25.520   278 13445 E mm-camera: is_port_init: is mode is 3
05-13 05:18:25.520   278 13445 E mm-camera: is_module_start_session: Exit successful
05-13 05:18:25.520   278 13445 E mm-camera: gyro_module_start_session: Enter
05-13 05:18:25.520   278 13445 E mm-camera: gyro_port_init: Init DSPS
05-13 05:18:25.521   278 13445 E mm-camera: gyro_port_init: DSPS inited
05-13 05:18:25.523   278 13442 E mm-camera-sensor: eeprom_load_library:505 e_ctrl->eeprom_lib.func_tbl =0xb6e18004
05-13 05:18:25.524   278 13445 E mm-camera: gyro_module_start_session: Exit successful
05-13 05:18:25.524   278 13445 E mm-camera: is_module_get_port: Exit successful
05-13 05:18:25.525   278 13445 E mm-camera: gyro_module_get_port: Exit successful
05-13 05:18:25.525   278 13445 E mm-camera: [mct_pipeline_start_session_thread], start(stats) module. started mod_number=4, pid=13445
05-13 05:18:25.553   278 13442 E mm-camera-sensor: module_sensor_start_session:573 failed
05-13 05:18:25.553   278 13442 E mm-camera-sensor: module_sensor_start_session:579 failed
05-13 05:18:25.553   278 13442 E mm-camera: [mct_pipeline_start_session_thread], start(sensor) module. started mod_number=5, pid=13442
05-13 05:18:25.561   278 13446 E mm-camera: c2d_module_start_session:227, info: starting session 1
05-13 05:18:25.561   278 13457 E mm-camera: c2d_thread_func:41: c2d_thread entering the polling loop...
05-13 05:18:25.562   278 13446 E mm-camera: c2d_module_start_session:274, info: c2d_thread created.
05-13 05:18:25.563   278 13446 E mm-camera: c2d_module_start_session:296, info: session 1 started.
05-13 05:18:25.563   278 13446 E mm-camera: [mct_pipeline_start_session_thread], start(pproc) module. started mod_number=6, pid=13446
05-13 05:18:25.564   269  2092 E mm-camera-intf: mm_camera_open:  opened, break out while loop
05-13 05:18:25.569   269  2092 E mm-jpeg-intf: mm_jpeg_init:1739] Launch jobmgr thread rc 0
05-13 05:18:25.569   269  2092 E mm-jpeg-intf: Max picture size 4208 x 3120, WorkBufSize = 19869696
05-13 05:18:25.579   269  2092 E qomx_image_core: OMX_Init:94] Complete 2
05-13 05:18:25.581   269 13464 E QCameraPostProc: static void* qcamera::QCameraPostProcessor::supZoomRoutine(void*): E
05-13 05:18:25.596   269  2092 E QCameraParameters: int32_t qcamera::QCameraParameters::setPreviewFpsRange(int, int): Setting preview fps range 7500,30000
05-13 05:18:25.597   278 13458 E mm-camera: mct_pipeline_process_set:command=800000e
05-13 05:18:25.598   269  2092 E QCameraParameters: int32_t qcamera::QCameraParameters::setInitExpIndex(int): set init aec luma 150
05-13 05:18:25.599   278 13458 E mm-camera: mct_pipeline_process_set:command=800000e
05-13 05:18:25.606   278 13458 E mm-camera: mct_pipeline_process_set:command=800000e
05-13 05:18:25.613   269  2092 E QCamera2HWI: [KPI Perf] static int qcamera::QCamera2HardwareInterface::start_preview(camera_device*): E PROFILE_START_PREVIEW
05-13 05:18:25.619   278 13458 E mm-camera: mct_pipeline_process_set:command=800000a
05-13 05:18:25.620   278 13458 E mm-camera: mct_pipeline_process_set:command=8000012
05-13 05:18:25.620   278 13458 E mm-camera: mct_pipeline_add_stream_to_linked_streams: linked streams: 0x80
05-13 05:18:25.620   278 13458 E mm-camera: mct_stream_start_link: Starting meta stream linking: do nothing 
05-13 05:18:25.620   269 13441 E mm-camera-intf: mm_stream_get_v4l2_fmt: Unknown fmt=78
05-13 05:18:25.620   278 13458 E mm-camera: mct_pipeline_process_set:command=8000004
05-13 05:18:25.620   278 13458 E mm-camera: mct_pipeline_process_set:command=800000a
05-13 05:18:25.621   278 13458 E mm-camera: mct_pipeline_process_set:command=8000012
05-13 05:18:25.621   278 13458 E mm-camera: mct_pipeline_add_stream_to_linked_streams: linked streams: 0x82
05-13 05:18:25.621   278 13458 E mm-camera: mct_stream_start_link: Starting preview/postview stream linking 
05-13 05:18:25.621   278 13458 E mm-camera-sensor: port_sensor_caps_reserve:134 ide 10002 stream type 1 w*h 1920*1080
05-13 05:18:25.624   278 13458 E mm-camera: isp_hw_find_primary_cid:304 error cannot find primary sensor format
05-13 05:18:25.624   278 13458 E mm-camera-sensor: port_sensor_ext_link_func:208 ide 10002
05-13 05:18:25.624   278 13458 E mm-camera: isp_util_find_matched_existing_src_port#171: X
05-13 05:18:25.625   278 13458 E mm-camera: c2d_port_check_caps_reserve:77, identity=0x10002
05-13 05:18:25.625   278 13458 E mm-camera: c2d_port_check_caps_reserve:143, identity=0x10002, reserved
05-13 05:18:25.628   278 13458 E mm-camera: c2d_module_notify_add_stream:1174, info: success, identity=0x10002
05-13 05:18:25.628   278 13458 E mm-camera: c2d_port_check_caps_reserve:77, identity=0x10002
05-13 05:18:25.628   278 13458 E mm-camera: c2d_port_check_caps_reserve:143, identity=0x10002, reserved
05-13 05:18:25.630   278 13458 E mm-camera: module_afs_client_create:202]
05-13 05:18:25.631   278 13458 E mm-camera: module_faceproc_client_create:972] Face proc feature mask e 0
05-13 05:18:25.631   278 13458 E mm-camera: is_port_check_caps_reserve: Enter
05-13 05:18:25.632   278 13458 E mm-camera: is_port_check_caps_reserve: port state = 1, identity = 0x10002, stream_type = 1
05-13 05:18:25.632   278 13458 E mm-camera: is_port_ext_link: Enter
05-13 05:18:25.633   278 13458 E mm-camera: is_port_ext_link: IS_PORT_STATE_CREATED
05-13 05:18:25.633   278 13458 E mm-camera: is_port_ext_link: rc=1
05-13 05:18:25.634   278 13458 E mm-camera-sensor: module_sensor_event_control_set_parm:1824 CAM_INTF_PARM_LED_MODE 0 
05-13 05:18:25.634   278 13458 E mm-camera-sensor: 
05-13 05:18:25.637   278 13458 E mm-camera-sensor: module_sensor_event_control_set_parm:2038 fb_mode 0
05-13 05:18:25.639   278 13458 E mm-camera: mct_pipeline_process_set:command=8000004
05-13 05:18:25.642   269 13441 E mm-camera-intf: mm_stream_request_buf: buf_num = 7, stream type = 7
05-13 05:18:25.643   278 13458 E mm-camera: mct_pipeline_process_set:command=8000008
05-13 05:18:25.643   278 13458 E mm-camera: mct_pipeline_process_set: stream_type = 7
05-13 05:18:25.644   269 13441 E QCameraParameters: int qcamera::QCameraParameters::getPreviewHalPixelFormat() const: format 17
05-13 05:18:25.682   269 13441 E mm-camera-intf: mm_stream_request_buf: buf_num = 8, stream type = 1
05-13 05:18:25.686   278 13458 E mm-camera: mct_pipeline_process_set:command=8000008
05-13 05:18:25.686   278 13458 E mm-camera: mct_pipeline_process_set: stream_type = 1
05-13 05:18:25.686   278 13458 E mm-camera-sensor: module_sensor_stream_on:985 ide 10002 SENSOR_START_STREAM
05-13 05:18:25.686   278 13458 E mm-camera-sensor: module_sensor_is_ready_for_stream_on:680 any bundle started 0
05-13 05:18:25.687   278 13458 E mm-camera-sensor: module_sensor_is_ready_for_stream_on:698 s_bundle->stream_on_count 0
05-13 05:18:25.687   278 13458 E mm-camera-sensor: module_sensor_is_ready_for_stream_on:699 is_bundle_started 0
05-13 05:18:25.687   278 13458 E mm-camera-sensor: modules_sensor_set_new_resolution:874 SENSOR_SET_RESOLUTION 1920*1080 mask 2
05-13 05:18:25.687   278 13458 E mm-camera-sensor: sensor_set_resolution:1420 width 1920, height 1080
05-13 05:18:25.687   278 13458 E mm-camera-sensor: sensor_set_resolution:1422 stream mask 2 hfr mode 0 fps 30.000000
05-13 05:18:25.687   278 13458 E mm-camera-sensor: sensor_pick_resolution:1185 requested aspect ratio 177
05-13 05:18:25.687   278 13458 E mm-camera-sensor: sensor_pick_resolution:1187 req_asp_ratio 177
05-13 05:18:25.687   278 13458 E mm-camera-sensor: sensor_pick_resolution:1303 req_asp_ratio 177 sup_asp_ratio 134
05-13 05:18:25.687   278 13458 E mm-camera-sensor: sensor_pick_resolution:1307 fabs 43
05-13 05:18:25.687   278 13458 E mm-camera-sensor: sensor_pick_resolution:1320 pick res 0
05-13 05:18:25.687   278 13458 E mm-camera-sensor: sensor_pick_resolution:1303 req_asp_ratio 177 sup_asp_ratio 134
05-13 05:18:25.687   278 13458 E mm-camera-sensor: sensor_pick_resolution:1307 fabs 43
05-13 05:18:25.687   278 13458 E mm-camera-sensor: sensor_pick_resolution:1320 pick res 1
05-13 05:18:25.687   278 13458 E mm-camera-sensor: sensor_set_resolution:1485 cur res 8 new res 1
05-13 05:18:25.696   278 13458 E mm-camera: decide_isp_nums_camif: num_isp = 1
05-13 05:18:25.696   278 13458 E mm-camera: port_isp_module_event: E, identity = 0x10002, IFACE_SET_STREAM_CONFIG
05-13 05:18:25.696   278 13458 E mm-camera: isp_sink_port_stream_config: E, session_id = 1, stream_id = 2, stream_type = 1
05-13 05:18:25.696   278 13458 E mm-camera: isp_sink_port_stream_config: session_id = 1, stream_id = 2, is_split = 0
05-13 05:18:25.696   278 13458 E mm-camera: isp_sink_port_stream_config: old vfe_id_mask = 0x0, new vfe_id_mask = 0x1
05-13 05:18:25.698   278 13470 E mm-camera: afd_set_parameters: param=0xb3d9c074 afd_obj =0xb3de8000, type =3
05-13 05:18:25.698   278 13458 E mm-camera-sensor: module_sensor_stream_on:1310 chromatix name libchromatix_imx214_preview_binning.so
05-13 05:18:25.702   278 13458 E mm-camera-sensor: eeprom_process:819 e_ctrl->eeprom_lib.func_tbl =0xb6e18004
05-13 05:18:25.702   278 13458 E mm-camera-sensor: sony_imx214_eeprom_read_wbdata_groups:126 Total bytes in OTP buffer: 279
05-13 05:18:25.702   278 13458 E mm-camera-sensor: sony_imx214_eeprom_read_wbdata_groups:145 OTP AWB data not present for LightType[3].
05-13 05:18:25.702   278 13458 E mm-camera-sensor: sony_imx214_eeprom_read_wbdata_groups:126 Total bytes in OTP buffer: 279
05-13 05:18:25.703   278 13458 E mm-camera-sensor: sony_imx214_eeprom_read_wbdata_groups:145 OTP AWB data not present for LightType[2].
05-13 05:18:25.703   278 13458 E mm-camera-sensor: sony_imx214_eeprom_read_wbdata_groups:126 Total bytes in OTP buffer: 279
05-13 05:18:25.703   278 13470 E mm-camera: afd_set_parameters: param=0xb3d9c0ac afd_obj =0xb3de8000, type =1
05-13 05:18:25.704   278 13470 E mm-camera: afd_set_parameters: param=0xb3d9c0e4 afd_obj =0xb3de8000, type =5
05-13 05:18:25.704   278 13470 E mm-camera-CORE: afd_process_pack_output: afd_enable 0, monitor 0, flicker 0, freq 50, afd_state 0, afd_atb 2
05-13 05:18:25.704   278 13470 E mm-camera: afd_set_parameters: param=0xb3d9c11c afd_obj =0xb3de8000, type =0
05-13 05:18:25.704   278 13470 E mm-camera: afd_set_parameters: param=0xb3d9c074 afd_obj =0xb3de8000, type =0
05-13 05:18:25.704   278 13470 E mm-camera: afd_set_parameters: param=0xb3d9c0ac afd_obj =0xb3de8000, type =0
05-13 05:18:25.704   278 13470 E mm-camera: afd_set_parameters: param=0xb3d9c154 afd_obj =0xb3de8000, type =0
05-13 05:18:25.704   278 13470 E mm-camera: afd_set_parameters: param=0xb3d9c18c afd_obj =0xb3de8000, type =0
05-13 05:18:25.704   278 13470 E mm-camera: afd_set_parameters: param=0xb3d9c1c4 afd_obj =0xb3de8000, type =0
05-13 05:18:25.704   278 13470 E mm-camera: afd_set_parameters: param=0xb3d9c1fc afd_obj =0xb3de8000, type =0
05-13 05:18:25.704   278 13470 E mm-camera: afd_set_parameters: param=0xb3d9c234 afd_obj =0xb3de8000, type =0
05-13 05:18:25.705   278 13470 E mm-camera: afd_set_parameters: param=0xb3d9c26c afd_obj =0xb3de8000, type =0
05-13 05:18:25.705   278 13470 E mm-camera: afd_set_parameters: param=0xb3d9c074 afd_obj =0xb3de8000, type =0
05-13 05:18:25.705   278 13470 E mm-camera: afd_set_parameters: param=0xb3d9c0ac afd_obj =0xb3de8000, type =0
