05-13 04:55:58.374  2533  2951 E flymed_connector: Error in NativeDaemonConnector: java.io.IOException: No such file or directory
05-13 04:56:03.377  2533  2951 E flymed_connector: Communications error: java.io.IOException: No such file or directory
05-13 04:56:03.379  2533  2951 E flymed_connector: Error in NativeDaemonConnector: java.io.IOException: No such file or directory
05-13 04:56:07.438  9708  9764 E ActivityThread: Failed to find provider info for com.android.contacts
05-13 04:56:07.439  9708  9764 E ActivityThread: Failed to find provider info for com.android.contacts
05-13 04:56:07.439  9708  9764 E ActivityThread: Failed to find provider info for com.android.contacts
05-13 04:56:07.476  9708  9734 E ActivityThread: Failed to find provider info for call_log
05-13 04:56:07.479  2533  9767 E ActivityThread: Failed to find provider info for call_log
05-13 04:56:07.760  9708  9770 E ActivityThread: Failed to find provider info for call_log
05-13 04:56:07.819  9708  9771 E ActivityThread: Failed to find provider info for call_log
05-13 04:56:07.821  9708  9772 E ActivityThread: Failed to find provider info for com.android.contacts
05-13 04:56:07.825  9708  9772 E ActivityThread: Failed to find provider info for com.android.contacts
05-13 04:56:07.829  9708  9770 E ActivityThread: Failed to find provider info for call_log
05-13 04:56:07.831  9708  9771 E ActivityThread: Failed to find provider info for com.android.contacts
05-13 04:56:07.835  9708  9771 E ActivityThread: Failed to find provider info for com.android.contacts
05-13 04:56:07.930  9708  9749 E ActivityThread: Failed to find provider info for com.android.contacts
05-13 04:56:07.940  9708  9796 E ActivityThread: Failed to find provider info for com.android.contacts
05-13 04:56:07.941  9708  9755 E ActivityThread: Failed to find provider info for com.android.contacts
05-13 04:56:07.942  9708  9755 E ActivityThread: Failed to find provider info for com.android.contacts
05-13 04:56:08.381  2533  2951 E flymed_connector: Communications error: java.io.IOException: No such file or directory
05-13 04:56:08.381  2533  2951 E flymed_connector: Error in NativeDaemonConnector: java.io.IOException: No such file or directory
05-13 04:56:08.830  9708  9734 E ActivityThread: Failed to find provider info for com.android.contacts
05-13 04:56:08.830  9708  9734 E ActivityThread: Failed to find provider info for com.android.contacts
05-13 04:56:08.830  9708  9734 E ActivityThread: Failed to find provider info for com.meizu.cloud
05-13 04:56:11.621  9708  9734 E ActivityThread: Failed to find provider info for call_log
05-13 04:56:11.623  9708  9734 E ActivityThread: Failed to find provider info for call_log
05-13 04:56:11.641  2533  9875 E ActivityThread: Failed to find provider info for call_log
05-13 04:56:13.319  9708  9734 E ActivityThread: Failed to find provider info for call_log
05-13 04:56:13.329  2533  9897 E ActivityThread: Failed to find provider info for call_log
05-13 04:56:13.382  2533  2951 E flymed_connector: Communications error: java.io.IOException: No such file or directory
05-13 04:56:13.383  2533  2951 E flymed_connector: Error in NativeDaemonConnector: java.io.IOException: No such file or directory
05-13 04:56:18.385  2533  2951 E flymed_connector: Communications error: java.io.IOException: No such file or directory
05-13 04:56:18.388  2533  2951 E flymed_connector: Error in NativeDaemonConnector: java.io.IOException: No such file or directory
05-13 04:56:23.392  2533  2951 E flymed_connector: Communications error: java.io.IOException: No such file or directory
05-13 04:56:23.394  2533  2951 E flymed_connector: Error in NativeDaemonConnector: java.io.IOException: No such file or directory
05-13 04:56:28.397  2533  2951 E flymed_connector: Communications error: java.io.IOException: No such file or directory
05-13 04:56:28.399  2533  2951 E flymed_connector: Error in NativeDaemonConnector: java.io.IOException: No such file or directory
05-13 04:56:33.401  2533  2951 E flymed_connector: Communications error: java.io.IOException: No such file or directory
05-13 04:56:33.404  2533  2951 E flymed_connector: Error in NativeDaemonConnector: java.io.IOException: No such file or directory
05-13 04:56:38.408  2533  2951 E flymed_connector: Communications error: java.io.IOException: No such file or directory
05-13 04:56:38.410  2533  2951 E flymed_connector: Error in NativeDaemonConnector: java.io.IOException: No such file or directory
05-13 04:56:43.413  2533  2951 E flymed_connector: Communications error: java.io.IOException: No such file or directory
05-13 04:56:43.416  2533  2951 E flymed_connector: Error in NativeDaemonConnector: java.io.IOException: No such file or directory
05-13 04:56:44.796  9554  9587 E push_NotificationCenter: cancel all notification
05-13 04:56:45.020  9708  9734 E ActivityThread: Failed to find provider info for call_log
05-13 04:56:45.025  9708  9734 E ActivityThread: Failed to find provider info for call_log
05-13 04:56:45.071  2533  9945 E ActivityThread: Failed to find provider info for call_log
05-13 04:56:48.419  2533  2951 E flymed_connector: Communications error: java.io.IOException: No such file or directory
05-13 04:56:48.424  2533  2951 E flymed_connector: Error in NativeDaemonConnector: java.io.IOException: No such file or directory
05-13 04:56:53.428  2533  2951 E flymed_connector: Communications error: java.io.IOException: No such file or directory
05-13 04:56:53.432  2533  2951 E flymed_connector: Error in NativeDaemonConnector: java.io.IOException: No such file or directory
05-13 04:56:58.436  2533  2951 E flymed_connector: Communications error: java.io.IOException: No such file or directory
05-13 04:56:58.441  2533  2951 E flymed_connector: Error in NativeDaemonConnector: java.io.IOException: No such file or directory
05-13 04:57:03.444  2533  2951 E flymed_connector: Communications error: java.io.IOException: No such file or directory
05-13 04:57:03.447  2533  2951 E flymed_connector: Error in NativeDaemonConnector: java.io.IOException: No such file or directory
05-13 04:57:08.450  2533  2951 E flymed_connector: Communications error: java.io.IOException: No such file or directory
05-13 04:57:08.453  2533  2951 E flymed_connector: Error in NativeDaemonConnector: java.io.IOException: No such file or directory
05-13 04:57:13.458  2533  2951 E flymed_connector: Communications error: java.io.IOException: No such file or directory
05-13 04:57:13.460  2533  2951 E flymed_connector: Error in NativeDaemonConnector: java.io.IOException: No such file or directory
05-13 04:57:18.464  2533  2951 E flymed_connector: Communications error: java.io.IOException: No such file or directory
05-13 04:57:18.467  2533  2951 E flymed_connector: Error in NativeDaemonConnector: java.io.IOException: No such file or directory
05-13 04:57:22.189  2533  2581 E BatteryStatsService: no controller energy info supplied
05-13 04:57:22.189  2533  2581 E BatteryStatsService: no controller energy info supplied
05-13 04:57:22.210  2533  2581 E KernelWakelockReader: neither /proc/wakelocks nor /d/wakeup_sources exists
05-13 04:57:22.215  2533  2581 E BatteryStatsService: modem info is invalid: ModemActivityInfo{ mTimestamp=0 mSleepTimeMs=0 mIdleTimeMs=0 mTxTimeMs[]=[0, 0, 0, 0, 0] mRxTimeMs=0 mEnergyUsed=0}
05-13 04:57:23.471  2533  2951 E flymed_connector: Communications error: java.io.IOException: No such file or directory
05-13 04:57:23.474  2533  2951 E flymed_connector: Error in NativeDaemonConnector: java.io.IOException: No such file or directory
05-13 04:57:28.477  2533  2951 E flymed_connector: Communications error: java.io.IOException: No such file or directory
05-13 04:57:28.480  2533  2951 E flymed_connector: Error in NativeDaemonConnector: java.io.IOException: No such file or directory
05-13 04:57:33.484  2533  2951 E flymed_connector: Communications error: java.io.IOException: No such file or directory
05-13 04:57:33.486  2533  2951 E flymed_connector: Error in NativeDaemonConnector: java.io.IOException: No such file or directory
05-13 04:57:38.491  2533  2951 E flymed_connector: Communications error: java.io.IOException: No such file or directory
05-13 04:57:38.494  2533  2951 E flymed_connector: Error in NativeDaemonConnector: java.io.IOException: No such file or directory
05-13 04:57:43.498  2533  2951 E flymed_connector: Communications error: java.io.IOException: No such file or directory
05-13 04:57:43.502  2533  2951 E flymed_connector: Error in NativeDaemonConnector: java.io.IOException: No such file or directory
05-13 04:57:48.505  2533  2951 E flymed_connector: Communications error: java.io.IOException: No such file or directory
05-13 04:57:48.510  2533  2951 E flymed_connector: Error in NativeDaemonConnector: java.io.IOException: No such file or directory
05-13 04:57:53.513  2533  2951 E flymed_connector: Communications error: java.io.IOException: No such file or directory
05-13 04:57:53.516  2533  2951 E flymed_connector: Error in NativeDaemonConnector: java.io.IOException: No such file or directory
05-13 04:57:58.522  2533  2951 E flymed_connector: Communications error: java.io.IOException: No such file or directory
05-13 04:57:58.525  2533  2951 E flymed_connector: Error in NativeDaemonConnector: java.io.IOException: No such file or directory
05-13 04:58:03.528  2533  2951 E flymed_connector: Communications error: java.io.IOException: No such file or directory
05-13 04:58:03.530  2533  2951 E flymed_connector: Error in NativeDaemonConnector: java.io.IOException: No such file or directory
05-13 04:58:08.533  2533  2951 E flymed_connector: Communications error: java.io.IOException: No such file or directory
05-13 04:58:08.536  2533  2951 E flymed_connector: Error in NativeDaemonConnector: java.io.IOException: No such file or directory
05-13 04:58:13.541  2533  2951 E flymed_connector: Communications error: java.io.IOException: No such file or directory
05-13 04:58:13.543  2533  2951 E flymed_connector: Error in NativeDaemonConnector: java.io.IOException: No such file or directory
05-13 04:58:18.547  2533  2951 E flymed_connector: Communications error: java.io.IOException: No such file or directory
05-13 04:58:18.550  2533  2951 E flymed_connector: Error in NativeDaemonConnector: java.io.IOException: No such file or directory
05-13 04:58:23.554  2533  2951 E flymed_connector: Communications error: java.io.IOException: No such file or directory
05-13 04:58:23.557  2533  2951 E flymed_connector: Error in NativeDaemonConnector: java.io.IOException: No such file or directory
05-13 04:58:28.560  2533  2951 E flymed_connector: Communications error: java.io.IOException: No such file or directory
05-13 04:58:28.563  2533  2951 E flymed_connector: Error in NativeDaemonConnector: java.io.IOException: No such file or directory
05-13 04:58:33.568  2533  2951 E flymed_connector: Communications error: java.io.IOException: No such file or directory
05-13 04:58:33.571  2533  2951 E flymed_connector: Error in NativeDaemonConnector: java.io.IOException: No such file or directory
05-13 04:58:38.573  2533  2951 E flymed_connector: Communications error: java.io.IOException: No such file or directory
05-13 04:58:38.576  2533  2951 E flymed_connector: Error in NativeDaemonConnector: java.io.IOException: No such file or directory
05-13 04:58:43.579  2533  2951 E flymed_connector: Communications error: java.io.IOException: No such file or directory
05-13 04:58:43.583  2533  2951 E flymed_connector: Error in NativeDaemonConnector: java.io.IOException: No such file or directory
05-13 04:58:48.587  2533  2951 E flymed_connector: Communications error: java.io.IOException: No such file or directory
05-13 04:58:48.589  2533  2951 E flymed_connector: Error in NativeDaemonConnector: java.io.IOException: No such file or directory
05-13 04:58:53.594  2533  2951 E flymed_connector: Communications error: java.io.IOException: No such file or directory
05-13 04:58:53.597  2533  2951 E flymed_connector: Error in NativeDaemonConnector: java.io.IOException: No such file or directory
05-13 04:58:58.601  2533  2951 E flymed_connector: Communications error: java.io.IOException: No such file or directory
05-13 04:58:58.604  2533  2951 E flymed_connector: Error in NativeDaemonConnector: java.io.IOException: No such file or directory
05-13 04:59:03.607  2533  2951 E flymed_connector: Communications error: java.io.IOException: No such file or directory
05-13 04:59:03.610  2533  2951 E flymed_connector: Error in NativeDaemonConnector: java.io.IOException: No such file or directory
05-13 04:59:08.613  2533  2951 E flymed_connector: Communications error: java.io.IOException: No such file or directory
05-13 04:59:08.617  2533  2951 E flymed_connector: Error in NativeDaemonConnector: java.io.IOException: No such file or directory
05-13 04:59:13.620  2533  2951 E flymed_connector: Communications error: java.io.IOException: No such file or directory
05-13 04:59:13.623  2533  2951 E flymed_connector: Error in NativeDaemonConnector: java.io.IOException: No such file or directory
05-13 04:59:18.627  2533  2951 E flymed_connector: Communications error: java.io.IOException: No such file or directory
05-13 04:59:18.630  2533  2951 E flymed_connector: Error in NativeDaemonConnector: java.io.IOException: No such file or directory
05-13 04:59:23.635  2533  2951 E flymed_connector: Communications error: java.io.IOException: No such file or directory
05-13 04:59:23.639  2533  2951 E flymed_connector: Error in NativeDaemonConnector: java.io.IOException: No such file or directory
05-13 04:59:28.642  2533  2951 E flymed_connector: Communications error: java.io.IOException: No such file or directory
05-13 04:59:28.646  2533  2951 E flymed_connector: Error in NativeDaemonConnector: java.io.IOException: No such file or directory
05-13 04:59:33.649  2533  2951 E flymed_connector: Communications error: java.io.IOException: No such file or directory
05-13 04:59:33.653  2533  2951 E flymed_connector: Error in NativeDaemonConnector: java.io.IOException: No such file or directory
05-13 04:59:38.657  2533  2951 E flymed_connector: Communications error: java.io.IOException: No such file or directory
05-13 04:59:38.660  2533  2951 E flymed_connector: Error in NativeDaemonConnector: java.io.IOException: No such file or directory
05-13 04:59:43.665  2533  2951 E flymed_connector: Communications error: java.io.IOException: No such file or directory
05-13 04:59:43.668  2533  2951 E flymed_connector: Error in NativeDaemonConnector: java.io.IOException: No such file or directory
05-13 04:59:48.671  2533  2951 E flymed_connector: Communications error: java.io.IOException: No such file or directory
05-13 04:59:48.675  2533  2951 E flymed_connector: Error in NativeDaemonConnector: java.io.IOException: No such file or directory
05-13 04:59:53.678  2533  2951 E flymed_connector: Communications error: java.io.IOException: No such file or directory
05-13 04:59:53.682  2533  2951 E flymed_connector: Error in NativeDaemonConnector: java.io.IOException: No such file or directory
05-13 04:59:58.685  2533  2951 E flymed_connector: Communications error: java.io.IOException: No such file or directory
05-13 04:59:58.688  2533  2951 E flymed_connector: Error in NativeDaemonConnector: java.io.IOException: No such file or directory
05-13 05:00:03.691  2533  2951 E flymed_connector: Communications error: java.io.IOException: No such file or directory
05-13 05:00:03.693  2533  2951 E flymed_connector: Error in NativeDaemonConnector: java.io.IOException: No such file or directory
05-13 05:00:08.697  2533  2951 E flymed_connector: Communications error: java.io.IOException: No such file or directory
05-13 05:00:08.700  2533  2951 E flymed_connector: Error in NativeDaemonConnector: java.io.IOException: No such file or directory
05-13 05:00:13.704  2533  2951 E flymed_connector: Communications error: java.io.IOException: No such file or directory
05-13 05:00:13.707  2533  2951 E flymed_connector: Error in NativeDaemonConnector: java.io.IOException: No such file or directory
05-13 05:00:18.710  2533  2951 E flymed_connector: Communications error: java.io.IOException: No such file or directory
05-13 05:00:18.713  2533  2951 E flymed_connector: Error in NativeDaemonConnector: java.io.IOException: No such file or directory
05-13 05:00:23.404  9708  9755 E ActivityThread: Failed to find provider info for com.android.contacts
05-13 05:00:23.405  9708  9764 E ActivityThread: Failed to find provider info for com.android.contacts
05-13 05:00:23.408  9708  9755 E ActivityThread: Failed to find provider info for com.android.contacts
05-13 05:00:23.716  2533  2951 E flymed_connector: Communications error: java.io.IOException: No such file or directory
05-13 05:00:23.716  2533  2951 E flymed_connector: Error in NativeDaemonConnector: java.io.IOException: No such file or directory
05-13 05:00:23.983  9708  9734 E ActivityThread: Failed to find provider info for call_log
05-13 05:00:23.988  2533 10130 E ActivityThread: Failed to find provider info for call_log
05-13 05:00:25.292 10165 10165 E cutils-trace: Error opening trace file: No such file or directory (2)
05-13 05:00:26.468  9708  9734 E ActivityThread: Failed to find provider info for call_log
05-13 05:00:26.472  9708  9734 E ActivityThread: Failed to find provider info for call_log
05-13 05:00:26.505  2533 10217 E ActivityThread: Failed to find provider info for call_log
05-13 05:00:26.700  9708  9755 E ActivityThread: Failed to find provider info for com.android.contacts
05-13 05:00:26.702  9708  9755 E ActivityThread: Failed to find provider info for com.android.contacts
05-13 05:00:26.702  9708  9764 E ActivityThread: Failed to find provider info for com.android.contacts
05-13 05:00:27.021 10143 10197 E Logger  : 
05-13 05:00:27.208  9708  9734 E ActivityThread: Failed to find provider info for call_log
05-13 05:00:27.216  2533 10241 E ActivityThread: Failed to find provider info for call_log
05-13 05:00:28.717  2533  2951 E flymed_connector: Communications error: java.io.IOException: No such file or directory
05-13 05:00:28.720  2533  2951 E flymed_connector: Error in NativeDaemonConnector: java.io.IOException: No such file or directory
05-13 05:00:33.723  2533  2951 E flymed_connector: Communications error: java.io.IOException: No such file or directory
05-13 05:00:33.725  2533  2951 E flymed_connector: Error in NativeDaemonConnector: java.io.IOException: No such file or directory
05-13 05:00:38.729  2533  2951 E flymed_connector: Communications error: java.io.IOException: No such file or directory
05-13 05:00:38.732  2533  2951 E flymed_connector: Error in NativeDaemonConnector: java.io.IOException: No such file or directory
05-13 05:00:42.814  6117  6172 E Logger  : 
05-13 05:00:42.823  4044  4520 E Logger  : 
05-13 05:00:42.838  8959  9014 E Logger  : 
05-13 05:00:42.870  2992  3722 E Logger  : 
05-13 05:00:43.735  2533  2951 E flymed_connector: Communications error: java.io.IOException: No such file or directory
05-13 05:00:43.736  2533  2951 E flymed_connector: Error in NativeDaemonConnector: java.io.IOException: No such file or directory
05-13 05:00:48.738  2533  2951 E flymed_connector: Communications error: java.io.IOException: No such file or directory
05-13 05:00:48.740  2533  2951 E flymed_connector: Error in NativeDaemonConnector: java.io.IOException: No such file or directory
05-13 05:00:53.744  2533  2951 E flymed_connector: Communications error: java.io.IOException: No such file or directory
05-13 05:00:53.746  2533  2951 E flymed_connector: Error in NativeDaemonConnector: java.io.IOException: No such file or directory
05-13 05:00:58.750  2533  2951 E flymed_connector: Communications error: java.io.IOException: No such file or directory
05-13 05:00:58.752  2533  2951 E flymed_connector: Error in NativeDaemonConnector: java.io.IOException: No such file or directory
05-13 05:01:01.020  9708  9734 E ActivityThread: Failed to find provider info for call_log
05-13 05:01:01.025  9708  9734 E ActivityThread: Failed to find provider info for call_log
05-13 05:01:01.073  2533 10380 E ActivityThread: Failed to find provider info for call_log
05-13 05:01:03.757  2533  2951 E flymed_connector: Communications error: java.io.IOException: No such file or directory
05-13 05:01:03.760  2533  2951 E flymed_connector: Error in NativeDaemonConnector: java.io.IOException: No such file or directory
05-13 05:01:08.765  2533  2951 E flymed_connector: Communications error: java.io.IOException: No such file or directory
05-13 05:01:08.768  2533  2951 E flymed_connector: Error in NativeDaemonConnector: java.io.IOException: No such file or directory
05-13 05:01:13.771  2533  2951 E flymed_connector: Communications error: java.io.IOException: No such file or directory
05-13 05:01:13.774  2533  2951 E flymed_connector: Error in NativeDaemonConnector: java.io.IOException: No such file or directory
05-13 05:01:18.777  2533  2951 E flymed_connector: Communications error: java.io.IOException: No such file or directory
05-13 05:01:18.780  2533  2951 E flymed_connector: Error in NativeDaemonConnector: java.io.IOException: No such file or directory
05-13 05:01:23.785  2533  2951 E flymed_connector: Communications error: java.io.IOException: No such file or directory
05-13 05:01:23.788  2533  2951 E flymed_connector: Error in NativeDaemonConnector: java.io.IOException: No such file or directory
05-13 05:01:28.791  2533  2951 E flymed_connector: Communications error: java.io.IOException: No such file or directory
05-13 05:01:28.794  2533  2951 E flymed_connector: Error in NativeDaemonConnector: java.io.IOException: No such file or directory
05-13 05:01:33.798  2533  2951 E flymed_connector: Communications error: java.io.IOException: No such file or directory
05-13 05:01:33.800  2533  2951 E flymed_connector: Error in NativeDaemonConnector: java.io.IOException: No such file or directory
05-13 05:01:38.804  2533  2951 E flymed_connector: Communications error: java.io.IOException: No such file or directory
05-13 05:01:38.807  2533  2951 E flymed_connector: Error in NativeDaemonConnector: java.io.IOException: No such file or directory
05-13 05:01:43.813  2533  2951 E flymed_connector: Communications error: java.io.IOException: No such file or directory
05-13 05:01:43.816  2533  2951 E flymed_connector: Error in NativeDaemonConnector: java.io.IOException: No such file or directory
05-13 05:01:48.821  2533  2951 E flymed_connector: Communications error: java.io.IOException: No such file or directory
05-13 05:01:48.824  2533  2951 E flymed_connector: Error in NativeDaemonConnector: java.io.IOException: No such file or directory
05-13 05:01:53.830  2533  2951 E flymed_connector: Communications error: java.io.IOException: No such file or directory
05-13 05:01:53.833  2533  2951 E flymed_connector: Error in NativeDaemonConnector: java.io.IOException: No such file or directory
05-13 05:01:58.836  2533  2951 E flymed_connector: Communications error: java.io.IOException: No such file or directory
05-13 05:01:58.841  2533  2951 E flymed_connector: Error in NativeDaemonConnector: java.io.IOException: No such file or directory
05-13 05:02:03.844  2533  2951 E flymed_connector: Communications error: java.io.IOException: No such file or directory
05-13 05:02:03.846  2533  2951 E flymed_connector: Error in NativeDaemonConnector: java.io.IOException: No such file or directory
05-13 05:02:04.154  2533  2581 E BatteryStatsService: no controller energy info supplied
05-13 05:02:04.156  2533  2581 E BatteryStatsService: no controller energy info supplied
05-13 05:02:04.255  2533  2581 E KernelWakelockReader: neither /proc/wakelocks nor /d/wakeup_sources exists
05-13 05:02:04.256  2533  2581 E BatteryStatsService: modem info is invalid: ModemActivityInfo{ mTimestamp=0 mSleepTimeMs=0 mIdleTimeMs=0 mTxTimeMs[]=[0, 0, 0, 0, 0] mRxTimeMs=0 mEnergyUsed=0}
05-13 05:02:08.849  2533  2951 E flymed_connector: Communications error: java.io.IOException: No such file or directory
05-13 05:02:08.852  2533  2951 E flymed_connector: Error in NativeDaemonConnector: java.io.IOException: No such file or directory
05-13 05:02:13.856  2533  2951 E flymed_connector: Communications error: java.io.IOException: No such file or directory
05-13 05:02:13.859  2533  2951 E flymed_connector: Error in NativeDaemonConnector: java.io.IOException: No such file or directory
05-13 05:02:18.862  2533  2951 E flymed_connector: Communications error: java.io.IOException: No such file or directory
05-13 05:02:18.865  2533  2951 E flymed_connector: Error in NativeDaemonConnector: java.io.IOException: No such file or directory
05-13 05:02:23.871  2533  2951 E flymed_connector: Communications error: java.io.IOException: No such file or directory
05-13 05:02:23.875  2533  2951 E flymed_connector: Error in NativeDaemonConnector: java.io.IOException: No such file or directory
05-13 05:02:28.878  2533  2951 E flymed_connector: Communications error: java.io.IOException: No such file or directory
05-13 05:02:28.881  2533  2951 E flymed_connector: Error in NativeDaemonConnector: java.io.IOException: No such file or directory
05-13 05:02:33.884  2533  2951 E flymed_connector: Communications error: java.io.IOException: No such file or directory
05-13 05:02:33.887  2533  2951 E flymed_connector: Error in NativeDaemonConnector: java.io.IOException: No such file or directory
05-13 05:02:38.890  2533  2951 E flymed_connector: Communications error: java.io.IOException: No such file or directory
05-13 05:02:38.894  2533  2951 E flymed_connector: Error in NativeDaemonConnector: java.io.IOException: No such file or directory
05-13 05:02:43.898  2533  2951 E flymed_connector: Communications error: java.io.IOException: No such file or directory
05-13 05:02:43.900  2533  2951 E flymed_connector: Error in NativeDaemonConnector: java.io.IOException: No such file or directory
05-13 05:02:48.904  2533  2951 E flymed_connector: Communications error: java.io.IOException: No such file or directory
05-13 05:02:48.907  2533  2951 E flymed_connector: Error in NativeDaemonConnector: java.io.IOException: No such file or directory
05-13 05:02:53.912  2533  2951 E flymed_connector: Communications error: java.io.IOException: No such file or directory
05-13 05:02:53.917  2533  2951 E flymed_connector: Error in NativeDaemonConnector: java.io.IOException: No such file or directory
05-13 05:02:58.921  2533  2951 E flymed_connector: Communications error: java.io.IOException: No such file or directory
05-13 05:02:58.926  2533  2951 E flymed_connector: Error in NativeDaemonConnector: java.io.IOException: No such file or directory
05-13 05:03:03.929  2533  2951 E flymed_connector: Communications error: java.io.IOException: No such file or directory
05-13 05:03:03.931  2533  2951 E flymed_connector: Error in NativeDaemonConnector: java.io.IOException: No such file or directory
05-13 05:03:08.937  2533  2951 E flymed_connector: Communications error: java.io.IOException: No such file or directory
05-13 05:03:08.940  2533  2951 E flymed_connector: Error in NativeDaemonConnector: java.io.IOException: No such file or directory
05-13 05:03:13.943  2533  2951 E flymed_connector: Communications error: java.io.IOException: No such file or directory
05-13 05:03:13.946  2533  2951 E flymed_connector: Error in NativeDaemonConnector: java.io.IOException: No such file or directory
05-13 05:03:18.949  2533  2951 E flymed_connector: Communications error: java.io.IOException: No such file or directory
05-13 05:03:18.955  2533  2951 E flymed_connector: Error in NativeDaemonConnector: java.io.IOException: No such file or directory
05-13 05:03:23.958  2533  2951 E flymed_connector: Communications error: java.io.IOException: No such file or directory
05-13 05:03:23.961  2533  2951 E flymed_connector: Error in NativeDaemonConnector: java.io.IOException: No such file or directory
05-13 05:03:28.964  2533  2951 E flymed_connector: Communications error: java.io.IOException: No such file or directory
05-13 05:03:28.966  2533  2951 E flymed_connector: Error in NativeDaemonConnector: java.io.IOException: No such file or directory
05-13 05:03:33.970  2533  2951 E flymed_connector: Communications error: java.io.IOException: No such file or directory
05-13 05:03:33.973  2533  2951 E flymed_connector: Error in NativeDaemonConnector: java.io.IOException: No such file or directory
05-13 05:03:38.976  2533  2951 E flymed_connector: Communications error: java.io.IOException: No such file or directory
05-13 05:03:38.981  2533  2951 E flymed_connector: Error in NativeDaemonConnector: java.io.IOException: No such file or directory
05-13 05:03:43.984  2533  2951 E flymed_connector: Communications error: java.io.IOException: No such file or directory
05-13 05:03:43.986  2533  2951 E flymed_connector: Error in NativeDaemonConnector: java.io.IOException: No such file or directory
05-13 05:03:48.990  2533  2951 E flymed_connector: Communications error: java.io.IOException: No such file or directory
05-13 05:03:48.995  2533  2951 E flymed_connector: Error in NativeDaemonConnector: java.io.IOException: No such file or directory
05-13 05:03:53.998  2533  2951 E flymed_connector: Communications error: java.io.IOException: No such file or directory
05-13 05:03:54.001  2533  2951 E flymed_connector: Error in NativeDaemonConnector: java.io.IOException: No such file or directory
05-13 05:03:59.004  2533  2951 E flymed_connector: Communications error: java.io.IOException: No such file or directory
05-13 05:03:59.007  2533  2951 E flymed_connector: Error in NativeDaemonConnector: java.io.IOException: No such file or directory
05-13 05:04:04.011  2533  2951 E flymed_connector: Communications error: java.io.IOException: No such file or directory
05-13 05:04:04.014  2533  2951 E flymed_connector: Error in NativeDaemonConnector: java.io.IOException: No such file or directory
05-13 05:04:09.017  2533  2951 E flymed_connector: Communications error: java.io.IOException: No such file or directory
05-13 05:04:09.019  2533  2951 E flymed_connector: Error in NativeDaemonConnector: java.io.IOException: No such file or directory
05-13 05:04:14.023  2533  2951 E flymed_connector: Communications error: java.io.IOException: No such file or directory
05-13 05:04:14.027  2533  2951 E flymed_connector: Error in NativeDaemonConnector: java.io.IOException: No such file or directory
05-13 05:04:19.030  2533  2951 E flymed_connector: Communications error: java.io.IOException: No such file or directory
05-13 05:04:19.033  2533  2951 E flymed_connector: Error in NativeDaemonConnector: java.io.IOException: No such file or directory
05-13 05:04:24.039  2533  2951 E flymed_connector: Communications error: java.io.IOException: No such file or directory
05-13 05:04:24.041  2533  2951 E flymed_connector: Error in NativeDaemonConnector: java.io.IOException: No such file or directory
05-13 05:04:29.044  2533  2951 E flymed_connector: Communications error: java.io.IOException: No such file or directory
05-13 05:04:29.047  2533  2951 E flymed_connector: Error in NativeDaemonConnector: java.io.IOException: No such file or directory
05-13 05:04:34.050  2533  2951 E flymed_connector: Communications error: java.io.IOException: No such file or directory
05-13 05:04:34.055  2533  2951 E flymed_connector: Error in NativeDaemonConnector: java.io.IOException: No such file or directory
05-13 05:04:39.058  2533  2951 E flymed_connector: Communications error: java.io.IOException: No such file or directory
05-13 05:04:39.061  2533  2951 E flymed_connector: Error in NativeDaemonConnector: java.io.IOException: No such file or directory
05-13 05:04:44.067  2533  2951 E flymed_connector: Communications error: java.io.IOException: No such file or directory
05-13 05:04:44.070  2533  2951 E flymed_connector: Error in NativeDaemonConnector: java.io.IOException: No such file or directory
05-13 05:04:49.073  2533  2951 E flymed_connector: Communications error: java.io.IOException: No such file or directory
05-13 05:04:49.076  2533  2951 E flymed_connector: Error in NativeDaemonConnector: java.io.IOException: No such file or directory
05-13 05:04:54.079  2533  2951 E flymed_connector: Communications error: java.io.IOException: No such file or directory
05-13 05:04:54.082  2533  2951 E flymed_connector: Error in NativeDaemonConnector: java.io.IOException: No such file or directory
05-13 05:04:59.085  2533  2951 E flymed_connector: Communications error: java.io.IOException: No such file or directory
05-13 05:04:59.087  2533  2951 E flymed_connector: Error in NativeDaemonConnector: java.io.IOException: No such file or directory
05-13 05:05:04.091  2533  2951 E flymed_connector: Communications error: java.io.IOException: No such file or directory
05-13 05:05:04.095  2533  2951 E flymed_connector: Error in NativeDaemonConnector: java.io.IOException: No such file or directory
05-13 05:05:09.098  2533  2951 E flymed_connector: Communications error: java.io.IOException: No such file or directory
05-13 05:05:09.102  2533  2951 E flymed_connector: Error in NativeDaemonConnector: java.io.IOException: No such file or directory
05-13 05:05:14.105  2533  2951 E flymed_connector: Communications error: java.io.IOException: No such file or directory
05-13 05:05:14.108  2533  2951 E flymed_connector: Error in NativeDaemonConnector: java.io.IOException: No such file or directory
05-13 05:05:19.111  2533  2951 E flymed_connector: Communications error: java.io.IOException: No such file or directory
05-13 05:05:19.117  2533  2951 E flymed_connector: Error in NativeDaemonConnector: java.io.IOException: No such file or directory
05-13 05:05:24.120  2533  2951 E flymed_connector: Communications error: java.io.IOException: No such file or directory
05-13 05:05:24.123  2533  2951 E flymed_connector: Error in NativeDaemonConnector: java.io.IOException: No such file or directory
05-13 05:05:29.129  2533  2951 E flymed_connector: Communications error: java.io.IOException: No such file or directory
05-13 05:05:29.131  2533  2951 E flymed_connector: Error in NativeDaemonConnector: java.io.IOException: No such file or directory
05-13 05:05:34.139  2533  2951 E flymed_connector: Communications error: java.io.IOException: No such file or directory
05-13 05:05:34.142  2533  2951 E flymed_connector: Error in NativeDaemonConnector: java.io.IOException: No such file or directory
05-13 05:05:39.145  2533  2951 E flymed_connector: Communications error: java.io.IOException: No such file or directory
05-13 05:05:39.148  2533  2951 E flymed_connector: Error in NativeDaemonConnector: java.io.IOException: No such file or directory
05-13 05:05:44.151  2533  2951 E flymed_connector: Communications error: java.io.IOException: No such file or directory
05-13 05:05:44.156  2533  2951 E flymed_connector: Error in NativeDaemonConnector: java.io.IOException: No such file or directory
05-13 05:05:49.160  2533  2951 E flymed_connector: Communications error: java.io.IOException: No such file or directory
05-13 05:05:49.164  2533  2951 E flymed_connector: Error in NativeDaemonConnector: java.io.IOException: No such file or directory
05-13 05:05:54.167  2533  2951 E flymed_connector: Communications error: java.io.IOException: No such file or directory
05-13 05:05:54.172  2533  2951 E flymed_connector: Error in NativeDaemonConnector: java.io.IOException: No such file or directory
05-13 05:05:59.175  2533  2951 E flymed_connector: Communications error: java.io.IOException: No such file or directory
05-13 05:05:59.179  2533  2951 E flymed_connector: Error in NativeDaemonConnector: java.io.IOException: No such file or directory
05-13 05:06:04.155  2533  2581 E BatteryStatsService: no controller energy info supplied
05-13 05:06:04.155  2533  2581 E BatteryStatsService: no controller energy info supplied
05-13 05:06:04.181  2533  2951 E flymed_connector: Communications error: java.io.IOException: No such file or directory
05-13 05:06:04.183  2533  2951 E flymed_connector: Error in NativeDaemonConnector: java.io.IOException: No such file or directory
05-13 05:06:04.212  2533  2581 E KernelWakelockReader: neither /proc/wakelocks nor /d/wakeup_sources exists
05-13 05:06:04.213  2533  2581 E BatteryStatsService: modem info is invalid: ModemActivityInfo{ mTimestamp=0 mSleepTimeMs=0 mIdleTimeMs=0 mTxTimeMs[]=[0, 0, 0, 0, 0] mRxTimeMs=0 mEnergyUsed=0}
05-13 05:06:09.186  2533  2951 E flymed_connector: Communications error: java.io.IOException: No such file or directory
05-13 05:06:09.189  2533  2951 E flymed_connector: Error in NativeDaemonConnector: java.io.IOException: No such file or directory
05-13 05:06:14.195  2533  2951 E flymed_connector: Communications error: java.io.IOException: No such file or directory
05-13 05:06:14.200  2533  2951 E flymed_connector: Error in NativeDaemonConnector: java.io.IOException: No such file or directory
05-13 05:06:19.203  2533  2951 E flymed_connector: Communications error: java.io.IOException: No such file or directory
05-13 05:06:19.206  2533  2951 E flymed_connector: Error in NativeDaemonConnector: java.io.IOException: No such file or directory
05-13 05:06:24.209  2533  2951 E flymed_connector: Communications error: java.io.IOException: No such file or directory
05-13 05:06:24.212  2533  2951 E flymed_connector: Error in NativeDaemonConnector: java.io.IOException: No such file or directory
05-13 05:06:29.215  2533  2951 E flymed_connector: Communications error: java.io.IOException: No such file or directory
05-13 05:06:29.217  2533  2951 E flymed_connector: Error in NativeDaemonConnector: java.io.IOException: No such file or directory
05-13 05:06:34.221  2533  2951 E flymed_connector: Communications error: java.io.IOException: No such file or directory
05-13 05:06:34.223  2533  2951 E flymed_connector: Error in NativeDaemonConnector: java.io.IOException: No such file or directory
05-13 05:06:39.226  2533  2951 E flymed_connector: Communications error: java.io.IOException: No such file or directory
05-13 05:06:39.231  2533  2951 E flymed_connector: Error in NativeDaemonConnector: java.io.IOException: No such file or directory
05-13 05:06:44.234  2533  2951 E flymed_connector: Communications error: java.io.IOException: No such file or directory
05-13 05:06:44.237  2533  2951 E flymed_connector: Error in NativeDaemonConnector: java.io.IOException: No such file or directory
05-13 05:06:49.243  2533  2951 E flymed_connector: Communications error: java.io.IOException: No such file or directory
05-13 05:06:49.245  2533  2951 E flymed_connector: Error in NativeDaemonConnector: java.io.IOException: No such file or directory
05-13 05:06:54.248  2533  2951 E flymed_connector: Communications error: java.io.IOException: No such file or directory
05-13 05:06:54.251  2533  2951 E flymed_connector: Error in NativeDaemonConnector: java.io.IOException: No such file or directory
05-13 05:06:59.257  2533  2951 E flymed_connector: Communications error: java.io.IOException: No such file or directory
05-13 05:06:59.260  2533  2951 E flymed_connector: Error in NativeDaemonConnector: java.io.IOException: No such file or directory
05-13 05:07:04.266  2533  2951 E flymed_connector: Communications error: java.io.IOException: No such file or directory
05-13 05:07:04.270  2533  2951 E flymed_connector: Error in NativeDaemonConnector: java.io.IOException: No such file or directory
05-13 05:07:09.275  2533  2951 E flymed_connector: Communications error: java.io.IOException: No such file or directory
05-13 05:07:09.278  2533  2951 E flymed_connector: Error in NativeDaemonConnector: java.io.IOException: No such file or directory
05-13 05:07:14.281  2533  2951 E flymed_connector: Communications error: java.io.IOException: No such file or directory
05-13 05:07:14.283  2533  2951 E flymed_connector: Error in NativeDaemonConnector: java.io.IOException: No such file or directory
05-13 05:07:19.290  2533  2951 E flymed_connector: Communications error: java.io.IOException: No such file or directory
05-13 05:07:19.292  2533  2951 E flymed_connector: Error in NativeDaemonConnector: java.io.IOException: No such file or directory
05-13 05:07:24.297  2533  2951 E flymed_connector: Communications error: java.io.IOException: No such file or directory
05-13 05:07:24.300  2533  2951 E flymed_connector: Error in NativeDaemonConnector: java.io.IOException: No such file or directory
05-13 05:07:29.303  2533  2951 E flymed_connector: Communications error: java.io.IOException: No such file or directory
05-13 05:07:29.306  2533  2951 E flymed_connector: Error in NativeDaemonConnector: java.io.IOException: No such file or directory
05-13 05:07:34.310  2533  2951 E flymed_connector: Communications error: java.io.IOException: No such file or directory
05-13 05:07:34.312  2533  2951 E flymed_connector: Error in NativeDaemonConnector: java.io.IOException: No such file or directory
05-13 05:07:39.315  2533  2951 E flymed_connector: Communications error: java.io.IOException: No such file or directory
05-13 05:07:39.318  2533  2951 E flymed_connector: Error in NativeDaemonConnector: java.io.IOException: No such file or directory
05-13 05:07:44.323  2533  2951 E flymed_connector: Communications error: java.io.IOException: No such file or directory
05-13 05:07:44.326  2533  2951 E flymed_connector: Error in NativeDaemonConnector: java.io.IOException: No such file or directory
05-13 05:07:49.329  2533  2951 E flymed_connector: Communications error: java.io.IOException: No such file or directory
05-13 05:07:49.332  2533  2951 E flymed_connector: Error in NativeDaemonConnector: java.io.IOException: No such file or directory
05-13 05:07:54.334  2533  2951 E flymed_connector: Communications error: java.io.IOException: No such file or directory
05-13 05:07:54.335  2533  2951 E flymed_connector: Error in NativeDaemonConnector: java.io.IOException: No such file or directory
05-13 05:07:55.297  9708  9755 E ActivityThread: Failed to find provider info for com.android.contacts
05-13 05:07:55.327  9708  9755 E ActivityThread: Failed to find provider info for com.android.contacts
05-13 05:07:55.335  9708  9764 E ActivityThread: Failed to find provider info for com.android.contacts
05-13 05:07:55.808  9708  9734 E ActivityThread: Failed to find provider info for call_log
05-13 05:07:55.818  2533 10629 E ActivityThread: Failed to find provider info for call_log
05-13 05:07:58.106  2533  3406 E ActivityThread: Failed to find provider info for com.android.contacts
05-13 05:07:58.132  9708 10654 E ActivityThread: Failed to find provider info for com.android.contacts
05-13 05:07:58.163  3304  3304 E TelephonyConnectionService: Exception: java.lang.NullPointerException: Attempt to invoke interface method 'boolean org.codeaurora.internal.IExtTelephony.isLocalEmergencyNumber(java.lang.String)' on a null object reference
05-13 05:07:58.190   262  6426 E ACDB-LOADER: Error: ACDB AudProc vol returned = -19
05-13 05:07:58.305  9708  9734 E ActivityThread: Failed to find provider info for call_log
05-13 05:07:58.306  9708  9734 E ActivityThread: Failed to find provider info for call_log
05-13 05:07:58.308  2533 10669 E ActivityThread: Failed to find provider info for call_log
05-13 05:07:58.346  3304  3304 E TelephonyConnectionService: Exception: java.lang.NullPointerException: Attempt to invoke interface method 'boolean org.codeaurora.internal.IExtTelephony.isLocalEmergencyNumber(java.lang.String)' on a null object reference
05-13 05:07:58.507  9708  9734 E ActivityThread: Failed to find provider info for call_log
05-13 05:07:58.543  2533 10629 E ActivityThread: Failed to find provider info for call_log
05-13 05:07:59.107  9708  9734 E ActivityThread: Failed to find provider info for call_log
05-13 05:07:59.125  2533 10648 E ActivityThread: Failed to find provider info for call_log
05-13 05:07:59.337  2533  2951 E flymed_connector: Communications error: java.io.IOException: No such file or directory
05-13 05:07:59.340  2533  2951 E flymed_connector: Error in NativeDaemonConnector: java.io.IOException: No such file or directory
05-13 05:08:00.924  3304  3304 E TelephonyConnectionService: Exception: java.lang.NullPointerException: Attempt to invoke interface method 'boolean org.codeaurora.internal.IExtTelephony.isLocalEmergencyNumber(java.lang.String)' on a null object reference
05-13 05:08:00.963  3304  3304 E TelephonyConnectionService: Exception: java.lang.NullPointerException: Attempt to invoke interface method 'boolean org.codeaurora.internal.IExtTelephony.isLocalEmergencyNumber(java.lang.String)' on a null object reference
05-13 05:08:04.344  2533  2951 E flymed_connector: Communications error: java.io.IOException: No such file or directory
05-13 05:08:04.347  2533  2951 E flymed_connector: Error in NativeDaemonConnector: java.io.IOException: No such file or directory
05-13 05:08:09.350  2533  2951 E flymed_connector: Communications error: java.io.IOException: No such file or directory
05-13 05:08:09.353  2533  2951 E flymed_connector: Error in NativeDaemonConnector: java.io.IOException: No such file or directory
05-13 05:08:14.356  2533  2951 E flymed_connector: Communications error: java.io.IOException: No such file or directory
05-13 05:08:14.360  2533  2951 E flymed_connector: Error in NativeDaemonConnector: java.io.IOException: No such file or directory
05-13 05:08:19.363  2533  2951 E flymed_connector: Communications error: java.io.IOException: No such file or directory
05-13 05:08:19.367  2533  2951 E flymed_connector: Error in NativeDaemonConnector: java.io.IOException: No such file or directory
05-13 05:08:24.370  2533  2951 E flymed_connector: Communications error: java.io.IOException: No such file or directory
05-13 05:08:24.374  2533  2951 E flymed_connector: Error in NativeDaemonConnector: java.io.IOException: No such file or directory
05-13 05:08:29.377  2533  2951 E flymed_connector: Communications error: java.io.IOException: No such file or directory
05-13 05:08:29.380  2533  2951 E flymed_connector: Error in NativeDaemonConnector: java.io.IOException: No such file or directory
05-13 05:08:32.917  9708  9734 E ActivityThread: Failed to find provider info for call_log
05-13 05:08:32.919  9708  9734 E ActivityThread: Failed to find provider info for call_log
05-13 05:08:32.931  2533 10747 E ActivityThread: Failed to find provider info for call_log
05-13 05:08:34.384  2533  2951 E flymed_connector: Communications error: java.io.IOException: No such file or directory
05-13 05:08:34.387  2533  2951 E flymed_connector: Error in NativeDaemonConnector: java.io.IOException: No such file or directory
05-13 05:08:39.392  2533  2951 E flymed_connector: Communications error: java.io.IOException: No such file or directory
05-13 05:08:39.406  2533  2951 E flymed_connector: Error in NativeDaemonConnector: java.io.IOException: No such file or directory
05-13 05:08:43.120  9708  9795 E ActivityThread: Failed to find provider info for com.android.contacts
05-13 05:08:43.128  9708  9795 E ActivityThread: Failed to find provider info for com.android.contacts
05-13 05:08:43.154  9708  9796 E ActivityThread: Failed to find provider info for com.android.contacts
05-13 05:08:43.616  9708  9734 E ActivityThread: Failed to find provider info for call_log
05-13 05:08:43.626  2533 10852 E ActivityThread: Failed to find provider info for call_log
05-13 05:08:44.407  2533  2951 E flymed_connector: Communications error: java.io.IOException: No such file or directory
05-13 05:08:44.408  2533  2951 E flymed_connector: Error in NativeDaemonConnector: java.io.IOException: No such file or directory
05-13 05:08:44.888  9708  9795 E ActivityThread: Failed to find provider info for com.android.contacts
05-13 05:08:44.892  9708  9795 E ActivityThread: Failed to find provider info for com.android.contacts
05-13 05:08:44.893  9708  9796 E ActivityThread: Failed to find provider info for com.android.contacts
05-13 05:08:45.477  4263  4445 E NetworkManagementMz: TrafficStatistic: policy is not null
05-13 05:08:49.409  2533  2951 E flymed_connector: Communications error: java.io.IOException: No such file or directory
05-13 05:08:49.409  2533  2951 E flymed_connector: Error in NativeDaemonConnector: java.io.IOException: No such file or directory
05-13 05:08:54.410  2533  2951 E flymed_connector: Communications error: java.io.IOException: No such file or directory
05-13 05:08:54.411  2533  2951 E flymed_connector: Error in NativeDaemonConnector: java.io.IOException: No such file or directory
05-13 05:08:59.414  2533  2951 E flymed_connector: Communications error: java.io.IOException: No such file or directory
05-13 05:08:59.420  2533  2951 E flymed_connector: Error in NativeDaemonConnector: java.io.IOException: No such file or directory
05-13 05:09:04.424  2533  2951 E flymed_connector: Communications error: java.io.IOException: No such file or directory
05-13 05:09:04.428  2533  2951 E flymed_connector: Error in NativeDaemonConnector: java.io.IOException: No such file or directory
05-13 05:09:06.886  4263  4445 E NetworkManagementMz: TrafficStatistic: policy is not null
05-13 05:09:09.431  2533  2951 E flymed_connector: Communications error: java.io.IOException: No such file or directory
05-13 05:09:09.434  2533  2951 E flymed_connector: Error in NativeDaemonConnector: java.io.IOException: No such file or directory
05-13 05:09:14.437  2533  2951 E flymed_connector: Communications error: java.io.IOException: No such file or directory
05-13 05:09:14.440  2533  2951 E flymed_connector: Error in NativeDaemonConnector: java.io.IOException: No such file or directory
05-13 05:09:19.446  2533  2951 E flymed_connector: Communications error: java.io.IOException: No such file or directory
05-13 05:09:19.451  2533  2951 E flymed_connector: Error in NativeDaemonConnector: java.io.IOException: No such file or directory
05-13 05:09:24.454  2533  2951 E flymed_connector: Communications error: java.io.IOException: No such file or directory
