--------- beginning of system
05-13 02:45:38.296   214   226 E vold    : Failed to prepare /data/user_de/0: Success
05-13 02:45:38.296   214   226 E vold    : Failed to prepare user 0 storage
05-13 02:46:25.970  2518  2518 E PackageManager: There should probably be exactly one setup wizard; found 0: matches=[]
05-13 02:46:25.970  2518  2518 E PackageManager: updateAllSharedLibrariesLPw failed: Package com.flyme.virtual.softsim requires unavailable shared library com.qualcomm.uimremoteclientlibrary; failing!
05-13 02:46:25.971  2518  2518 E PackageManager: updateAllSharedLibrariesLPw failed: Package com.android.settings requires unavailable shared library com.qti.snapdragon.sdk.display; failing!
05-13 02:47:11.892  2518  2518 E PackageDefaultOp: PackageDefaultOpService
05-13 02:47:11.893  2518  2518 E PackageDefaultOp: readList
05-13 02:47:11.893  2518  2518 E PackageDefaultOp: /data/system/testlist not exist
05-13 02:47:19.153  2518  2858 E flymed_connector: Communications error: java.io.IOException: No such file or directory
05-13 02:47:19.154  2518  2858 E flymed_connector: Error in NativeDaemonConnector: java.io.IOException: No such file or directory
05-13 02:47:19.795  2518  2518 E ConnectivityService: Ignoring protectedNetwork 15
05-13 02:47:19.987  2518  2518 E WallpaperManagerService: Invalid wallpaper data
05-13 02:47:19.988  2518  2518 E WallpaperManagerService: Unable to apply new wallpaper
05-13 02:47:20.312  2518  2518 E LockSettingsStorage: Cannot read file java.io.FileNotFoundException: /data/system/gatekeeper.password.key: open failed: ENOENT (No such file or directory)
05-13 02:47:20.313  2518  2518 E LockSettingsStorage: Cannot read file java.io.FileNotFoundException: /data/system/password.key: open failed: ENOENT (No such file or directory)
05-13 02:47:20.313  2518  2518 E LockSettingsStorage: Cannot read file java.io.FileNotFoundException: /data/system/gatekeeper.pattern.key: open failed: ENOENT (No such file or directory)
05-13 02:47:20.314  2518  2518 E LockSettingsStorage: Cannot read file java.io.FileNotFoundException: /data/system/gatekeeper.gesture.key: open failed: ENOENT (No such file or directory)
05-13 02:47:20.314  2518  2518 E LockSettingsStorage: Cannot read file java.io.FileNotFoundException: /data/system/gesture.key: open failed: ENOENT (No such file or directory)
05-13 02:47:20.376  2518  2518 E PerformanceManager: System is not ready, dropping profile request
05-13 02:47:20.478  2518  2518 E InputMethodManagerService: Ignoring updateSystemUiLocked due to an invalid token. uid:1000 token:null
05-13 02:47:20.493  2518  2518 E WallpaperManagerService: Invalid wallpaper data
05-13 02:47:20.493  2518  2518 E WallpaperManagerService: Unable to apply new wallpaper
05-13 02:47:21.276  2518  2518 E BrokerableCMSystemService: Target component lacks cyanogenmod.permission.BIND_CORE_SERVICE service permission, failing ComponentInfo{org.cyanogenmod.cmaudio.service/org.cyanogenmod.cmaudio.service.CMAudioService}
05-13 02:47:21.840  2518  2569 E BatteryStatsService: no controller energy info supplied
05-13 02:47:21.842  2518  2569 E KernelWakelockReader: neither /proc/wakelocks nor /d/wakeup_sources exists
05-13 02:47:21.857  2518  2569 E BatteryStatsService: no controller energy info supplied
05-13 02:47:21.861  2518  2569 E KernelWakelockReader: neither /proc/wakelocks nor /d/wakeup_sources exists
05-13 02:47:21.909  2518  3317 E ActivityThread: Failed to find provider info for call_log
05-13 02:47:22.423  2518  2874 E ActivityThread: Failed to find provider info for com.android.calendar
05-13 02:47:22.426  2518  2874 E ActivityThread: Failed to find provider info for com.android.calendar
05-13 02:47:22.426  2518  3317 E ActivityThread: Failed to find provider info for com.android.soundrecorder.provider
05-13 02:47:22.552  3231  3489 E ActivityThread: Failed to find provider info for com.android.contacts
05-13 02:47:22.645  3231  3231 E ActivityThread: Failed to find provider info for com.meizu.cloud
05-13 02:47:22.654  3231  3231 E ActivityThread: Failed to find provider info for com.meizu.cloud
05-13 02:47:22.656  3231  3231 E ActivityThread: Failed to find provider info for com.meizu.cloud
05-13 02:47:22.872  2912  3159 E ActivityThread: Failed to find provider info for com.android.contacts
05-13 02:47:23.209  3231  3701 E ActivityThread: Failed to find provider info for com.meizu.usagestats
05-13 02:47:23.290  2912  3596 E ActivityThread: Failed to find provider info for com.meizu.breakingscam.provider.BreakingScamContentProvider
05-13 02:47:23.380  2912  3604 E ActivityThread: Failed to find provider info for com.meizu.breakingscam.provider.BreakingScamContentProvider
05-13 02:47:24.155  2518  2858 E flymed_connector: Communications error: java.io.IOException: No such file or directory
05-13 02:47:24.156  2518  2858 E flymed_connector: Error in NativeDaemonConnector: java.io.IOException: No such file or directory
05-13 02:47:24.318  2518  2884 E LiveDisplay: Color temperature out of range: 0
05-13 02:47:24.972  2518  2566 E BrokerableCMSystemService: Target component lacks cyanogenmod.permission.BIND_CORE_SERVICE service permission, failing ComponentInfo{org.cyanogenmod.weatherservice/org.cyanogenmod.weatherservice.WeatherManagerService}
05-13 02:47:25.359  2518  2518 E NotificationService: Not posting notification without small icon: Notification(pri=-2 contentView=com.flyme.systemuitools/0x109008b vibrate=null sound=null defaults=0x0 flags=0x10000062 color=0xff607d8b vis=PRIVATE)
05-13 02:47:25.359  2518  2518 E NotificationService: WARNING: In a future release this will crash the app: com.flyme.systemuitools
05-13 02:47:29.157  2518  2858 E flymed_connector: Communications error: java.io.IOException: No such file or directory
05-13 02:47:29.157  2518  2858 E flymed_connector: Error in NativeDaemonConnector: java.io.IOException: No such file or directory
05-13 02:47:32.611  3231  3505 E ActivityThread: Failed to find provider info for com.meizu.flyme.telecom.provider
05-13 02:47:32.814  4598  4773 E ActivityThread: Failed to find provider info for call_log
05-13 02:47:34.158  2518  2858 E flymed_connector: Communications error: java.io.IOException: No such file or directory
05-13 02:47:34.158  2518  2858 E flymed_connector: Error in NativeDaemonConnector: java.io.IOException: No such file or directory
05-13 02:47:34.825  2518  3451 E ActivityManager: applyOptionsLocked: Unknown animationType=0
05-13 02:47:35.013  3120  4946 E ActivityThread: Failed to find provider info for com.qti.smq.qualcommFeedback.provider
05-13 02:47:39.003  2518  2518 E NotificationService: Not posting notification without small icon: Notification(pri=-2 contentView=com.android.mms/0x109008b vibrate=null sound=null defaults=0x0 flags=0x10000062 color=0xff607d8b vis=PRIVATE)
05-13 02:47:39.003  2518  2518 E NotificationService: WARNING: In a future release this will crash the app: com.android.mms
05-13 02:47:39.159  2518  2858 E flymed_connector: Communications error: java.io.IOException: No such file or directory
05-13 02:47:39.163  2518  2858 E flymed_connector: Error in NativeDaemonConnector: java.io.IOException: No such file or directory
05-13 02:47:40.139  5194  5306 E ActivityThread: Failed to find provider info for call_log
05-13 02:47:40.145  5194  5307 E ActivityThread: Failed to find provider info for call_log
05-13 02:47:40.146  5194  5308 E ActivityThread: Failed to find provider info for com.android.contacts
05-13 02:47:40.148  5194  5308 E ActivityThread: Failed to find provider info for com.android.contacts
05-13 02:47:40.203  5194  5306 E ActivityThread: Failed to find provider info for call_log
05-13 02:47:40.204  5194  5307 E ActivityThread: Failed to find provider info for com.android.contacts
05-13 02:47:40.205  5194  5307 E ActivityThread: Failed to find provider info for com.android.contacts
05-13 02:47:40.561  2518  3317 E ActivityThread: Failed to find provider info for call_log
05-13 02:47:41.449  5194  5440 E ActivityThread: Failed to find provider info for com.android.contacts
05-13 02:47:41.450  5194  5440 E ActivityThread: Failed to find provider info for com.android.contacts
05-13 02:47:41.451  5194  5440 E ActivityThread: Failed to find provider info for com.android.contacts
05-13 02:47:41.479  5194  5241 E ActivityThread: Failed to find provider info for call_log
05-13 02:47:41.486  2518  3320 E ActivityThread: Failed to find provider info for call_log
05-13 02:47:41.563  5194  5241 E ActivityThread: Failed to find provider info for com.android.contacts
05-13 02:47:41.564  5194  5241 E ActivityThread: Failed to find provider info for com.android.contacts
05-13 02:47:41.565  5194  5241 E ActivityThread: Failed to find provider info for com.meizu.cloud
05-13 02:47:41.955  5194  5386 E ActivityThread: Failed to find provider info for com.android.contacts
05-13 02:47:42.018  5194  5355 E ActivityThread: Failed to find provider info for com.android.contacts
05-13 02:47:42.026  5194  5388 E ActivityThread: Failed to find provider info for com.android.contacts
05-13 02:47:42.027  5194  5388 E ActivityThread: Failed to find provider info for com.android.contacts
05-13 02:47:43.402  5194  5241 E ActivityThread: Failed to find provider info for call_log
05-13 02:47:43.411  5194  5241 E ActivityThread: Failed to find provider info for call_log
05-13 02:47:43.519  2518  2877 E ActivityThread: Failed to find provider info for call_log
05-13 02:47:44.164  2518  2858 E flymed_connector: Communications error: java.io.IOException: No such file or directory
05-13 02:47:44.165  2518  2858 E flymed_connector: Error in NativeDaemonConnector: java.io.IOException: No such file or directory
05-13 02:47:45.212  2518  3317 E ActivityThread: Failed to find provider info for com.android.contacts
05-13 02:47:45.216  5194  5663 E ActivityThread: Failed to find provider info for com.android.contacts
05-13 02:47:45.322  2518  3320 E ActivityThread: Failed to find provider info for com.android.contacts
05-13 02:47:45.323  2518  3320 E ActivityThread: Failed to find provider info for call_log
05-13 02:47:45.483  5194  5241 E ActivityThread: Failed to find provider info for call_log
05-13 02:47:45.487  2518  2877 E ActivityThread: Failed to find provider info for call_log
05-13 02:47:46.173  5194  5241 E ActivityThread: Failed to find provider info for call_log
05-13 02:47:46.183  2518  3308 E ActivityThread: Failed to find provider info for call_log
05-13 02:47:49.166  2518  2858 E flymed_connector: Communications error: java.io.IOException: No such file or directory
05-13 02:47:49.166  2518  2858 E flymed_connector: Error in NativeDaemonConnector: java.io.IOException: No such file or directory
05-13 02:47:54.167  2518  2858 E flymed_connector: Communications error: java.io.IOException: No such file or directory
05-13 02:47:54.167  2518  2858 E flymed_connector: Error in NativeDaemonConnector: java.io.IOException: No such file or directory
05-13 02:47:56.012  5194  5241 E ActivityThread: Failed to find provider info for call_log
05-13 02:47:56.014  5194  5241 E ActivityThread: Failed to find provider info for call_log
05-13 02:47:56.017  2518  3308 E ActivityThread: Failed to find provider info for call_log
05-13 02:47:58.969  2518  2934 E BatteryStatsService: no controller energy info supplied
05-13 02:47:58.972  2518  2934 E BatteryStatsService: no controller energy info supplied
05-13 02:47:58.996  2518  2934 E KernelWakelockReader: neither /proc/wakelocks nor /d/wakeup_sources exists
05-13 02:47:58.996  2518  2934 E BatteryStatsService: modem info is invalid: ModemActivityInfo{ mTimestamp=0 mSleepTimeMs=0 mIdleTimeMs=0 mTxTimeMs[]=[0, 0, 0, 0, 0] mRxTimeMs=0 mEnergyUsed=0}
05-13 02:47:59.168  2518  2858 E flymed_connector: Communications error: java.io.IOException: No such file or directory
05-13 02:47:59.168  2518  2858 E flymed_connector: Error in NativeDaemonConnector: java.io.IOException: No such file or directory
05-13 02:48:00.826  5194  5241 E ActivityThread: Failed to find provider info for call_log
05-13 02:48:00.829  2518  2877 E ActivityThread: Failed to find provider info for call_log
05-13 02:48:01.429  5194  5241 E ActivityThread: Failed to find provider info for call_log
05-13 02:48:01.430  5194  5241 E ActivityThread: Failed to find provider info for call_log
05-13 02:48:01.434  2518  3308 E ActivityThread: Failed to find provider info for call_log
05-13 02:48:02.177  2518  3317 E ActivityThread: Failed to find provider info for com.android.contacts
05-13 02:48:02.189  5194  6344 E ActivityThread: Failed to find provider info for com.android.contacts
05-13 02:48:02.583  5194  5241 E ActivityThread: Failed to find provider info for call_log
05-13 02:48:02.585  2518  2877 E ActivityThread: Failed to find provider info for call_log
05-13 02:48:03.143  5194  5241 E ActivityThread: Failed to find provider info for call_log
05-13 02:48:03.147  2518  3308 E ActivityThread: Failed to find provider info for call_log
05-13 02:48:04.169  2518  2858 E flymed_connector: Communications error: java.io.IOException: No such file or directory
05-13 02:48:04.170  2518  2858 E flymed_connector: Error in NativeDaemonConnector: java.io.IOException: No such file or directory
--------- beginning of main
05-13 02:48:06.886  4072  4072 E Launcher: Error start clone app: java.lang.NoSuchFieldException: No field mCloneId in class Landroid/content/Intent; (declaration of 'android.content.Intent' appears in /system/framework/framework.jar)
05-13 02:48:06.887  4072  4072 E Launcher: Error start clone app: java.lang.NoSuchFieldException: No field mCloneId in class Landroid/content/Intent; (declaration of 'android.content.Intent' appears in /system/framework/framework.jar)
05-13 02:48:07.908  5194  5241 E ActivityThread: Failed to find provider info for call_log
05-13 02:48:07.911  5194  5241 E ActivityThread: Failed to find provider info for call_log
05-13 02:48:07.914  2518  3320 E ActivityThread: Failed to find provider info for call_log
05-13 02:48:09.172  2518  2858 E flymed_connector: Communications error: java.io.IOException: No such file or directory
05-13 02:48:09.174  2518  2858 E flymed_connector: Error in NativeDaemonConnector: java.io.IOException: No such file or directory
05-13 02:48:14.177  2518  2858 E flymed_connector: Communications error: java.io.IOException: No such file or directory
05-13 02:48:14.180  2518  2858 E flymed_connector: Error in NativeDaemonConnector: java.io.IOException: No such file or directory
05-13 02:48:19.186  2518  2858 E flymed_connector: Communications error: java.io.IOException: No such file or directory
05-13 02:48:19.189  2518  2858 E flymed_connector: Error in NativeDaemonConnector: java.io.IOException: No such file or directory
05-13 02:48:21.317  6512  6558 E ActivityThread: Failed to find provider info for com.android.contacts
05-13 02:48:21.340  6512  6558 E ActivityThread: Failed to find provider info for com.android.contacts
05-13 02:48:21.401  6560  6560 E cutils-trace: Error opening trace file: No such file or directory (2)
05-13 02:48:21.615  6512  6547 E SmsCenterUtils: getSmsCenterFromSim slotId = 0, isSimReady = true
05-13 02:48:21.631  6512  6547 E SmsCenterUtils: getSmsCenterFromSim slotId = 0, smscAddr = +8613010112500
05-13 02:48:21.724  6577  6577 E cutils-trace: Error opening trace file: No such file or directory (2)
05-13 02:48:21.802  6512  6557 E SmsCenterUtils: getSmsCenterFromSim slotId = 0, isSimReady = true
05-13 02:48:21.812  6512  6557 E SmsCenterUtils: getSmsCenterFromSim slotId = 0, smscAddr = +8613010112500
05-13 02:48:22.314  6589  6589 E cutils-trace: Error opening trace file: No such file or directory (2)
05-13 02:48:22.495  6512  6512 E ConnectToMZService: postParasToMZService :: onErrorResponse() >>>> error = java.net.UnknownHostException: Unable to resolve host "netsms.meizu.com": No address associated with hostname, mRegisterCnts = 1
05-13 02:48:22.519  6512  6512 E ConnectToMZService: postParasToMZService :: onErrorResponse() >>>> error = java.net.UnknownHostException: Unable to resolve host "netsms.meizu.com": No address associated with hostname, mRegisterCnts = 2
05-13 02:48:22.540  6512  6512 E ConnectToMZService: postParasToMZService :: onErrorResponse() >>>> error = java.net.UnknownHostException: Unable to resolve host "netsms.meizu.com": No address associated with hostname, mRegisterCnts = 3
05-13 02:48:23.053  6512  6631 E ActivityThread: Failed to find provider info for com.android.contacts
05-13 02:48:23.289  6641  6641 E cutils-trace: Error opening trace file: No such file or directory (2)
05-13 02:48:23.534  6658  6658 E cutils-trace: Error opening trace file: No such file or directory (2)
05-13 02:48:23.708  6670  6670 E cutils-trace: Error opening trace file: No such file or directory (2)
05-13 02:48:23.929  6684  6684 E cutils-trace: Error opening trace file: No such file or directory (2)
05-13 02:48:24.193  2518  2858 E flymed_connector: Communications error: java.io.IOException: No such file or directory
05-13 02:48:24.196  2518  2858 E flymed_connector: Error in NativeDaemonConnector: java.io.IOException: No such file or directory
05-13 02:48:29.198  2518  2858 E flymed_connector: Communications error: java.io.IOException: No such file or directory
05-13 02:48:29.199  2518  2858 E flymed_connector: Error in NativeDaemonConnector: java.io.IOException: No such file or directory
05-13 02:48:29.939  4072  4072 E Launcher: Error start clone app: java.lang.NoSuchFieldException: No field mCloneId in class Landroid/content/Intent; (declaration of 'android.content.Intent' appears in /system/framework/framework.jar)
05-13 02:48:29.940  4072  4072 E Launcher: Error start clone app: java.lang.NoSuchFieldException: No field mCloneId in class Landroid/content/Intent; (declaration of 'android.content.Intent' appears in /system/framework/framework.jar)
05-13 02:48:30.248  6743  6743 E cutils-trace: Error opening trace file: No such file or directory (2)
05-13 02:48:31.047  6756  6756 E cutils-trace: Error opening trace file: No such file or directory (2)
05-13 02:48:31.685  3120  6774 E ActivityThread: Failed to find provider info for com.qti.smq.qualcommFeedback.provider
05-13 02:48:31.799  6785  6785 E cutils-trace: Error opening trace file: No such file or directory (2)
05-13 02:48:32.100  6794  6794 E cutils-trace: Error opening trace file: No such file or directory (2)
05-13 02:48:32.343  6802  6802 E cutils-trace: Error opening trace file: No such file or directory (2)
05-13 02:48:32.537  6807  6807 E cutils-trace: Error opening trace file: No such file or directory (2)
05-13 02:48:33.777  6822  6822 E cutils-trace: Error opening trace file: No such file or directory (2)
05-13 02:48:34.200  2518  2858 E flymed_connector: Communications error: java.io.IOException: No such file or directory
05-13 02:48:34.201  2518  2858 E flymed_connector: Error in NativeDaemonConnector: java.io.IOException: No such file or directory
05-13 02:48:34.809  6838  6838 E cutils-trace: Error opening trace file: No such file or directory (2)
05-13 02:48:35.967  6859  6859 E cutils-trace: Error opening trace file: No such file or directory (2)
05-13 02:48:36.160  6864  6864 E cutils-trace: Error opening trace file: No such file or directory (2)
05-13 02:48:37.357  6889  6889 E cutils-trace: Error opening trace file: No such file or directory (2)
05-13 02:48:37.605  6903  6903 E cutils-trace: Error opening trace file: No such file or directory (2)
05-13 02:48:37.684  5466  5466 E MzUpdate: RecoveryHelper: not found modify flag file 
05-13 02:48:37.702  5466  6912 E MzUpdateComponent:3.0.0: Update record doesn't exist!
05-13 02:48:37.710  5466  5466 E DebugLogger: isOnDebug false debugConfig false isDebuggable false
05-13 02:48:38.104  6935  6935 E cutils-trace: Error opening trace file: No such file or directory (2)
05-13 02:48:38.308  6944  6944 E cutils-trace: Error opening trace file: No such file or directory (2)
05-13 02:48:38.879  6949  6949 E cutils-trace: Error opening trace file: No such file or directory (2)
05-13 02:48:39.201  2518  2858 E flymed_connector: Communications error: java.io.IOException: No such file or directory
05-13 02:48:39.202  2518  2858 E flymed_connector: Error in NativeDaemonConnector: java.io.IOException: No such file or directory
05-13 02:48:39.414  6959  6959 E cutils-trace: Error opening trace file: No such file or directory (2)
05-13 02:48:40.719  3120  6774 E ActivityThread: Failed to find provider info for com.qti.smq.qualcommFeedback.provider
05-13 02:48:40.756  6979  6979 E cutils-trace: Error opening trace file: No such file or directory (2)
05-13 02:48:42.890  7015  7015 E cutils-trace: Error opening trace file: No such file or directory (2)
05-13 02:48:44.203  2518  2858 E flymed_connector: Communications error: java.io.IOException: No such file or directory
05-13 02:48:44.203  2518  2858 E flymed_connector: Error in NativeDaemonConnector: java.io.IOException: No such file or directory
05-13 02:48:44.211  7049  7049 E cutils-trace: Error opening trace file: No such file or directory (2)
05-13 02:48:45.408  7064  7064 E cutils-trace: Error opening trace file: No such file or directory (2)
05-13 02:48:46.124  7072  7072 E cutils-trace: Error opening trace file: No such file or directory (2)
05-13 02:48:46.317  7081  7081 E cutils-trace: Error opening trace file: No such file or directory (2)
05-13 02:48:47.254  7097  7097 E cutils-trace: Error opening trace file: No such file or directory (2)
05-13 02:48:47.504  7105  7105 E cutils-trace: Error opening trace file: No such file or directory (2)
05-13 02:48:47.717  7110  7110 E cutils-trace: Error opening trace file: No such file or directory (2)
05-13 02:48:49.204  2518  2858 E flymed_connector: Communications error: java.io.IOException: No such file or directory
05-13 02:48:49.205  2518  2858 E flymed_connector: Error in NativeDaemonConnector: java.io.IOException: No such file or directory
05-13 02:48:49.496  7140  7140 E cutils-trace: Error opening trace file: No such file or directory (2)
05-13 02:48:49.748  7145  7145 E cutils-trace: Error opening trace file: No such file or directory (2)
05-13 02:48:50.891  7169  7169 E cutils-trace: Error opening trace file: No such file or directory (2)
05-13 02:48:52.552  7199  7199 E cutils-trace: Error opening trace file: No such file or directory (2)
05-13 02:48:52.759  7204  7204 E cutils-trace: Error opening trace file: No such file or directory (2)
05-13 02:48:53.035  7209  7209 E cutils-trace: Error opening trace file: No such file or directory (2)
05-13 02:48:53.461  7214  7214 E cutils-trace: Error opening trace file: No such file or directory (2)
05-13 02:48:54.206  2518  2858 E flymed_connector: Communications error: java.io.IOException: No such file or directory
05-13 02:48:54.206  2518  2858 E flymed_connector: Error in NativeDaemonConnector: java.io.IOException: No such file or directory
05-13 02:48:54.868  7232  7232 E cutils-trace: Error opening trace file: No such file or directory (2)
05-13 02:48:55.043  7237  7237 E cutils-trace: Error opening trace file: No such file or directory (2)
05-13 02:48:55.563  7243  7243 E cutils-trace: Error opening trace file: No such file or directory (2)
05-13 02:48:55.749  7248  7248 E cutils-trace: Error opening trace file: No such file or directory (2)
05-13 02:48:56.968  7257  7257 E cutils-trace: Error opening trace file: No such file or directory (2)
05-13 02:48:57.708  7270  7270 E cutils-trace: Error opening trace file: No such file or directory (2)
05-13 02:48:58.950  7296  7296 E cutils-trace: Error opening trace file: No such file or directory (2)
05-13 02:48:59.207  2518  2858 E flymed_connector: Communications error: java.io.IOException: No such file or directory
05-13 02:48:59.209  2518  2858 E flymed_connector: Error in NativeDaemonConnector: java.io.IOException: No such file or directory
05-13 02:49:00.255  7315  7315 E cutils-trace: Error opening trace file: No such file or directory (2)
05-13 02:49:00.496  3120  6778 E ActivityThread: Failed to find provider info for com.qti.smq.qualcommFeedback.provider
05-13 02:49:01.705  7338  7338 E cutils-trace: Error opening trace file: No such file or directory (2)
05-13 02:49:04.211  2518  2858 E flymed_connector: Communications error: java.io.IOException: No such file or directory
05-13 02:49:04.213  2518  2858 E flymed_connector: Error in NativeDaemonConnector: java.io.IOException: No such file or directory
05-13 02:49:04.458  7368  7368 E cutils-trace: Error opening trace file: No such file or directory (2)
05-13 02:49:05.075  7379  7379 E cutils-trace: Error opening trace file: No such file or directory (2)
05-13 02:49:05.280  7390  7390 E cutils-trace: Error opening trace file: No such file or directory (2)
05-13 02:49:05.610  7395  7395 E cutils-trace: Error opening trace file: No such file or directory (2)
05-13 02:49:05.952  7401  7401 E cutils-trace: Error opening trace file: No such file or directory (2)
05-13 02:49:07.241  7417  7417 E cutils-trace: Error opening trace file: No such file or directory (2)
05-13 02:49:07.437  7425  7425 E cutils-trace: Error opening trace file: No such file or directory (2)
05-13 02:49:07.662  7430  7430 E cutils-trace: Error opening trace file: No such file or directory (2)
05-13 02:49:07.878  7435  7435 E cutils-trace: Error opening trace file: No such file or directory (2)
05-13 02:49:08.085  7440  7440 E cutils-trace: Error opening trace file: No such file or directory (2)
05-13 02:49:08.291  7445  7445 E cutils-trace: Error opening trace file: No such file or directory (2)
05-13 02:49:09.215  2518  2858 E flymed_connector: Communications error: java.io.IOException: No such file or directory
05-13 02:49:09.215  2518  2858 E flymed_connector: Error in NativeDaemonConnector: java.io.IOException: No such file or directory
05-13 02:49:10.843  7480  7480 E cutils-trace: Error opening trace file: No such file or directory (2)
05-13 02:49:12.592  7505  7505 E cutils-trace: Error opening trace file: No such file or directory (2)
05-13 02:49:14.216  2518  2858 E flymed_connector: Communications error: java.io.IOException: No such file or directory
05-13 02:49:14.218  2518  2858 E flymed_connector: Error in NativeDaemonConnector: java.io.IOException: No such file or directory
05-13 02:49:14.293  7517  7517 E cutils-trace: Error opening trace file: No such file or directory (2)
05-13 02:49:15.047  3120  6783 E ActivityThread: Failed to find provider info for com.qti.smq.qualcommFeedback.provider
05-13 02:49:16.172  7547  7547 E cutils-trace: Error opening trace file: No such file or directory (2)
05-13 02:49:16.382  7552  7552 E cutils-trace: Error opening trace file: No such file or directory (2)
05-13 02:49:17.135  7568  7568 E cutils-trace: Error opening trace file: No such file or directory (2)
05-13 02:49:17.501  7575  7575 E cutils-trace: Error opening trace file: No such file or directory (2)
05-13 02:49:17.707  7580  7580 E cutils-trace: Error opening trace file: No such file or directory (2)
05-13 02:49:19.219  2518  2858 E flymed_connector: Communications error: java.io.IOException: No such file or directory
05-13 02:49:19.219  2518  2858 E flymed_connector: Error in NativeDaemonConnector: java.io.IOException: No such file or directory
05-13 02:49:19.566  7604  7604 E cutils-trace: Error opening trace file: No such file or directory (2)
05-13 02:49:19.825  7609  7609 E cutils-trace: Error opening trace file: No such file or directory (2)
05-13 02:49:20.827  7625  7625 E cutils-trace: Error opening trace file: No such file or directory (2)
05-13 02:49:21.300  7646  7646 E cutils-trace: Error opening trace file: No such file or directory (2)
05-13 02:49:21.878  7656  7656 E cutils-trace: Error opening trace file: No such file or directory (2)
05-13 02:49:22.468  7667  7667 E cutils-trace: Error opening trace file: No such file or directory (2)
05-13 02:49:22.827  7676  7676 E cutils-trace: Error opening trace file: No such file or directory (2)
05-13 02:49:23.341  7707  7707 E cutils-trace: Error opening trace file: No such file or directory (2)
05-13 02:49:23.545  7716  7716 E cutils-trace: Error opening trace file: No such file or directory (2)
05-13 02:49:24.210  7725  7725 E cutils-trace: Error opening trace file: No such file or directory (2)
05-13 02:49:24.220  2518  2858 E flymed_connector: Communications error: java.io.IOException: No such file or directory
05-13 02:49:24.221  2518  2858 E flymed_connector: Error in NativeDaemonConnector: java.io.IOException: No such file or directory
05-13 02:49:24.490  2896  3606 E ActivityThread: Failed to find provider info for com.android.contacts
05-13 02:49:24.909  7746  7746 E cutils-trace: Error opening trace file: No such file or directory (2)
05-13 02:49:25.256  7760  7760 E cutils-trace: Error opening trace file: No such file or directory (2)
05-13 02:49:25.445  7766  7766 E cutils-trace: Error opening trace file: No such file or directory (2)
05-13 02:49:27.199  7796  7796 E cutils-trace: Error opening trace file: No such file or directory (2)
05-13 02:49:27.988  7820  7820 E cutils-trace: Error opening trace file: No such file or directory (2)
05-13 02:49:28.214  7831  7831 E cutils-trace: Error opening trace file: No such file or directory (2)
05-13 02:49:28.490  7836  7836 E cutils-trace: Error opening trace file: No such file or directory (2)
05-13 02:49:28.701  7841  7841 E cutils-trace: Error opening trace file: No such file or directory (2)
05-13 02:49:29.059  7857  7857 E cutils-trace: Error opening trace file: No such file or directory (2)
05-13 02:49:29.222  2518  2858 E flymed_connector: Communications error: java.io.IOException: No such file or directory
05-13 02:49:29.222  2518  2858 E flymed_connector: Error in NativeDaemonConnector: java.io.IOException: No such file or directory
05-13 02:49:31.320  7876  7876 E cutils-trace: Error opening trace file: No such file or directory (2)
05-13 02:49:31.601  7881  7881 E cutils-trace: Error opening trace file: No such file or directory (2)
05-13 02:49:32.031  7892  7892 E cutils-trace: Error opening trace file: No such file or directory (2)
05-13 02:49:32.235  7897  7897 E cutils-trace: Error opening trace file: No such file or directory (2)
05-13 02:49:32.461  7903  7903 E cutils-trace: Error opening trace file: No such file or directory (2)
05-13 02:49:33.929  7922  7922 E cutils-trace: Error opening trace file: No such file or directory (2)
05-13 02:49:34.223  2518  2858 E flymed_connector: Communications error: java.io.IOException: No such file or directory
05-13 02:49:34.224  2518  2858 E flymed_connector: Error in NativeDaemonConnector: java.io.IOException: No such file or directory
05-13 02:49:35.052  7943  7943 E cutils-trace: Error opening trace file: No such file or directory (2)
05-13 02:49:37.295  7965  7965 E cutils-trace: Error opening trace file: No such file or directory (2)
05-13 02:49:37.538  7973  7973 E cutils-trace: Error opening trace file: No such file or directory (2)
05-13 02:49:38.702  7994  7994 E cutils-trace: Error opening trace file: No such file or directory (2)
05-13 02:49:39.225  2518  2858 E flymed_connector: Communications error: java.io.IOException: No such file or directory
05-13 02:49:39.226  2518  2858 E flymed_connector: Error in NativeDaemonConnector: java.io.IOException: No such file or directory
05-13 02:49:44.228  2518  2858 E flymed_connector: Communications error: java.io.IOException: No such file or directory
05-13 02:49:44.231  2518  2858 E flymed_connector: Error in NativeDaemonConnector: java.io.IOException: No such file or directory
05-13 02:49:49.236  2518  2858 E flymed_connector: Communications error: java.io.IOException: No such file or directory
05-13 02:49:49.237  2518  2858 E flymed_connector: Error in NativeDaemonConnector: java.io.IOException: No such file or directory
05-13 02:49:54.239  2518  2858 E flymed_connector: Communications error: java.io.IOException: No such file or directory
05-13 02:49:54.243  2518  2858 E flymed_connector: Error in NativeDaemonConnector: java.io.IOException: No such file or directory
05-13 02:49:59.245  2518  2858 E flymed_connector: Communications error: java.io.IOException: No such file or directory
05-13 02:49:59.246  2518  2858 E flymed_connector: Error in NativeDaemonConnector: java.io.IOException: No such file or directory
05-13 02:50:04.246  2518  2858 E flymed_connector: Communications error: java.io.IOException: No such file or directory
05-13 02:50:04.247  2518  2858 E flymed_connector: Error in NativeDaemonConnector: java.io.IOException: No such file or directory
05-13 02:50:09.249  2518  2858 E flymed_connector: Communications error: java.io.IOException: No such file or directory
05-13 02:50:09.252  2518  2858 E flymed_connector: Error in NativeDaemonConnector: java.io.IOException: No such file or directory
05-13 02:50:09.687  4072  4072 E Launcher: Error start clone app: java.lang.NoSuchFieldException: No field mCloneId in class Landroid/content/Intent; (declaration of 'android.content.Intent' appears in /system/framework/framework.jar)
05-13 02:50:11.515  5194  5388 E ActivityThread: Failed to find provider info for com.android.contacts
05-13 02:50:11.517  5194  5440 E ActivityThread: Failed to find provider info for com.android.contacts
05-13 02:50:11.519  5194  5388 E ActivityThread: Failed to find provider info for com.android.contacts
05-13 02:50:12.031  5194  5241 E ActivityThread: Failed to find provider info for call_log
05-13 02:50:12.036  2518  8241 E ActivityThread: Failed to find provider info for call_log
05-13 02:50:14.256  2518  2858 E flymed_connector: Communications error: java.io.IOException: No such file or directory
05-13 02:50:14.260  2518  2858 E flymed_connector: Error in NativeDaemonConnector: java.io.IOException: No such file or directory
05-13 02:50:14.841  3231  3231 E TelephonyConnectionService: Exception: java.lang.NullPointerException: Attempt to invoke interface method 'boolean org.codeaurora.internal.IExtTelephony.isLocalEmergencyNumber(java.lang.String)' on a null object reference
05-13 02:50:14.915  5918  5918 E HeadlessTaskService: onStartCommand ########## 1
05-13 02:50:14.944  5918  5918 E HeadlessTaskService: ########### 2004
05-13 02:50:14.987  2518  8251 E ActivityThread: Failed to find provider info for com.android.contacts
05-13 02:50:14.988  2518  8251 E ActivityThread: Failed to find provider info for call_log
05-13 02:50:16.413  4072  4072 E Launcher: Error start clone app: java.lang.NoSuchFieldException: No field mCloneId in class Landroid/content/Intent; (declaration of 'android.content.Intent' appears in /system/framework/framework.jar)
05-13 02:50:16.413  4072  4072 E Launcher: Error start clone app: java.lang.NoSuchFieldException: No field mCloneId in class Landroid/content/Intent; (declaration of 'android.content.Intent' appears in /system/framework/framework.jar)
05-13 02:50:17.296  5194  5241 E ActivityThread: Failed to find provider info for call_log
05-13 02:50:17.303  5194  5241 E ActivityThread: Failed to find provider info for call_log
05-13 02:50:17.341  2518  8321 E ActivityThread: Failed to find provider info for call_log
05-13 02:50:17.882  3120  8335 E ActivityThread: Failed to find provider info for com.qti.smq.qualcommFeedback.provider
05-13 02:50:19.265  2518  2858 E flymed_connector: Communications error: java.io.IOException: No such file or directory
05-13 02:50:19.266  2518  2858 E flymed_connector: Error in NativeDaemonConnector: java.io.IOException: No such file or directory
05-13 02:50:24.268  2518  2858 E flymed_connector: Communications error: java.io.IOException: No such file or directory
05-13 02:50:24.271  2518  2858 E flymed_connector: Error in NativeDaemonConnector: java.io.IOException: No such file or directory
05-13 02:50:29.275  2518  2858 E flymed_connector: Communications error: java.io.IOException: No such file or directory
05-13 02:50:29.278  2518  2858 E flymed_connector: Error in NativeDaemonConnector: java.io.IOException: No such file or directory
05-13 02:50:32.116  3120  8337 E ActivityThread: Failed to find provider info for com.qti.smq.qualcommFeedback.provider
05-13 02:50:34.115  3120  8339 E ActivityThread: Failed to find provider info for com.qti.smq.qualcommFeedback.provider
05-13 02:50:34.280  2518  2858 E flymed_connector: Communications error: java.io.IOException: No such file or directory
05-13 02:50:34.281  2518  2858 E flymed_connector: Error in NativeDaemonConnector: java.io.IOException: No such file or directory
05-13 02:50:39.283  2518  2858 E flymed_connector: Communications error: java.io.IOException: No such file or directory
05-13 02:50:39.285  2518  2858 E flymed_connector: Error in NativeDaemonConnector: java.io.IOException: No such file or directory
05-13 02:50:44.289  2518  2858 E flymed_connector: Communications error: java.io.IOException: No such file or directory
05-13 02:50:44.292  2518  2858 E flymed_connector: Error in NativeDaemonConnector: java.io.IOException: No such file or directory
05-13 02:50:46.810  3120  8335 E ActivityThread: Failed to find provider info for com.qti.smq.qualcommFeedback.provider
05-13 02:50:49.295  2518  2858 E flymed_connector: Communications error: java.io.IOException: No such file or directory
05-13 02:50:49.298  2518  2858 E flymed_connector: Error in NativeDaemonConnector: java.io.IOException: No such file or directory
05-13 02:50:54.301  2518  2858 E flymed_connector: Communications error: java.io.IOException: No such file or directory
05-13 02:50:54.304  2518  2858 E flymed_connector: Error in NativeDaemonConnector: java.io.IOException: No such file or directory
05-13 02:50:59.307  2518  2858 E flymed_connector: Communications error: java.io.IOException: No such file or directory
05-13 02:50:59.307  2518  2858 E flymed_connector: Error in NativeDaemonConnector: java.io.IOException: No such file or directory
05-13 02:51:04.309  2518  2858 E flymed_connector: Communications error: java.io.IOException: No such file or directory
05-13 02:51:04.313  2518  2858 E flymed_connector: Error in NativeDaemonConnector: java.io.IOException: No such file or directory
05-13 02:51:09.316  2518  2858 E flymed_connector: Communications error: java.io.IOException: No such file or directory
05-13 02:51:09.319  2518  2858 E flymed_connector: Error in NativeDaemonConnector: java.io.IOException: No such file or directory
05-13 02:51:14.322  2518  2858 E flymed_connector: Communications error: java.io.IOException: No such file or directory
05-13 02:51:14.323  2518  2858 E flymed_connector: Error in NativeDaemonConnector: java.io.IOException: No such file or directory
05-13 02:51:19.324  2518  2858 E flymed_connector: Communications error: java.io.IOException: No such file or directory
05-13 02:51:19.325  2518  2858 E flymed_connector: Error in NativeDaemonConnector: java.io.IOException: No such file or directory
05-13 02:51:19.765  2518  2563 E ActivityManager: Sending non-protected broadcast flyme.action.read_filter_notification_all from system 2912:com.android.systemui/u0a33 pkg com.android.systemui
05-13 02:51:19.765  2518  2563 E ActivityManager: java.lang.Throwable
05-13 02:51:19.765  2518  2563 E ActivityManager: 	at com.android.server.am.ActivityManagerService.checkBroadcastFromSystem(ActivityManagerService.java:18114)
05-13 02:51:19.765  2518  2563 E ActivityManager: 	at com.android.server.am.ActivityManagerService.broadcastIntentLocked(ActivityManagerService.java:18703)
05-13 02:51:19.765  2518  2563 E ActivityManager: 	at com.android.server.am.ActivityManagerService.broadcastIntent(ActivityManagerService.java:18794)
05-13 02:51:19.765  2518  2563 E ActivityManager: 	at android.app.ActivityManagerNative.onTransact(ActivityManagerNative.java:499)
05-13 02:51:19.765  2518  2563 E ActivityManager: 	at com.android.server.am.ActivityManagerService.onTransact(ActivityManagerService.java:2974)
05-13 02:51:19.765  2518  2563 E ActivityManager: 	at com.android.server.am.FlymeExtActivityManagerService.onTransact(FlymeExtActivityManagerService.java:72)
05-13 02:51:19.765  2518  2563 E ActivityManager: 	at android.os.Binder.execTransact(Binder.java:565)
05-13 02:51:22.350  2518  2933 E ActivityManager: Sending non-protected broadcast flyme.action.read_filter_notification_all from system 2912:com.android.systemui/u0a33 pkg com.android.systemui
05-13 02:51:22.350  2518  2933 E ActivityManager: java.lang.Throwable
05-13 02:51:22.350  2518  2933 E ActivityManager: 	at com.android.server.am.ActivityManagerService.checkBroadcastFromSystem(ActivityManagerService.java:18114)
05-13 02:51:22.350  2518  2933 E ActivityManager: 	at com.android.server.am.ActivityManagerService.broadcastIntentLocked(ActivityManagerService.java:18703)
05-13 02:51:22.350  2518  2933 E ActivityManager: 	at com.android.server.am.ActivityManagerService.broadcastIntent(ActivityManagerService.java:18794)
05-13 02:51:22.350  2518  2933 E ActivityManager: 	at android.app.ActivityManagerNative.onTransact(ActivityManagerNative.java:499)
05-13 02:51:22.350  2518  2933 E ActivityManager: 	at com.android.server.am.ActivityManagerService.onTransact(ActivityManagerService.java:2974)
05-13 02:51:22.350  2518  2933 E ActivityManager: 	at com.android.server.am.FlymeExtActivityManagerService.onTransact(FlymeExtActivityManagerService.java:72)
05-13 02:51:22.350  2518  2933 E ActivityManager: 	at android.os.Binder.execTransact(Binder.java:565)
05-13 02:51:23.836  2518  3303 E ActivityManager: Sending non-protected broadcast flyme.action.read_filter_notification_all from system 2912:com.android.systemui/u0a33 pkg com.android.systemui
05-13 02:51:23.836  2518  3303 E ActivityManager: java.lang.Throwable
05-13 02:51:23.836  2518  3303 E ActivityManager: 	at com.android.server.am.ActivityManagerService.checkBroadcastFromSystem(ActivityManagerService.java:18114)
05-13 02:51:23.836  2518  3303 E ActivityManager: 	at com.android.server.am.ActivityManagerService.broadcastIntentLocked(ActivityManagerService.java:18703)
05-13 02:51:23.836  2518  3303 E ActivityManager: 	at com.android.server.am.ActivityManagerService.broadcastIntent(ActivityManagerService.java:18794)
05-13 02:51:23.836  2518  3303 E ActivityManager: 	at android.app.ActivityManagerNative.onTransact(ActivityManagerNative.java:499)
05-13 02:51:23.836  2518  3303 E ActivityManager: 	at com.android.server.am.ActivityManagerService.onTransact(ActivityManagerService.java:2974)
05-13 02:51:23.836  2518  3303 E ActivityManager: 	at com.android.server.am.FlymeExtActivityManagerService.onTransact(FlymeExtActivityManagerService.java:72)
05-13 02:51:23.836  2518  3303 E ActivityManager: 	at android.os.Binder.execTransact(Binder.java:565)
05-13 02:51:24.326  2518  2858 E flymed_connector: Communications error: java.io.IOException: No such file or directory
05-13 02:51:24.327  2518  2858 E flymed_connector: Error in NativeDaemonConnector: java.io.IOException: No such file or directory
05-13 02:51:29.328  2518  2858 E flymed_connector: Communications error: java.io.IOException: No such file or directory
05-13 02:51:29.329  2518  2858 E flymed_connector: Error in NativeDaemonConnector: java.io.IOException: No such file or directory
05-13 02:51:34.331  2518  2858 E flymed_connector: Communications error: java.io.IOException: No such file or directory
05-13 02:51:34.335  2518  2858 E flymed_connector: Error in NativeDaemonConnector: java.io.IOException: No such file or directory
05-13 02:51:39.339  2518  2858 E flymed_connector: Communications error: java.io.IOException: No such file or directory
05-13 02:51:39.343  2518  2858 E flymed_connector: Error in NativeDaemonConnector: java.io.IOException: No such file or directory
05-13 02:51:42.137  3120  8923 E ActivityThread: Failed to find provider info for com.qti.smq.qualcommFeedback.provider
05-13 02:51:44.345  2518  2858 E flymed_connector: Communications error: java.io.IOException: No such file or directory
05-13 02:51:44.346  2518  2858 E flymed_connector: Error in NativeDaemonConnector: java.io.IOException: No such file or directory
05-13 02:51:49.348  2518  2858 E flymed_connector: Communications error: java.io.IOException: No such file or directory
05-13 02:51:49.351  2518  2858 E flymed_connector: Error in NativeDaemonConnector: java.io.IOException: No such file or directory
05-13 02:51:50.370  4072  4072 E Launcher: Error start clone app: java.lang.NoSuchFieldException: No field mCloneId in class Landroid/content/Intent; (declaration of 'android.content.Intent' appears in /system/framework/framework.jar)
05-13 02:51:51.076  4072  4072 E Launcher: Error start clone app: java.lang.NoSuchFieldException: No field mCloneId in class Landroid/content/Intent; (declaration of 'android.content.Intent' appears in /system/framework/framework.jar)
05-13 02:51:51.544  5194  5388 E ActivityThread: Failed to find provider info for com.android.contacts
05-13 02:51:51.544  5194  5440 E ActivityThread: Failed to find provider info for com.android.contacts
05-13 02:51:51.546  5194  5388 E ActivityThread: Failed to find provider info for com.android.contacts
05-13 02:51:52.056  5194  5241 E ActivityThread: Failed to find provider info for call_log
05-13 02:51:52.060  2518  8992 E ActivityThread: Failed to find provider info for call_log
05-13 02:51:54.359  2518  2858 E flymed_connector: Communications error: java.io.IOException: No such file or directory
05-13 02:51:54.364  2518  2858 E flymed_connector: Error in NativeDaemonConnector: java.io.IOException: No such file or directory
05-13 02:51:56.927   266   463 E ACDB-LOADER: Error: ACDB AudProc vol returned = -19
05-13 02:51:56.927   266   463 E ACDB-LOADER: Error: ACDB AFE returned = -19
05-13 02:51:57.334  5194  5241 E ActivityThread: Failed to find provider info for call_log
05-13 02:51:57.335  5194  5241 E ActivityThread: Failed to find provider info for call_log
05-13 02:51:57.346  2518  9019 E ActivityThread: Failed to find provider info for call_log
05-13 02:51:59.367  2518  2858 E flymed_connector: Communications error: java.io.IOException: No such file or directory
05-13 02:51:59.369  2518  2858 E flymed_connector: Error in NativeDaemonConnector: java.io.IOException: No such file or directory
05-13 02:52:02.440  5194  5194 E SpannableStringBuilder: SPAN_EXCLUSIVE_EXCLUSIVE spans cannot have a zero length
05-13 02:52:02.566  2518  3317 E ActivityThread: Failed to find provider info for com.android.contacts
05-13 02:52:02.578  5194  9073 E ActivityThread: Failed to find provider info for com.android.contacts
05-13 02:52:02.603  3231  3231 E TelephonyConnectionService: Exception: java.lang.NullPointerException: Attempt to invoke interface method 'boolean org.codeaurora.internal.IExtTelephony.isLocalEmergencyNumber(java.lang.String)' on a null object reference
05-13 02:52:02.942  5194  5241 E ActivityThread: Failed to find provider info for call_log
05-13 02:52:02.946  2518  8992 E ActivityThread: Failed to find provider info for call_log
05-13 02:52:03.030   266  5676 E ACDB-LOADER: Error: ACDB AudProc vol returned = -19
05-13 02:52:03.226  3231  3231 E TelephonyConnectionService: Exception: java.lang.NullPointerException: Attempt to invoke interface method 'boolean org.codeaurora.internal.IExtTelephony.isLocalEmergencyNumber(java.lang.String)' on a null object reference
05-13 02:52:03.510  5194  5241 E ActivityThread: Failed to find provider info for call_log
05-13 02:52:03.546  2518  9019 E ActivityThread: Failed to find provider info for call_log
05-13 02:52:04.373  2518  2858 E flymed_connector: Communications error: java.io.IOException: No such file or directory
05-13 02:52:04.374  2518  2858 E flymed_connector: Error in NativeDaemonConnector: java.io.IOException: No such file or directory
05-13 02:52:05.440  3231  3231 E TelephonyConnectionService: Exception: java.lang.NullPointerException: Attempt to invoke interface method 'boolean org.codeaurora.internal.IExtTelephony.isLocalEmergencyNumber(java.lang.String)' on a null object reference
05-13 02:52:05.473  3231  3231 E TelephonyConnectionService: Exception: java.lang.NullPointerException: Attempt to invoke interface method 'boolean org.codeaurora.internal.IExtTelephony.isLocalEmergencyNumber(java.lang.String)' on a null object reference
05-13 02:52:09.376  2518  2858 E flymed_connector: Communications error: java.io.IOException: No such file or directory
05-13 02:52:09.379  2518  2858 E flymed_connector: Error in NativeDaemonConnector: java.io.IOException: No such file or directory
