--------- beginning of system
05-13 02:45:38.296   214   226 E vold    : Failed to prepare /data/user_de/0: Success
05-13 02:45:38.296   214   226 E vold    : Failed to prepare user 0 storage
05-13 02:47:19.153  2518  2858 E flymed_connector: Communications error: java.io.IOException: No such file or directory
05-13 02:47:19.154  2518  2858 E flymed_connector: Error in NativeDaemonConnector: java.io.IOException: No such file or directory
05-13 02:47:19.795  2518  2518 E ConnectivityService: Ignoring protectedNetwork 15
05-13 02:47:19.987  2518  2518 E WallpaperManagerService: Invalid wallpaper data
05-13 02:47:19.988  2518  2518 E WallpaperManagerService: Unable to apply new wallpaper
05-13 02:47:20.312  2518  2518 E LockSettingsStorage: Cannot read file java.io.FileNotFoundException: /data/system/gatekeeper.password.key: open failed: ENOENT (No such file or directory)
05-13 02:47:20.313  2518  2518 E LockSettingsStorage: Cannot read file java.io.FileNotFoundException: /data/system/password.key: open failed: ENOENT (No such file or directory)
05-13 02:47:20.313  2518  2518 E LockSettingsStorage: Cannot read file java.io.FileNotFoundException: /data/system/gatekeeper.pattern.key: open failed: ENOENT (No such file or directory)
05-13 02:47:20.314  2518  2518 E LockSettingsStorage: Cannot read file java.io.FileNotFoundException: /data/system/gatekeeper.gesture.key: open failed: ENOENT (No such file or directory)
05-13 02:47:20.314  2518  2518 E LockSettingsStorage: Cannot read file java.io.FileNotFoundException: /data/system/gesture.key: open failed: ENOENT (No such file or directory)
05-13 02:47:20.376  2518  2518 E PerformanceManager: System is not ready, dropping profile request
05-13 02:47:20.478  2518  2518 E InputMethodManagerService: Ignoring updateSystemUiLocked due to an invalid token. uid:1000 token:null
05-13 02:47:20.493  2518  2518 E WallpaperManagerService: Invalid wallpaper data
05-13 02:47:20.493  2518  2518 E WallpaperManagerService: Unable to apply new wallpaper
05-13 02:47:21.276  2518  2518 E BrokerableCMSystemService: Target component lacks cyanogenmod.permission.BIND_CORE_SERVICE service permission, failing ComponentInfo{org.cyanogenmod.cmaudio.service/org.cyanogenmod.cmaudio.service.CMAudioService}
05-13 02:47:21.840  2518  2569 E BatteryStatsService: no controller energy info supplied
05-13 02:47:21.842  2518  2569 E KernelWakelockReader: neither /proc/wakelocks nor /d/wakeup_sources exists
05-13 02:47:21.857  2518  2569 E BatteryStatsService: no controller energy info supplied
05-13 02:47:21.861  2518  2569 E KernelWakelockReader: neither /proc/wakelocks nor /d/wakeup_sources exists
05-13 02:47:21.909  2518  3317 E ActivityThread: Failed to find provider info for call_log
05-13 02:47:22.423  2518  2874 E ActivityThread: Failed to find provider info for com.android.calendar
05-13 02:47:22.426  2518  2874 E ActivityThread: Failed to find provider info for com.android.calendar
05-13 02:47:22.426  2518  3317 E ActivityThread: Failed to find provider info for com.android.soundrecorder.provider
05-13 02:47:22.552  3231  3489 E ActivityThread: Failed to find provider info for com.android.contacts
05-13 02:47:22.645  3231  3231 E ActivityThread: Failed to find provider info for com.meizu.cloud
05-13 02:47:22.654  3231  3231 E ActivityThread: Failed to find provider info for com.meizu.cloud
05-13 02:47:22.656  3231  3231 E ActivityThread: Failed to find provider info for com.meizu.cloud
05-13 02:47:22.872  2912  3159 E ActivityThread: Failed to find provider info for com.android.contacts
05-13 02:47:23.209  3231  3701 E ActivityThread: Failed to find provider info for com.meizu.usagestats
05-13 02:47:23.290  2912  3596 E ActivityThread: Failed to find provider info for com.meizu.breakingscam.provider.BreakingScamContentProvider
05-13 02:47:23.380  2912  3604 E ActivityThread: Failed to find provider info for com.meizu.breakingscam.provider.BreakingScamContentProvider
05-13 02:47:24.155  2518  2858 E flymed_connector: Communications error: java.io.IOException: No such file or directory
05-13 02:47:24.156  2518  2858 E flymed_connector: Error in NativeDaemonConnector: java.io.IOException: No such file or directory
05-13 02:47:24.318  2518  2884 E LiveDisplay: Color temperature out of range: 0
05-13 02:47:24.972  2518  2566 E BrokerableCMSystemService: Target component lacks cyanogenmod.permission.BIND_CORE_SERVICE service permission, failing ComponentInfo{org.cyanogenmod.weatherservice/org.cyanogenmod.weatherservice.WeatherManagerService}
05-13 02:47:25.359  2518  2518 E NotificationService: Not posting notification without small icon: Notification(pri=-2 contentView=com.flyme.systemuitools/0x109008b vibrate=null sound=null defaults=0x0 flags=0x10000062 color=0xff607d8b vis=PRIVATE)
05-13 02:47:25.359  2518  2518 E NotificationService: WARNING: In a future release this will crash the app: com.flyme.systemuitools
05-13 02:47:29.157  2518  2858 E flymed_connector: Communications error: java.io.IOException: No such file or directory
05-13 02:47:29.157  2518  2858 E flymed_connector: Error in NativeDaemonConnector: java.io.IOException: No such file or directory
05-13 02:47:32.611  3231  3505 E ActivityThread: Failed to find provider info for com.meizu.flyme.telecom.provider
05-13 02:47:32.814  4598  4773 E ActivityThread: Failed to find provider info for call_log
05-13 02:47:34.158  2518  2858 E flymed_connector: Communications error: java.io.IOException: No such file or directory
05-13 02:47:34.158  2518  2858 E flymed_connector: Error in NativeDaemonConnector: java.io.IOException: No such file or directory
05-13 02:47:34.825  2518  3451 E ActivityManager: applyOptionsLocked: Unknown animationType=0
05-13 02:47:35.013  3120  4946 E ActivityThread: Failed to find provider info for com.qti.smq.qualcommFeedback.provider
05-13 02:47:39.003  2518  2518 E NotificationService: Not posting notification without small icon: Notification(pri=-2 contentView=com.android.mms/0x109008b vibrate=null sound=null defaults=0x0 flags=0x10000062 color=0xff607d8b vis=PRIVATE)
05-13 02:47:39.003  2518  2518 E NotificationService: WARNING: In a future release this will crash the app: com.android.mms
05-13 02:47:39.159  2518  2858 E flymed_connector: Communications error: java.io.IOException: No such file or directory
05-13 02:47:39.163  2518  2858 E flymed_connector: Error in NativeDaemonConnector: java.io.IOException: No such file or directory
05-13 02:47:40.139  5194  5306 E ActivityThread: Failed to find provider info for call_log
05-13 02:47:40.145  5194  5307 E ActivityThread: Failed to find provider info for call_log
05-13 02:47:40.146  5194  5308 E ActivityThread: Failed to find provider info for com.android.contacts
05-13 02:47:40.148  5194  5308 E ActivityThread: Failed to find provider info for com.android.contacts
05-13 02:47:40.203  5194  5306 E ActivityThread: Failed to find provider info for call_log
05-13 02:47:40.204  5194  5307 E ActivityThread: Failed to find provider info for com.android.contacts
05-13 02:47:40.205  5194  5307 E ActivityThread: Failed to find provider info for com.android.contacts
05-13 02:47:40.561  2518  3317 E ActivityThread: Failed to find provider info for call_log
05-13 02:47:41.449  5194  5440 E ActivityThread: Failed to find provider info for com.android.contacts
05-13 02:47:41.450  5194  5440 E ActivityThread: Failed to find provider info for com.android.contacts
05-13 02:47:41.451  5194  5440 E ActivityThread: Failed to find provider info for com.android.contacts
05-13 02:47:41.479  5194  5241 E ActivityThread: Failed to find provider info for call_log
05-13 02:47:41.486  2518  3320 E ActivityThread: Failed to find provider info for call_log
05-13 02:47:41.563  5194  5241 E ActivityThread: Failed to find provider info for com.android.contacts
05-13 02:47:41.564  5194  5241 E ActivityThread: Failed to find provider info for com.android.contacts
05-13 02:47:41.565  5194  5241 E ActivityThread: Failed to find provider info for com.meizu.cloud
05-13 02:47:41.955  5194  5386 E ActivityThread: Failed to find provider info for com.android.contacts
05-13 02:47:42.018  5194  5355 E ActivityThread: Failed to find provider info for com.android.contacts
05-13 02:47:42.026  5194  5388 E ActivityThread: Failed to find provider info for com.android.contacts
05-13 02:47:42.027  5194  5388 E ActivityThread: Failed to find provider info for com.android.contacts
05-13 02:47:43.402  5194  5241 E ActivityThread: Failed to find provider info for call_log
05-13 02:47:43.411  5194  5241 E ActivityThread: Failed to find provider info for call_log
05-13 02:47:43.519  2518  2877 E ActivityThread: Failed to find provider info for call_log
05-13 02:47:44.164  2518  2858 E flymed_connector: Communications error: java.io.IOException: No such file or directory
05-13 02:47:44.165  2518  2858 E flymed_connector: Error in NativeDaemonConnector: java.io.IOException: No such file or directory
05-13 02:47:45.212  2518  3317 E ActivityThread: Failed to find provider info for com.android.contacts
05-13 02:47:45.216  5194  5663 E ActivityThread: Failed to find provider info for com.android.contacts
05-13 02:47:45.322  2518  3320 E ActivityThread: Failed to find provider info for com.android.contacts
05-13 02:47:45.323  2518  3320 E ActivityThread: Failed to find provider info for call_log
05-13 02:47:45.483  5194  5241 E ActivityThread: Failed to find provider info for call_log
05-13 02:47:45.487  2518  2877 E ActivityThread: Failed to find provider info for call_log
05-13 02:47:46.173  5194  5241 E ActivityThread: Failed to find provider info for call_log
05-13 02:47:46.183  2518  3308 E ActivityThread: Failed to find provider info for call_log
05-13 02:47:49.166  2518  2858 E flymed_connector: Communications error: java.io.IOException: No such file or directory
05-13 02:47:49.166  2518  2858 E flymed_connector: Error in NativeDaemonConnector: java.io.IOException: No such file or directory
05-13 02:47:54.167  2518  2858 E flymed_connector: Communications error: java.io.IOException: No such file or directory
05-13 02:47:54.167  2518  2858 E flymed_connector: Error in NativeDaemonConnector: java.io.IOException: No such file or directory
05-13 02:47:56.012  5194  5241 E ActivityThread: Failed to find provider info for call_log
05-13 02:47:56.014  5194  5241 E ActivityThread: Failed to find provider info for call_log
05-13 02:47:56.017  2518  3308 E ActivityThread: Failed to find provider info for call_log
05-13 02:47:58.969  2518  2934 E BatteryStatsService: no controller energy info supplied
05-13 02:47:58.972  2518  2934 E BatteryStatsService: no controller energy info supplied
05-13 02:47:58.996  2518  2934 E KernelWakelockReader: neither /proc/wakelocks nor /d/wakeup_sources exists
05-13 02:47:58.996  2518  2934 E BatteryStatsService: modem info is invalid: ModemActivityInfo{ mTimestamp=0 mSleepTimeMs=0 mIdleTimeMs=0 mTxTimeMs[]=[0, 0, 0, 0, 0] mRxTimeMs=0 mEnergyUsed=0}
05-13 02:47:59.168  2518  2858 E flymed_connector: Communications error: java.io.IOException: No such file or directory
05-13 02:47:59.168  2518  2858 E flymed_connector: Error in NativeDaemonConnector: java.io.IOException: No such file or directory
05-13 02:48:00.826  5194  5241 E ActivityThread: Failed to find provider info for call_log
05-13 02:48:00.829  2518  2877 E ActivityThread: Failed to find provider info for call_log
05-13 02:48:01.429  5194  5241 E ActivityThread: Failed to find provider info for call_log
05-13 02:48:01.430  5194  5241 E ActivityThread: Failed to find provider info for call_log
05-13 02:48:01.434  2518  3308 E ActivityThread: Failed to find provider info for call_log
05-13 02:48:02.177  2518  3317 E ActivityThread: Failed to find provider info for com.android.contacts
05-13 02:48:02.189  5194  6344 E ActivityThread: Failed to find provider info for com.android.contacts
05-13 02:48:02.583  5194  5241 E ActivityThread: Failed to find provider info for call_log
05-13 02:48:02.585  2518  2877 E ActivityThread: Failed to find provider info for call_log
05-13 02:48:03.143  5194  5241 E ActivityThread: Failed to find provider info for call_log
05-13 02:48:03.147  2518  3308 E ActivityThread: Failed to find provider info for call_log
05-13 02:48:04.169  2518  2858 E flymed_connector: Communications error: java.io.IOException: No such file or directory
05-13 02:48:04.170  2518  2858 E flymed_connector: Error in NativeDaemonConnector: java.io.IOException: No such file or directory
05-13 02:48:07.908  5194  5241 E ActivityThread: Failed to find provider info for call_log
05-13 02:48:07.911  5194  5241 E ActivityThread: Failed to find provider info for call_log
05-13 02:48:07.914  2518  3320 E ActivityThread: Failed to find provider info for call_log
05-13 02:48:09.172  2518  2858 E flymed_connector: Communications error: java.io.IOException: No such file or directory
05-13 02:48:09.174  2518  2858 E flymed_connector: Error in NativeDaemonConnector: java.io.IOException: No such file or directory
05-13 02:48:14.177  2518  2858 E flymed_connector: Communications error: java.io.IOException: No such file or directory
05-13 02:48:14.180  2518  2858 E flymed_connector: Error in NativeDaemonConnector: java.io.IOException: No such file or directory
05-13 02:48:19.186  2518  2858 E flymed_connector: Communications error: java.io.IOException: No such file or directory
05-13 02:48:19.189  2518  2858 E flymed_connector: Error in NativeDaemonConnector: java.io.IOException: No such file or directory
05-13 02:48:21.317  6512  6558 E ActivityThread: Failed to find provider info for com.android.contacts
05-13 02:48:21.340  6512  6558 E ActivityThread: Failed to find provider info for com.android.contacts
05-13 02:48:23.053  6512  6631 E ActivityThread: Failed to find provider info for com.android.contacts
05-13 02:48:24.193  2518  2858 E flymed_connector: Communications error: java.io.IOException: No such file or directory
05-13 02:48:24.196  2518  2858 E flymed_connector: Error in NativeDaemonConnector: java.io.IOException: No such file or directory
05-13 02:48:29.198  2518  2858 E flymed_connector: Communications error: java.io.IOException: No such file or directory
05-13 02:48:29.199  2518  2858 E flymed_connector: Error in NativeDaemonConnector: java.io.IOException: No such file or directory
05-13 02:48:31.685  3120  6774 E ActivityThread: Failed to find provider info for com.qti.smq.qualcommFeedback.provider
05-13 02:48:34.200  2518  2858 E flymed_connector: Communications error: java.io.IOException: No such file or directory
05-13 02:48:34.201  2518  2858 E flymed_connector: Error in NativeDaemonConnector: java.io.IOException: No such file or directory
05-13 02:48:39.201  2518  2858 E flymed_connector: Communications error: java.io.IOException: No such file or directory
05-13 02:48:39.202  2518  2858 E flymed_connector: Error in NativeDaemonConnector: java.io.IOException: No such file or directory
05-13 02:48:40.719  3120  6774 E ActivityThread: Failed to find provider info for com.qti.smq.qualcommFeedback.provider
05-13 02:48:44.203  2518  2858 E flymed_connector: Communications error: java.io.IOException: No such file or directory
05-13 02:48:44.203  2518  2858 E flymed_connector: Error in NativeDaemonConnector: java.io.IOException: No such file or directory
05-13 02:48:49.204  2518  2858 E flymed_connector: Communications error: java.io.IOException: No such file or directory
05-13 02:48:49.205  2518  2858 E flymed_connector: Error in NativeDaemonConnector: java.io.IOException: No such file or directory
05-13 02:48:54.206  2518  2858 E flymed_connector: Communications error: java.io.IOException: No such file or directory
05-13 02:48:54.206  2518  2858 E flymed_connector: Error in NativeDaemonConnector: java.io.IOException: No such file or directory
05-13 02:48:59.207  2518  2858 E flymed_connector: Communications error: java.io.IOException: No such file or directory
05-13 02:48:59.209  2518  2858 E flymed_connector: Error in NativeDaemonConnector: java.io.IOException: No such file or directory
05-13 02:49:00.496  3120  6778 E ActivityThread: Failed to find provider info for com.qti.smq.qualcommFeedback.provider
05-13 02:49:04.211  2518  2858 E flymed_connector: Communications error: java.io.IOException: No such file or directory
05-13 02:49:04.213  2518  2858 E flymed_connector: Error in NativeDaemonConnector: java.io.IOException: No such file or directory
05-13 02:49:09.215  2518  2858 E flymed_connector: Communications error: java.io.IOException: No such file or directory
05-13 02:49:09.215  2518  2858 E flymed_connector: Error in NativeDaemonConnector: java.io.IOException: No such file or directory
05-13 02:49:14.216  2518  2858 E flymed_connector: Communications error: java.io.IOException: No such file or directory
05-13 02:49:14.218  2518  2858 E flymed_connector: Error in NativeDaemonConnector: java.io.IOException: No such file or directory
05-13 02:49:15.047  3120  6783 E ActivityThread: Failed to find provider info for com.qti.smq.qualcommFeedback.provider
05-13 02:49:19.219  2518  2858 E flymed_connector: Communications error: java.io.IOException: No such file or directory
05-13 02:49:19.219  2518  2858 E flymed_connector: Error in NativeDaemonConnector: java.io.IOException: No such file or directory
05-13 02:49:24.220  2518  2858 E flymed_connector: Communications error: java.io.IOException: No such file or directory
05-13 02:49:24.221  2518  2858 E flymed_connector: Error in NativeDaemonConnector: java.io.IOException: No such file or directory
05-13 02:49:24.490  2896  3606 E ActivityThread: Failed to find provider info for com.android.contacts
05-13 02:49:29.222  2518  2858 E flymed_connector: Communications error: java.io.IOException: No such file or directory
05-13 02:49:29.222  2518  2858 E flymed_connector: Error in NativeDaemonConnector: java.io.IOException: No such file or directory
05-13 02:49:34.223  2518  2858 E flymed_connector: Communications error: java.io.IOException: No such file or directory
05-13 02:49:34.224  2518  2858 E flymed_connector: Error in NativeDaemonConnector: java.io.IOException: No such file or directory
05-13 02:49:39.225  2518  2858 E flymed_connector: Communications error: java.io.IOException: No such file or directory
05-13 02:49:39.226  2518  2858 E flymed_connector: Error in NativeDaemonConnector: java.io.IOException: No such file or directory
05-13 02:49:44.228  2518  2858 E flymed_connector: Communications error: java.io.IOException: No such file or directory
05-13 02:49:44.231  2518  2858 E flymed_connector: Error in NativeDaemonConnector: java.io.IOException: No such file or directory
05-13 02:49:49.236  2518  2858 E flymed_connector: Communications error: java.io.IOException: No such file or directory
05-13 02:49:49.237  2518  2858 E flymed_connector: Error in NativeDaemonConnector: java.io.IOException: No such file or directory
05-13 02:49:54.239  2518  2858 E flymed_connector: Communications error: java.io.IOException: No such file or directory
05-13 02:49:54.243  2518  2858 E flymed_connector: Error in NativeDaemonConnector: java.io.IOException: No such file or directory
05-13 02:49:59.245  2518  2858 E flymed_connector: Communications error: java.io.IOException: No such file or directory
05-13 02:49:59.246  2518  2858 E flymed_connector: Error in NativeDaemonConnector: java.io.IOException: No such file or directory
05-13 02:50:04.246  2518  2858 E flymed_connector: Communications error: java.io.IOException: No such file or directory
05-13 02:50:04.247  2518  2858 E flymed_connector: Error in NativeDaemonConnector: java.io.IOException: No such file or directory
05-13 02:50:09.249  2518  2858 E flymed_connector: Communications error: java.io.IOException: No such file or directory
05-13 02:50:09.252  2518  2858 E flymed_connector: Error in NativeDaemonConnector: java.io.IOException: No such file or directory
05-13 02:50:11.515  5194  5388 E ActivityThread: Failed to find provider info for com.android.contacts
05-13 02:50:11.517  5194  5440 E ActivityThread: Failed to find provider info for com.android.contacts
05-13 02:50:11.519  5194  5388 E ActivityThread: Failed to find provider info for com.android.contacts
05-13 02:50:12.031  5194  5241 E ActivityThread: Failed to find provider info for call_log
05-13 02:50:12.036  2518  8241 E ActivityThread: Failed to find provider info for call_log
05-13 02:50:14.256  2518  2858 E flymed_connector: Communications error: java.io.IOException: No such file or directory
05-13 02:50:14.260  2518  2858 E flymed_connector: Error in NativeDaemonConnector: java.io.IOException: No such file or directory
05-13 02:50:14.987  2518  8251 E ActivityThread: Failed to find provider info for com.android.contacts
05-13 02:50:14.988  2518  8251 E ActivityThread: Failed to find provider info for call_log
05-13 02:50:17.296  5194  5241 E ActivityThread: Failed to find provider info for call_log
05-13 02:50:17.303  5194  5241 E ActivityThread: Failed to find provider info for call_log
05-13 02:50:17.341  2518  8321 E ActivityThread: Failed to find provider info for call_log
05-13 02:50:17.882  3120  8335 E ActivityThread: Failed to find provider info for com.qti.smq.qualcommFeedback.provider
05-13 02:50:19.265  2518  2858 E flymed_connector: Communications error: java.io.IOException: No such file or directory
05-13 02:50:19.266  2518  2858 E flymed_connector: Error in NativeDaemonConnector: java.io.IOException: No such file or directory
05-13 02:50:24.268  2518  2858 E flymed_connector: Communications error: java.io.IOException: No such file or directory
05-13 02:50:24.271  2518  2858 E flymed_connector: Error in NativeDaemonConnector: java.io.IOException: No such file or directory
05-13 02:50:29.275  2518  2858 E flymed_connector: Communications error: java.io.IOException: No such file or directory
05-13 02:50:29.278  2518  2858 E flymed_connector: Error in NativeDaemonConnector: java.io.IOException: No such file or directory
05-13 02:50:32.116  3120  8337 E ActivityThread: Failed to find provider info for com.qti.smq.qualcommFeedback.provider
05-13 02:50:34.115  3120  8339 E ActivityThread: Failed to find provider info for com.qti.smq.qualcommFeedback.provider
05-13 02:50:34.280  2518  2858 E flymed_connector: Communications error: java.io.IOException: No such file or directory
05-13 02:50:34.281  2518  2858 E flymed_connector: Error in NativeDaemonConnector: java.io.IOException: No such file or directory
05-13 02:50:39.283  2518  2858 E flymed_connector: Communications error: java.io.IOException: No such file or directory
05-13 02:50:39.285  2518  2858 E flymed_connector: Error in NativeDaemonConnector: java.io.IOException: No such file or directory
05-13 02:50:44.289  2518  2858 E flymed_connector: Communications error: java.io.IOException: No such file or directory
05-13 02:50:44.292  2518  2858 E flymed_connector: Error in NativeDaemonConnector: java.io.IOException: No such file or directory
05-13 02:50:46.810  3120  8335 E ActivityThread: Failed to find provider info for com.qti.smq.qualcommFeedback.provider
05-13 02:50:49.295  2518  2858 E flymed_connector: Communications error: java.io.IOException: No such file or directory
05-13 02:50:49.298  2518  2858 E flymed_connector: Error in NativeDaemonConnector: java.io.IOException: No such file or directory
05-13 02:50:54.301  2518  2858 E flymed_connector: Communications error: java.io.IOException: No such file or directory
05-13 02:50:54.304  2518  2858 E flymed_connector: Error in NativeDaemonConnector: java.io.IOException: No such file or directory
05-13 02:50:59.307  2518  2858 E flymed_connector: Communications error: java.io.IOException: No such file or directory
05-13 02:50:59.307  2518  2858 E flymed_connector: Error in NativeDaemonConnector: java.io.IOException: No such file or directory
05-13 02:51:04.309  2518  2858 E flymed_connector: Communications error: java.io.IOException: No such file or directory
05-13 02:51:04.313  2518  2858 E flymed_connector: Error in NativeDaemonConnector: java.io.IOException: No such file or directory
05-13 02:51:09.316  2518  2858 E flymed_connector: Communications error: java.io.IOException: No such file or directory
05-13 02:51:09.319  2518  2858 E flymed_connector: Error in NativeDaemonConnector: java.io.IOException: No such file or directory
05-13 02:51:14.322  2518  2858 E flymed_connector: Communications error: java.io.IOException: No such file or directory
05-13 02:51:14.323  2518  2858 E flymed_connector: Error in NativeDaemonConnector: java.io.IOException: No such file or directory
05-13 02:51:19.324  2518  2858 E flymed_connector: Communications error: java.io.IOException: No such file or directory
05-13 02:51:19.325  2518  2858 E flymed_connector: Error in NativeDaemonConnector: java.io.IOException: No such file or directory
05-13 02:51:24.326  2518  2858 E flymed_connector: Communications error: java.io.IOException: No such file or directory
05-13 02:51:24.327  2518  2858 E flymed_connector: Error in NativeDaemonConnector: java.io.IOException: No such file or directory
05-13 02:51:29.328  2518  2858 E flymed_connector: Communications error: java.io.IOException: No such file or directory
05-13 02:51:29.329  2518  2858 E flymed_connector: Error in NativeDaemonConnector: java.io.IOException: No such file or directory
05-13 02:51:34.331  2518  2858 E flymed_connector: Communications error: java.io.IOException: No such file or directory
05-13 02:51:34.335  2518  2858 E flymed_connector: Error in NativeDaemonConnector: java.io.IOException: No such file or directory
05-13 02:51:39.339  2518  2858 E flymed_connector: Communications error: java.io.IOException: No such file or directory
05-13 02:51:39.343  2518  2858 E flymed_connector: Error in NativeDaemonConnector: java.io.IOException: No such file or directory
05-13 02:51:42.137  3120  8923 E ActivityThread: Failed to find provider info for com.qti.smq.qualcommFeedback.provider
05-13 02:51:44.345  2518  2858 E flymed_connector: Communications error: java.io.IOException: No such file or directory
05-13 02:51:44.346  2518  2858 E flymed_connector: Error in NativeDaemonConnector: java.io.IOException: No such file or directory
05-13 02:51:49.348  2518  2858 E flymed_connector: Communications error: java.io.IOException: No such file or directory
05-13 02:51:49.351  2518  2858 E flymed_connector: Error in NativeDaemonConnector: java.io.IOException: No such file or directory
05-13 02:51:51.544  5194  5388 E ActivityThread: Failed to find provider info for com.android.contacts
05-13 02:51:51.544  5194  5440 E ActivityThread: Failed to find provider info for com.android.contacts
05-13 02:51:51.546  5194  5388 E ActivityThread: Failed to find provider info for com.android.contacts
05-13 02:51:52.056  5194  5241 E ActivityThread: Failed to find provider info for call_log
05-13 02:51:52.060  2518  8992 E ActivityThread: Failed to find provider info for call_log
05-13 02:51:54.359  2518  2858 E flymed_connector: Communications error: java.io.IOException: No such file or directory
05-13 02:51:54.364  2518  2858 E flymed_connector: Error in NativeDaemonConnector: java.io.IOException: No such file or directory
05-13 02:51:57.334  5194  5241 E ActivityThread: Failed to find provider info for call_log
05-13 02:51:57.335  5194  5241 E ActivityThread: Failed to find provider info for call_log
05-13 02:51:57.346  2518  9019 E ActivityThread: Failed to find provider info for call_log
05-13 02:51:59.367  2518  2858 E flymed_connector: Communications error: java.io.IOException: No such file or directory
05-13 02:51:59.369  2518  2858 E flymed_connector: Error in NativeDaemonConnector: java.io.IOException: No such file or directory
05-13 02:52:02.566  2518  3317 E ActivityThread: Failed to find provider info for com.android.contacts
05-13 02:52:02.578  5194  9073 E ActivityThread: Failed to find provider info for com.android.contacts
05-13 02:52:02.942  5194  5241 E ActivityThread: Failed to find provider info for call_log
05-13 02:52:02.946  2518  8992 E ActivityThread: Failed to find provider info for call_log
05-13 02:52:03.510  5194  5241 E ActivityThread: Failed to find provider info for call_log
05-13 02:52:03.546  2518  9019 E ActivityThread: Failed to find provider info for call_log
05-13 02:52:04.373  2518  2858 E flymed_connector: Communications error: java.io.IOException: No such file or directory
05-13 02:52:04.374  2518  2858 E flymed_connector: Error in NativeDaemonConnector: java.io.IOException: No such file or directory
05-13 02:52:09.376  2518  2858 E flymed_connector: Communications error: java.io.IOException: No such file or directory
05-13 02:52:09.379  2518  2858 E flymed_connector: Error in NativeDaemonConnector: java.io.IOException: No such file or directory
05-13 02:52:14.382  2518  2858 E flymed_connector: Communications error: java.io.IOException: No such file or directory
05-13 02:52:14.384  2518  2858 E flymed_connector: Error in NativeDaemonConnector: java.io.IOException: No such file or directory
05-13 02:52:19.388  2518  2858 E flymed_connector: Communications error: java.io.IOException: No such file or directory
05-13 02:52:19.391  2518  2858 E flymed_connector: Error in NativeDaemonConnector: java.io.IOException: No such file or directory
05-13 02:52:24.395  2518  2858 E flymed_connector: Communications error: java.io.IOException: No such file or directory
05-13 02:52:24.398  2518  2858 E flymed_connector: Error in NativeDaemonConnector: java.io.IOException: No such file or directory
05-13 02:52:29.404  2518  2858 E flymed_connector: Communications error: java.io.IOException: No such file or directory
05-13 02:52:29.407  2518  2858 E flymed_connector: Error in NativeDaemonConnector: java.io.IOException: No such file or directory
05-13 02:52:33.499  5194  5241 E ActivityThread: Failed to find provider info for call_log
05-13 02:52:33.501  5194  5241 E ActivityThread: Failed to find provider info for call_log
05-13 02:52:33.504  2518  9224 E ActivityThread: Failed to find provider info for call_log
05-13 02:52:34.423  2518  2858 E flymed_connector: Communications error: java.io.IOException: No such file or directory
05-13 02:52:34.426  2518  2858 E flymed_connector: Error in NativeDaemonConnector: java.io.IOException: No such file or directory
05-13 02:52:39.429  2518  2858 E flymed_connector: Communications error: java.io.IOException: No such file or directory
05-13 02:52:39.432  2518  2858 E flymed_connector: Error in NativeDaemonConnector: java.io.IOException: No such file or directory
05-13 02:52:44.435  2518  2858 E flymed_connector: Communications error: java.io.IOException: No such file or directory
05-13 02:52:44.439  2518  2858 E flymed_connector: Error in NativeDaemonConnector: java.io.IOException: No such file or directory
05-13 02:52:49.442  2518  2858 E flymed_connector: Communications error: java.io.IOException: No such file or directory
05-13 02:52:49.446  2518  2858 E flymed_connector: Error in NativeDaemonConnector: java.io.IOException: No such file or directory
05-13 02:52:52.192  5194  5484 E ActivityThread: Failed to find provider info for com.android.contacts
05-13 02:52:52.216  5194  5355 E ActivityThread: Failed to find provider info for com.android.contacts
05-13 02:52:52.227  5194  5484 E ActivityThread: Failed to find provider info for com.android.contacts
05-13 02:52:52.729  5194  5241 E ActivityThread: Failed to find provider info for call_log
05-13 02:52:52.735  2518  9273 E ActivityThread: Failed to find provider info for call_log
05-13 02:52:54.337  5194  5241 E ActivityThread: Failed to find provider info for call_log
05-13 02:52:54.338  5194  5241 E ActivityThread: Failed to find provider info for call_log
05-13 02:52:54.342  2518  9294 E ActivityThread: Failed to find provider info for call_log
05-13 02:52:54.448  2518  2858 E flymed_connector: Communications error: java.io.IOException: No such file or directory
05-13 02:52:54.449  2518  2858 E flymed_connector: Error in NativeDaemonConnector: java.io.IOException: No such file or directory
05-13 02:52:59.450  2518  2858 E flymed_connector: Communications error: java.io.IOException: No such file or directory
05-13 02:52:59.451  2518  2858 E flymed_connector: Error in NativeDaemonConnector: java.io.IOException: No such file or directory
05-13 02:53:04.453  2518  2858 E flymed_connector: Communications error: java.io.IOException: No such file or directory
05-13 02:53:04.456  2518  2858 E flymed_connector: Error in NativeDaemonConnector: java.io.IOException: No such file or directory
05-13 02:53:09.459  2518  2858 E flymed_connector: Communications error: java.io.IOException: No such file or directory
05-13 02:53:09.459  2518  2858 E flymed_connector: Error in NativeDaemonConnector: java.io.IOException: No such file or directory
05-13 02:53:14.460  2518  2858 E flymed_connector: Communications error: java.io.IOException: No such file or directory
05-13 02:53:14.461  2518  2858 E flymed_connector: Error in NativeDaemonConnector: java.io.IOException: No such file or directory
05-13 02:53:19.463  2518  2858 E flymed_connector: Communications error: java.io.IOException: No such file or directory
05-13 02:53:19.467  2518  2858 E flymed_connector: Error in NativeDaemonConnector: java.io.IOException: No such file or directory
05-13 02:53:24.471  2518  2858 E flymed_connector: Communications error: java.io.IOException: No such file or directory
05-13 02:53:24.475  2518  2858 E flymed_connector: Error in NativeDaemonConnector: java.io.IOException: No such file or directory
05-13 02:53:29.480  2518  2858 E flymed_connector: Communications error: java.io.IOException: No such file or directory
05-13 02:53:29.482  2518  2858 E flymed_connector: Error in NativeDaemonConnector: java.io.IOException: No such file or directory
05-13 02:53:30.612  5194  5355 E ActivityThread: Failed to find provider info for com.android.contacts
05-13 02:53:30.613  5194  5484 E ActivityThread: Failed to find provider info for com.android.contacts
05-13 02:53:30.614  5194  5484 E ActivityThread: Failed to find provider info for com.android.contacts
05-13 02:53:31.129  5194  5241 E ActivityThread: Failed to find provider info for call_log
05-13 02:53:31.136  2518  9763 E ActivityThread: Failed to find provider info for call_log
05-13 02:53:34.484  2518  2858 E flymed_connector: Communications error: java.io.IOException: No such file or directory
05-13 02:53:34.485  2518  2858 E flymed_connector: Error in NativeDaemonConnector: java.io.IOException: No such file or directory
05-13 02:53:35.276  5194  5388 E ActivityThread: Failed to find provider info for com.android.contacts
05-13 02:53:35.278  5194  5440 E ActivityThread: Failed to find provider info for com.android.contacts
05-13 02:53:35.316  5194  5484 E ActivityThread: Failed to find provider info for com.android.contacts
05-13 02:53:35.317  5194  5355 E ActivityThread: Failed to find provider info for com.android.contacts
05-13 02:53:38.207  5194  5194 E ActivityThread: Failed to find provider info for com.android.contacts
05-13 02:53:38.552  5194  9818 E ActivityThread: Failed to find provider info for com.android.contacts
05-13 02:53:39.486  2518  2858 E flymed_connector: Communications error: java.io.IOException: No such file or directory
05-13 02:53:39.487  2518  2858 E flymed_connector: Error in NativeDaemonConnector: java.io.IOException: No such file or directory
05-13 02:53:39.850  5194  9820 E ActivityThread: Failed to find provider info for com.android.contacts
05-13 02:53:39.915  5194  5440 E ActivityThread: Failed to find provider info for com.android.contacts
05-13 02:53:40.063  5194  9850 E ActivityThread: Failed to find provider info for com.android.contacts
05-13 02:53:40.192  5194  5484 E ActivityThread: Failed to find provider info for com.android.contacts
05-13 02:53:40.195  5194  5355 E ActivityThread: Failed to find provider info for com.android.contacts
05-13 02:53:40.196  5194  5484 E ActivityThread: Failed to find provider info for com.android.contacts
05-13 02:53:44.489  2518  2858 E flymed_connector: Communications error: java.io.IOException: No such file or directory
05-13 02:53:44.493  2518  2858 E flymed_connector: Error in NativeDaemonConnector: java.io.IOException: No such file or directory
05-13 02:53:49.496  2518  2858 E flymed_connector: Communications error: java.io.IOException: No such file or directory
05-13 02:53:49.500  2518  2858 E flymed_connector: Error in NativeDaemonConnector: java.io.IOException: No such file or directory
05-13 02:53:54.504  2518  2858 E flymed_connector: Communications error: java.io.IOException: No such file or directory
05-13 02:53:54.507  2518  2858 E flymed_connector: Error in NativeDaemonConnector: java.io.IOException: No such file or directory
05-13 02:53:59.511  2518  2858 E flymed_connector: Communications error: java.io.IOException: No such file or directory
05-13 02:53:59.512  2518  2858 E flymed_connector: Error in NativeDaemonConnector: java.io.IOException: No such file or directory
05-13 02:54:04.515  2518  2858 E flymed_connector: Communications error: java.io.IOException: No such file or directory
05-13 02:54:04.520  2518  2858 E flymed_connector: Error in NativeDaemonConnector: java.io.IOException: No such file or directory
05-13 02:54:06.615  5194  5241 E ActivityThread: Failed to find provider info for call_log
05-13 02:54:06.620  2518  9908 E ActivityThread: Failed to find provider info for call_log
05-13 02:54:09.523  2518  2858 E flymed_connector: Communications error: java.io.IOException: No such file or directory
05-13 02:54:09.528  2518  2858 E flymed_connector: Error in NativeDaemonConnector: java.io.IOException: No such file or directory
05-13 02:54:14.532  2518  2858 E flymed_connector: Communications error: java.io.IOException: No such file or directory
05-13 02:54:14.537  2518  2858 E flymed_connector: Error in NativeDaemonConnector: java.io.IOException: No such file or directory
05-13 02:54:15.111  2518  9917 E ActivityThread: Failed to find provider info for com.android.contacts
05-13 02:54:15.120  2518  9917 E ActivityThread: Failed to find provider info for call_log
05-13 02:54:19.541  2518  2858 E flymed_connector: Communications error: java.io.IOException: No such file or directory
05-13 02:54:19.545  2518  2858 E flymed_connector: Error in NativeDaemonConnector: java.io.IOException: No such file or directory
05-13 02:54:24.548  2518  2858 E flymed_connector: Communications error: java.io.IOException: No such file or directory
05-13 02:54:24.549  2518  2858 E flymed_connector: Error in NativeDaemonConnector: java.io.IOException: No such file or directory
05-13 02:54:29.551  2518  2858 E flymed_connector: Communications error: java.io.IOException: No such file or directory
05-13 02:54:29.554  2518  2858 E flymed_connector: Error in NativeDaemonConnector: java.io.IOException: No such file or directory
05-13 02:54:34.557  2518  2858 E flymed_connector: Communications error: java.io.IOException: No such file or directory
05-13 02:54:34.560  2518  2858 E flymed_connector: Error in NativeDaemonConnector: java.io.IOException: No such file or directory
05-13 02:54:37.117  5194  5241 E ActivityThread: Failed to find provider info for call_log
05-13 02:54:37.121  5194  5241 E ActivityThread: Failed to find provider info for call_log
05-13 02:54:37.151  2518 10006 E ActivityThread: Failed to find provider info for call_log
05-13 02:54:39.565  2518  2858 E flymed_connector: Communications error: java.io.IOException: No such file or directory
05-13 02:54:39.569  2518  2858 E flymed_connector: Error in NativeDaemonConnector: java.io.IOException: No such file or directory
05-13 02:54:44.573  2518  2858 E flymed_connector: Communications error: java.io.IOException: No such file or directory
05-13 02:54:44.576  2518  2858 E flymed_connector: Error in NativeDaemonConnector: java.io.IOException: No such file or directory
05-13 02:54:49.579  2518  2858 E flymed_connector: Communications error: java.io.IOException: No such file or directory
05-13 02:54:49.582  2518  2858 E flymed_connector: Error in NativeDaemonConnector: java.io.IOException: No such file or directory
05-13 02:54:54.585  2518  2858 E flymed_connector: Communications error: java.io.IOException: No such file or directory
05-13 02:54:54.588  2518  2858 E flymed_connector: Error in NativeDaemonConnector: java.io.IOException: No such file or directory
05-13 02:54:59.592  2518  2858 E flymed_connector: Communications error: java.io.IOException: No such file or directory
05-13 02:54:59.595  2518  2858 E flymed_connector: Error in NativeDaemonConnector: java.io.IOException: No such file or directory
05-13 02:55:04.599  2518  2858 E flymed_connector: Communications error: java.io.IOException: No such file or directory
05-13 02:55:04.602  2518  2858 E flymed_connector: Error in NativeDaemonConnector: java.io.IOException: No such file or directory
05-13 02:55:09.605  2518  2858 E flymed_connector: Communications error: java.io.IOException: No such file or directory
05-13 02:55:09.608  2518  2858 E flymed_connector: Error in NativeDaemonConnector: java.io.IOException: No such file or directory
05-13 02:55:14.613  2518  2858 E flymed_connector: Communications error: java.io.IOException: No such file or directory
05-13 02:55:14.615  2518  2858 E flymed_connector: Error in NativeDaemonConnector: java.io.IOException: No such file or directory
05-13 02:55:19.619  2518  2858 E flymed_connector: Communications error: java.io.IOException: No such file or directory
05-13 02:55:19.621  2518  2858 E flymed_connector: Error in NativeDaemonConnector: java.io.IOException: No such file or directory
05-13 02:55:24.625  2518  2858 E flymed_connector: Communications error: java.io.IOException: No such file or directory
05-13 02:55:24.627  2518  2858 E flymed_connector: Error in NativeDaemonConnector: java.io.IOException: No such file or directory
05-13 02:55:29.631  2518  2858 E flymed_connector: Communications error: java.io.IOException: No such file or directory
05-13 02:55:29.633  2518  2858 E flymed_connector: Error in NativeDaemonConnector: java.io.IOException: No such file or directory
05-13 02:55:34.637  2518  2858 E flymed_connector: Communications error: java.io.IOException: No such file or directory
05-13 02:55:34.639  2518  2858 E flymed_connector: Error in NativeDaemonConnector: java.io.IOException: No such file or directory
05-13 02:55:39.642  2518  2858 E flymed_connector: Communications error: java.io.IOException: No such file or directory
05-13 02:55:39.645  2518  2858 E flymed_connector: Error in NativeDaemonConnector: java.io.IOException: No such file or directory
05-13 02:55:44.648  2518  2858 E flymed_connector: Communications error: java.io.IOException: No such file or directory
05-13 02:55:44.651  2518  2858 E flymed_connector: Error in NativeDaemonConnector: java.io.IOException: No such file or directory
05-13 02:55:49.656  2518  2858 E flymed_connector: Communications error: java.io.IOException: No such file or directory
05-13 02:55:49.658  2518  2858 E flymed_connector: Error in NativeDaemonConnector: java.io.IOException: No such file or directory
05-13 02:55:54.661  2518  2858 E flymed_connector: Communications error: java.io.IOException: No such file or directory
05-13 02:55:54.664  2518  2858 E flymed_connector: Error in NativeDaemonConnector: java.io.IOException: No such file or directory
05-13 02:55:59.667  2518  2858 E flymed_connector: Communications error: java.io.IOException: No such file or directory
05-13 02:55:59.670  2518  2858 E flymed_connector: Error in NativeDaemonConnector: java.io.IOException: No such file or directory
05-13 02:56:04.675  2518  2858 E flymed_connector: Communications error: java.io.IOException: No such file or directory
05-13 02:56:04.677  2518  2858 E flymed_connector: Error in NativeDaemonConnector: java.io.IOException: No such file or directory
05-13 02:56:09.682  2518  2858 E flymed_connector: Communications error: java.io.IOException: No such file or directory
05-13 02:56:09.684  2518  2858 E flymed_connector: Error in NativeDaemonConnector: java.io.IOException: No such file or directory
05-13 02:56:14.688  2518  2858 E flymed_connector: Communications error: java.io.IOException: No such file or directory
05-13 02:56:14.691  2518  2858 E flymed_connector: Error in NativeDaemonConnector: java.io.IOException: No such file or directory
05-13 02:56:19.696  2518  2858 E flymed_connector: Communications error: java.io.IOException: No such file or directory
05-13 02:56:19.700  2518  2858 E flymed_connector: Error in NativeDaemonConnector: java.io.IOException: No such file or directory
05-13 02:56:24.703  2518  2858 E flymed_connector: Communications error: java.io.IOException: No such file or directory
05-13 02:56:24.706  2518  2858 E flymed_connector: Error in NativeDaemonConnector: java.io.IOException: No such file or directory
05-13 02:56:29.709  2518  2858 E flymed_connector: Communications error: java.io.IOException: No such file or directory
05-13 02:56:29.711  2518  2858 E flymed_connector: Error in NativeDaemonConnector: java.io.IOException: No such file or directory
05-13 02:56:34.715  2518  2858 E flymed_connector: Communications error: java.io.IOException: No such file or directory
05-13 02:56:34.717  2518  2858 E flymed_connector: Error in NativeDaemonConnector: java.io.IOException: No such file or directory
05-13 02:56:39.723  2518  2858 E flymed_connector: Communications error: java.io.IOException: No such file or directory
05-13 02:56:39.726  2518  2858 E flymed_connector: Error in NativeDaemonConnector: java.io.IOException: No such file or directory
05-13 02:56:44.729  2518  2858 E flymed_connector: Communications error: java.io.IOException: No such file or directory
05-13 02:56:44.733  2518  2858 E flymed_connector: Error in NativeDaemonConnector: java.io.IOException: No such file or directory
05-13 02:56:49.736  2518  2858 E flymed_connector: Communications error: java.io.IOException: No such file or directory
05-13 02:56:49.741  2518  2858 E flymed_connector: Error in NativeDaemonConnector: java.io.IOException: No such file or directory
05-13 02:56:54.744  2518  2858 E flymed_connector: Communications error: java.io.IOException: No such file or directory
05-13 02:56:54.747  2518  2858 E flymed_connector: Error in NativeDaemonConnector: java.io.IOException: No such file or directory
05-13 02:56:59.750  2518  2858 E flymed_connector: Communications error: java.io.IOException: No such file or directory
05-13 02:56:59.755  2518  2858 E flymed_connector: Error in NativeDaemonConnector: java.io.IOException: No such file or directory
05-13 02:57:04.759  2518  2858 E flymed_connector: Communications error: java.io.IOException: No such file or directory
05-13 02:57:04.761  2518  2858 E flymed_connector: Error in NativeDaemonConnector: java.io.IOException: No such file or directory
05-13 02:57:09.765  2518  2858 E flymed_connector: Communications error: java.io.IOException: No such file or directory
05-13 02:57:09.768  2518  2858 E flymed_connector: Error in NativeDaemonConnector: java.io.IOException: No such file or directory
05-13 02:57:14.771  2518  2858 E flymed_connector: Communications error: java.io.IOException: No such file or directory
05-13 02:57:14.775  2518  2858 E flymed_connector: Error in NativeDaemonConnector: java.io.IOException: No such file or directory
05-13 02:57:19.778  2518  2858 E flymed_connector: Communications error: java.io.IOException: No such file or directory
05-13 02:57:19.781  2518  2858 E flymed_connector: Error in NativeDaemonConnector: java.io.IOException: No such file or directory
05-13 02:57:24.785  2518  2858 E flymed_connector: Communications error: java.io.IOException: No such file or directory
05-13 02:57:24.788  2518  2858 E flymed_connector: Error in NativeDaemonConnector: java.io.IOException: No such file or directory
05-13 02:57:29.791  2518  2858 E flymed_connector: Communications error: java.io.IOException: No such file or directory
05-13 02:57:29.795  2518  2858 E flymed_connector: Error in NativeDaemonConnector: java.io.IOException: No such file or directory
05-13 02:57:34.798  2518  2858 E flymed_connector: Communications error: java.io.IOException: No such file or directory
05-13 02:57:34.800  2518  2858 E flymed_connector: Error in NativeDaemonConnector: java.io.IOException: No such file or directory
05-13 02:57:39.803  2518  2858 E flymed_connector: Communications error: java.io.IOException: No such file or directory
05-13 02:57:39.807  2518  2858 E flymed_connector: Error in NativeDaemonConnector: java.io.IOException: No such file or directory
05-13 02:57:44.810  2518  2858 E flymed_connector: Communications error: java.io.IOException: No such file or directory
05-13 02:57:44.813  2518  2858 E flymed_connector: Error in NativeDaemonConnector: java.io.IOException: No such file or directory
05-13 02:57:49.815  2518  2858 E flymed_connector: Communications error: java.io.IOException: No such file or directory
05-13 02:57:49.816  2518  2858 E flymed_connector: Error in NativeDaemonConnector: java.io.IOException: No such file or directory
05-13 02:57:51.881  5194  5484 E ActivityThread: Failed to find provider info for com.android.contacts
05-13 02:57:51.890  5194  5484 E ActivityThread: Failed to find provider info for com.android.contacts
05-13 02:57:51.895  5194  5355 E ActivityThread: Failed to find provider info for com.android.contacts
05-13 02:57:52.400  5194  5241 E ActivityThread: Failed to find provider info for call_log
05-13 02:57:52.405  2518 10236 E ActivityThread: Failed to find provider info for call_log
05-13 02:57:54.817  2518  2858 E flymed_connector: Communications error: java.io.IOException: No such file or directory
05-13 02:57:54.818  2518  2858 E flymed_connector: Error in NativeDaemonConnector: java.io.IOException: No such file or directory
