05-13 02:57:59.820  2518  2858 E flymed_connector: Communications error: java.io.IOException: No such file or directory
05-13 02:57:59.823  2518  2858 E flymed_connector: Error in NativeDaemonConnector: java.io.IOException: No such file or directory
05-13 02:58:04.827  2518  2858 E flymed_connector: Communications error: java.io.IOException: No such file or directory
05-13 02:58:04.829  2518  2858 E flymed_connector: Error in NativeDaemonConnector: java.io.IOException: No such file or directory
05-13 02:58:09.833  2518  2858 E flymed_connector: Communications error: java.io.IOException: No such file or directory
05-13 02:58:09.838  2518  2858 E flymed_connector: Error in NativeDaemonConnector: java.io.IOException: No such file or directory
05-13 02:58:14.842  2518  2858 E flymed_connector: Communications error: java.io.IOException: No such file or directory
05-13 02:58:14.844  2518  2858 E flymed_connector: Error in NativeDaemonConnector: java.io.IOException: No such file or directory
05-13 02:58:19.850  2518  2858 E flymed_connector: Communications error: java.io.IOException: No such file or directory
05-13 02:58:19.853  2518  2858 E flymed_connector: Error in NativeDaemonConnector: java.io.IOException: No such file or directory
05-13 02:58:24.856  2518  2858 E flymed_connector: Communications error: java.io.IOException: No such file or directory
05-13 02:58:24.861  2518  2858 E flymed_connector: Error in NativeDaemonConnector: java.io.IOException: No such file or directory
05-13 02:58:29.864  2518  2858 E flymed_connector: Communications error: java.io.IOException: No such file or directory
05-13 02:58:29.867  2518  2858 E flymed_connector: Error in NativeDaemonConnector: java.io.IOException: No such file or directory
05-13 02:58:34.872  2518  2858 E flymed_connector: Communications error: java.io.IOException: No such file or directory
05-13 02:58:34.874  2518  2858 E flymed_connector: Error in NativeDaemonConnector: java.io.IOException: No such file or directory
05-13 02:58:39.879  2518  2858 E flymed_connector: Communications error: java.io.IOException: No such file or directory
05-13 02:58:39.883  2518  2858 E flymed_connector: Error in NativeDaemonConnector: java.io.IOException: No such file or directory
05-13 02:58:44.887  2518  2858 E flymed_connector: Communications error: java.io.IOException: No such file or directory
05-13 02:58:44.891  2518  2858 E flymed_connector: Error in NativeDaemonConnector: java.io.IOException: No such file or directory
05-13 02:58:49.895  2518  2858 E flymed_connector: Communications error: java.io.IOException: No such file or directory
05-13 02:58:49.898  2518  2858 E flymed_connector: Error in NativeDaemonConnector: java.io.IOException: No such file or directory
05-13 02:58:54.902  2518  2858 E flymed_connector: Communications error: java.io.IOException: No such file or directory
05-13 02:58:54.905  2518  2858 E flymed_connector: Error in NativeDaemonConnector: java.io.IOException: No such file or directory
05-13 02:58:59.910  2518  2858 E flymed_connector: Communications error: java.io.IOException: No such file or directory
05-13 02:58:59.913  2518  2858 E flymed_connector: Error in NativeDaemonConnector: java.io.IOException: No such file or directory
05-13 02:59:04.917  2518  2858 E flymed_connector: Communications error: java.io.IOException: No such file or directory
05-13 02:59:04.920  2518  2858 E flymed_connector: Error in NativeDaemonConnector: java.io.IOException: No such file or directory
05-13 02:59:09.925  2518  2858 E flymed_connector: Communications error: java.io.IOException: No such file or directory
05-13 02:59:09.927  2518  2858 E flymed_connector: Error in NativeDaemonConnector: java.io.IOException: No such file or directory
05-13 02:59:14.932  2518  2858 E flymed_connector: Communications error: java.io.IOException: No such file or directory
05-13 02:59:14.935  2518  2858 E flymed_connector: Error in NativeDaemonConnector: java.io.IOException: No such file or directory
05-13 02:59:19.940  2518  2858 E flymed_connector: Communications error: java.io.IOException: No such file or directory
05-13 02:59:19.943  2518  2858 E flymed_connector: Error in NativeDaemonConnector: java.io.IOException: No such file or directory
05-13 02:59:24.947  2518  2858 E flymed_connector: Communications error: java.io.IOException: No such file or directory
05-13 02:59:24.950  2518  2858 E flymed_connector: Error in NativeDaemonConnector: java.io.IOException: No such file or directory
05-13 02:59:29.954  2518  2858 E flymed_connector: Communications error: java.io.IOException: No such file or directory
05-13 02:59:29.957  2518  2858 E flymed_connector: Error in NativeDaemonConnector: java.io.IOException: No such file or directory
05-13 02:59:34.962  2518  2858 E flymed_connector: Communications error: java.io.IOException: No such file or directory
05-13 02:59:34.965  2518  2858 E flymed_connector: Error in NativeDaemonConnector: java.io.IOException: No such file or directory
05-13 02:59:39.969  2518  2858 E flymed_connector: Communications error: java.io.IOException: No such file or directory
05-13 02:59:39.973  2518  2858 E flymed_connector: Error in NativeDaemonConnector: java.io.IOException: No such file or directory
05-13 02:59:44.977  2518  2858 E flymed_connector: Communications error: java.io.IOException: No such file or directory
05-13 02:59:44.980  2518  2858 E flymed_connector: Error in NativeDaemonConnector: java.io.IOException: No such file or directory
05-13 02:59:49.984  2518  2858 E flymed_connector: Communications error: java.io.IOException: No such file or directory
05-13 02:59:49.988  2518  2858 E flymed_connector: Error in NativeDaemonConnector: java.io.IOException: No such file or directory
05-13 02:59:54.992  2518  2858 E flymed_connector: Communications error: java.io.IOException: No such file or directory
05-13 02:59:54.995  2518  2858 E flymed_connector: Error in NativeDaemonConnector: java.io.IOException: No such file or directory
05-13 02:59:59.999  2518  2858 E flymed_connector: Communications error: java.io.IOException: No such file or directory
05-13 03:00:00.003  2518  2858 E flymed_connector: Error in NativeDaemonConnector: java.io.IOException: No such file or directory
05-13 03:00:05.007  2518  2858 E flymed_connector: Communications error: java.io.IOException: No such file or directory
05-13 03:00:05.011  2518  2858 E flymed_connector: Error in NativeDaemonConnector: java.io.IOException: No such file or directory
05-13 03:00:10.014  2518  2858 E flymed_connector: Communications error: java.io.IOException: No such file or directory
05-13 03:00:10.018  2518  2858 E flymed_connector: Error in NativeDaemonConnector: java.io.IOException: No such file or directory
05-13 03:00:15.023  2518  2858 E flymed_connector: Communications error: java.io.IOException: No such file or directory
05-13 03:00:15.026  2518  2858 E flymed_connector: Error in NativeDaemonConnector: java.io.IOException: No such file or directory
05-13 03:00:20.030  2518  2858 E flymed_connector: Communications error: java.io.IOException: No such file or directory
05-13 03:00:20.033  2518  2858 E flymed_connector: Error in NativeDaemonConnector: java.io.IOException: No such file or directory
05-13 03:00:25.037  2518  2858 E flymed_connector: Communications error: java.io.IOException: No such file or directory
05-13 03:00:25.040  2518  2858 E flymed_connector: Error in NativeDaemonConnector: java.io.IOException: No such file or directory
05-13 03:00:30.044  2518  2858 E flymed_connector: Communications error: java.io.IOException: No such file or directory
05-13 03:00:30.048  2518  2858 E flymed_connector: Error in NativeDaemonConnector: java.io.IOException: No such file or directory
05-13 03:00:35.052  2518  2858 E flymed_connector: Communications error: java.io.IOException: No such file or directory
05-13 03:00:35.055  2518  2858 E flymed_connector: Error in NativeDaemonConnector: java.io.IOException: No such file or directory
05-13 03:00:40.060  2518  2858 E flymed_connector: Communications error: java.io.IOException: No such file or directory
05-13 03:00:40.063  2518  2858 E flymed_connector: Error in NativeDaemonConnector: java.io.IOException: No such file or directory
05-13 03:00:45.067  2518  2858 E flymed_connector: Communications error: java.io.IOException: No such file or directory
05-13 03:00:45.071  2518  2858 E flymed_connector: Error in NativeDaemonConnector: java.io.IOException: No such file or directory
05-13 03:00:50.075  2518  2858 E flymed_connector: Communications error: java.io.IOException: No such file or directory
05-13 03:00:50.077  2518  2858 E flymed_connector: Error in NativeDaemonConnector: java.io.IOException: No such file or directory
05-13 03:00:55.082  2518  2858 E flymed_connector: Communications error: java.io.IOException: No such file or directory
05-13 03:00:55.085  2518  2858 E flymed_connector: Error in NativeDaemonConnector: java.io.IOException: No such file or directory
05-13 03:01:00.090  2518  2858 E flymed_connector: Communications error: java.io.IOException: No such file or directory
05-13 03:01:00.094  2518  2858 E flymed_connector: Error in NativeDaemonConnector: java.io.IOException: No such file or directory
05-13 03:01:05.097  2518  2858 E flymed_connector: Communications error: java.io.IOException: No such file or directory
05-13 03:01:05.101  2518  2858 E flymed_connector: Error in NativeDaemonConnector: java.io.IOException: No such file or directory
05-13 03:01:10.105  2518  2858 E flymed_connector: Communications error: java.io.IOException: No such file or directory
05-13 03:01:10.107  2518  2858 E flymed_connector: Error in NativeDaemonConnector: java.io.IOException: No such file or directory
05-13 03:01:15.112  2518  2858 E flymed_connector: Communications error: java.io.IOException: No such file or directory
05-13 03:01:15.115  2518  2858 E flymed_connector: Error in NativeDaemonConnector: java.io.IOException: No such file or directory
05-13 03:01:17.452  2518  2569 E BatteryStatsService: no controller energy info supplied
05-13 03:01:17.452  2518  2569 E BatteryStatsService: no controller energy info supplied
05-13 03:01:17.503  2518  2569 E KernelWakelockReader: neither /proc/wakelocks nor /d/wakeup_sources exists
05-13 03:01:17.503  2518  2569 E BatteryStatsService: modem info is invalid: ModemActivityInfo{ mTimestamp=0 mSleepTimeMs=0 mIdleTimeMs=0 mTxTimeMs[]=[0, 0, 0, 0, 0] mRxTimeMs=0 mEnergyUsed=0}
05-13 03:01:20.120  2518  2858 E flymed_connector: Communications error: java.io.IOException: No such file or directory
05-13 03:01:20.123  2518  2858 E flymed_connector: Error in NativeDaemonConnector: java.io.IOException: No such file or directory
05-13 03:01:25.127  2518  2858 E flymed_connector: Communications error: java.io.IOException: No such file or directory
05-13 03:01:25.130  2518  2858 E flymed_connector: Error in NativeDaemonConnector: java.io.IOException: No such file or directory
05-13 03:01:30.136  2518  2858 E flymed_connector: Communications error: java.io.IOException: No such file or directory
05-13 03:01:30.138  2518  2858 E flymed_connector: Error in NativeDaemonConnector: java.io.IOException: No such file or directory
05-13 03:01:35.142  2518  2858 E flymed_connector: Communications error: java.io.IOException: No such file or directory
05-13 03:01:35.145  2518  2858 E flymed_connector: Error in NativeDaemonConnector: java.io.IOException: No such file or directory
05-13 03:01:40.150  2518  2858 E flymed_connector: Communications error: java.io.IOException: No such file or directory
05-13 03:01:40.154  2518  2858 E flymed_connector: Error in NativeDaemonConnector: java.io.IOException: No such file or directory
05-13 03:01:45.157  2518  2858 E flymed_connector: Communications error: java.io.IOException: No such file or directory
05-13 03:01:45.160  2518  2858 E flymed_connector: Error in NativeDaemonConnector: java.io.IOException: No such file or directory
05-13 03:01:50.169  2518  2858 E flymed_connector: Communications error: java.io.IOException: No such file or directory
05-13 03:01:50.172  2518  2858 E flymed_connector: Error in NativeDaemonConnector: java.io.IOException: No such file or directory
05-13 03:01:55.175  2518  2858 E flymed_connector: Communications error: java.io.IOException: No such file or directory
05-13 03:01:55.178  2518  2858 E flymed_connector: Error in NativeDaemonConnector: java.io.IOException: No such file or directory
05-13 03:02:00.181  2518  2858 E flymed_connector: Communications error: java.io.IOException: No such file or directory
05-13 03:02:00.184  2518  2858 E flymed_connector: Error in NativeDaemonConnector: java.io.IOException: No such file or directory
05-13 03:02:05.188  2518  2858 E flymed_connector: Communications error: java.io.IOException: No such file or directory
05-13 03:02:05.190  2518  2858 E flymed_connector: Error in NativeDaemonConnector: java.io.IOException: No such file or directory
05-13 03:02:10.195  2518  2858 E flymed_connector: Communications error: java.io.IOException: No such file or directory
05-13 03:02:10.198  2518  2858 E flymed_connector: Error in NativeDaemonConnector: java.io.IOException: No such file or directory
05-13 03:02:15.203  2518  2858 E flymed_connector: Communications error: java.io.IOException: No such file or directory
05-13 03:02:15.205  2518  2858 E flymed_connector: Error in NativeDaemonConnector: java.io.IOException: No such file or directory
05-13 03:02:20.210  2518  2858 E flymed_connector: Communications error: java.io.IOException: No such file or directory
05-13 03:02:20.214  2518  2858 E flymed_connector: Error in NativeDaemonConnector: java.io.IOException: No such file or directory
05-13 03:02:25.217  2518  2858 E flymed_connector: Communications error: java.io.IOException: No such file or directory
05-13 03:02:25.221  2518  2858 E flymed_connector: Error in NativeDaemonConnector: java.io.IOException: No such file or directory
05-13 03:02:30.226  2518  2858 E flymed_connector: Communications error: java.io.IOException: No such file or directory
05-13 03:02:30.230  2518  2858 E flymed_connector: Error in NativeDaemonConnector: java.io.IOException: No such file or directory
05-13 03:02:35.234  2518  2858 E flymed_connector: Communications error: java.io.IOException: No such file or directory
05-13 03:02:35.237  2518  2858 E flymed_connector: Error in NativeDaemonConnector: java.io.IOException: No such file or directory
05-13 03:02:40.242  2518  2858 E flymed_connector: Communications error: java.io.IOException: No such file or directory
05-13 03:02:40.245  2518  2858 E flymed_connector: Error in NativeDaemonConnector: java.io.IOException: No such file or directory
05-13 03:02:45.249  2518  2858 E flymed_connector: Communications error: java.io.IOException: No such file or directory
05-13 03:02:45.252  2518  2858 E flymed_connector: Error in NativeDaemonConnector: java.io.IOException: No such file or directory
05-13 03:02:48.255  5194  5355 E ActivityThread: Failed to find provider info for com.android.contacts
05-13 03:02:48.258  5194  5484 E ActivityThread: Failed to find provider info for com.android.contacts
05-13 03:02:48.279  5194  5484 E ActivityThread: Failed to find provider info for com.android.contacts
05-13 03:02:48.764  5194  5241 E ActivityThread: Failed to find provider info for call_log
05-13 03:02:48.771  2518 10469 E ActivityThread: Failed to find provider info for call_log
05-13 03:02:50.257  2518  2858 E flymed_connector: Communications error: java.io.IOException: No such file or directory
05-13 03:02:50.260  2518  2858 E flymed_connector: Error in NativeDaemonConnector: java.io.IOException: No such file or directory
05-13 03:02:51.440  5194  5241 E ActivityThread: Failed to find provider info for call_log
05-13 03:02:51.441  5194  5241 E ActivityThread: Failed to find provider info for call_log
05-13 03:02:51.444  2518 10485 E ActivityThread: Failed to find provider info for call_log
05-13 03:02:52.015  3120 10492 E ActivityThread: Failed to find provider info for com.qti.smq.qualcommFeedback.provider
05-13 03:02:55.263  2518  2858 E flymed_connector: Communications error: java.io.IOException: No such file or directory
05-13 03:02:55.264  2518  2858 E flymed_connector: Error in NativeDaemonConnector: java.io.IOException: No such file or directory
05-13 03:02:55.965  3120 10494 E ActivityThread: Failed to find provider info for com.qti.smq.qualcommFeedback.provider
05-13 03:02:57.373  3120 10497 E ActivityThread: Failed to find provider info for com.qti.smq.qualcommFeedback.provider
05-13 03:02:59.722  3120 10492 E ActivityThread: Failed to find provider info for com.qti.smq.qualcommFeedback.provider
05-13 03:03:00.266  2518  2858 E flymed_connector: Communications error: java.io.IOException: No such file or directory
05-13 03:03:00.270  2518  2858 E flymed_connector: Error in NativeDaemonConnector: java.io.IOException: No such file or directory
05-13 03:03:00.871  3120 10494 E ActivityThread: Failed to find provider info for com.qti.smq.qualcommFeedback.provider
--------- beginning of crash
05-13 03:03:04.496  3120 10658 E AndroidRuntime: FATAL EXCEPTION: Thread-8
05-13 03:03:04.496  3120 10658 E AndroidRuntime: Process: com.android.settings, PID: 3120
05-13 03:03:04.496  3120 10658 E AndroidRuntime: java.lang.IncompatibleClassChangeError: The method 'void com.android.internal.widget.LockPatternUtils.setLong(java.lang.String, long, int)' was expected to be of type direct but instead was found to be of type virtual (declaration of 'com.android.internal.widget.LockPatternUtils' appears in /system/framework/framework.jar:classes2.dex)
05-13 03:03:04.496  3120 10658 E AndroidRuntime: 	at com.android.internal.widget.LockPatternUtils.saveFlymePasswordLength(LockPatternUtils.java)
05-13 03:03:04.496  3120 10658 E AndroidRuntime: 	at com.android.internal.widget.LockPatternUtils.saveLockPassword(LockPatternUtils.java:877)
05-13 03:03:04.496  3120 10658 E AndroidRuntime: 	at com.meizu.settings.security.FlymeLockPasswordUtils.saveScreenPassword(FlymeLockPasswordUtils.java:278)
05-13 03:03:04.496  3120 10658 E AndroidRuntime: 	at com.meizu.settings.security.FlymeLockPasswordUtils.savePassword(FlymeLockPasswordUtils.java:252)
05-13 03:03:04.496  3120 10658 E AndroidRuntime: 	at com.meizu.settings.security.FlymeEnterPasswordFragment$7.run(FlymeEnterPasswordFragment.java:480)
05-13 03:03:04.496  3120 10658 E AndroidRuntime: 	at java.lang.Thread.run(Thread.java:761)
05-13 03:03:05.274  2518  2858 E flymed_connector: Communications error: java.io.IOException: No such file or directory
05-13 03:03:05.277  2518  2858 E flymed_connector: Error in NativeDaemonConnector: java.io.IOException: No such file or directory
05-13 03:03:10.262 10715 10812 E ActivityThread: Failed to find provider info for com.qti.smq.qualcommFeedback.provider
05-13 03:03:10.279  2518  2858 E flymed_connector: Communications error: java.io.IOException: No such file or directory
05-13 03:03:10.280  2518  2858 E flymed_connector: Error in NativeDaemonConnector: java.io.IOException: No such file or directory
05-13 03:03:15.282  2518  2858 E flymed_connector: Communications error: java.io.IOException: No such file or directory
05-13 03:03:15.285  2518  2858 E flymed_connector: Error in NativeDaemonConnector: java.io.IOException: No such file or directory
05-13 03:03:20.289  2518  2858 E flymed_connector: Communications error: java.io.IOException: No such file or directory
05-13 03:03:20.290  2518  2858 E flymed_connector: Error in NativeDaemonConnector: java.io.IOException: No such file or directory
05-13 03:03:20.503 10715 10812 E ActivityThread: Failed to find provider info for com.qti.smq.qualcommFeedback.provider
--------- beginning of main
05-13 03:03:21.668 10715 10817 E ActivityThread: Failed to find provider info for com.qti.smq.qualcommFeedback.provider
05-13 03:03:22.550   287   287 E gatekeeperd: void android::GateKeeperProxy::clear_sid(uint32_t): could not remove file [No such file or directory], attempting 0 write
05-13 03:03:23.790 10715 10825 E ActivityThread: Failed to find provider info for com.qti.smq.qualcommFeedback.provider
05-13 03:03:24.576 10715 10812 E ActivityThread: Failed to find provider info for com.qti.smq.qualcommFeedback.provider
05-13 03:03:25.292  2518  2858 E flymed_connector: Communications error: java.io.IOException: No such file or directory
05-13 03:03:25.296  2518  2858 E flymed_connector: Error in NativeDaemonConnector: java.io.IOException: No such file or directory
05-13 03:03:27.826 10715 10962 E AndroidRuntime: FATAL EXCEPTION: Thread-4
05-13 03:03:27.826 10715 10962 E AndroidRuntime: Process: com.android.settings, PID: 10715
05-13 03:03:27.826 10715 10962 E AndroidRuntime: java.lang.IncompatibleClassChangeError: The method 'void com.android.internal.widget.LockPatternUtils.setLong(java.lang.String, long, int)' was expected to be of type direct but instead was found to be of type virtual (declaration of 'com.android.internal.widget.LockPatternUtils' appears in /system/framework/framework.jar:classes2.dex)
05-13 03:03:27.826 10715 10962 E AndroidRuntime: 	at com.android.internal.widget.LockPatternUtils.saveFlymePasswordLength(LockPatternUtils.java)
05-13 03:03:27.826 10715 10962 E AndroidRuntime: 	at com.android.internal.widget.LockPatternUtils.saveLockPassword(LockPatternUtils.java:877)
05-13 03:03:27.826 10715 10962 E AndroidRuntime: 	at com.meizu.settings.security.FlymeLockPasswordUtils.saveScreenPassword(FlymeLockPasswordUtils.java:278)
05-13 03:03:27.826 10715 10962 E AndroidRuntime: 	at com.meizu.settings.security.FlymeLockPasswordUtils.savePassword(FlymeLockPasswordUtils.java:252)
05-13 03:03:27.826 10715 10962 E AndroidRuntime: 	at com.meizu.settings.security.FlymeEnterPasswordFragment$7.run(FlymeEnterPasswordFragment.java:480)
05-13 03:03:27.826 10715 10962 E AndroidRuntime: 	at java.lang.Thread.run(Thread.java:761)
05-13 03:03:27.843   249  4197 E BufferQueueProducer: [com.android.settings/com.android.settings.SubSettings] dequeueBuffer: BufferQueue has been abandoned
05-13 03:03:27.843 10715 10823 E OpenGLRenderer: GL error:  Out of memory!
05-13 03:03:27.917  4072  4072 E Launcher: Error start clone app: java.lang.NoSuchFieldException: No field mCloneId in class Landroid/content/Intent; (declaration of 'android.content.Intent' appears in /system/framework/framework.jar)
05-13 03:03:30.301  2518  2858 E flymed_connector: Communications error: java.io.IOException: No such file or directory
05-13 03:03:30.304  2518  2858 E flymed_connector: Error in NativeDaemonConnector: java.io.IOException: No such file or directory
05-13 03:03:35.309  2518  2858 E flymed_connector: Communications error: java.io.IOException: No such file or directory
05-13 03:03:35.312  2518  2858 E flymed_connector: Error in NativeDaemonConnector: java.io.IOException: No such file or directory
05-13 03:03:40.315  2518  2858 E flymed_connector: Communications error: java.io.IOException: No such file or directory
05-13 03:03:40.319  2518  2858 E flymed_connector: Error in NativeDaemonConnector: java.io.IOException: No such file or directory
05-13 03:03:45.323  2518  2858 E flymed_connector: Communications error: java.io.IOException: No such file or directory
05-13 03:03:45.326  2518  2858 E flymed_connector: Error in NativeDaemonConnector: java.io.IOException: No such file or directory
05-13 03:03:50.333  2518  2858 E flymed_connector: Communications error: java.io.IOException: No such file or directory
05-13 03:03:50.336  2518  2858 E flymed_connector: Error in NativeDaemonConnector: java.io.IOException: No such file or directory
05-13 03:03:54.084  4072  4072 E Launcher: Error start clone app: java.lang.NoSuchFieldException: No field mCloneId in class Landroid/content/Intent; (declaration of 'android.content.Intent' appears in /system/framework/framework.jar)
05-13 03:03:54.084  4072  4072 E Launcher: Error start clone app: java.lang.NoSuchFieldException: No field mCloneId in class Landroid/content/Intent; (declaration of 'android.content.Intent' appears in /system/framework/framework.jar)
05-13 03:03:55.339  2518  2858 E flymed_connector: Communications error: java.io.IOException: No such file or directory
05-13 03:03:55.340  2518  2858 E flymed_connector: Error in NativeDaemonConnector: java.io.IOException: No such file or directory
05-13 03:03:58.916  4072  4072 E Launcher: Error start clone app: java.lang.NoSuchFieldException: No field mCloneId in class Landroid/content/Intent; (declaration of 'android.content.Intent' appears in /system/framework/framework.jar)
05-13 03:03:58.916  4072  4072 E Launcher: Error start clone app: java.lang.NoSuchFieldException: No field mCloneId in class Landroid/content/Intent; (declaration of 'android.content.Intent' appears in /system/framework/framework.jar)
05-13 03:04:00.341  2518  2858 E flymed_connector: Communications error: java.io.IOException: No such file or directory
05-13 03:04:00.342  2518  2858 E flymed_connector: Error in NativeDaemonConnector: java.io.IOException: No such file or directory
05-13 03:04:00.572  4072  4072 E Launcher: Error start clone app: java.lang.NoSuchFieldException: No field mCloneId in class Landroid/content/Intent; (declaration of 'android.content.Intent' appears in /system/framework/framework.jar)
05-13 03:04:00.572  4072  4072 E Launcher: Error start clone app: java.lang.NoSuchFieldException: No field mCloneId in class Landroid/content/Intent; (declaration of 'android.content.Intent' appears in /system/framework/framework.jar)
05-13 03:04:01.249  4072  4072 E Launcher: Error start clone app: java.lang.NoSuchFieldException: No field mCloneId in class Landroid/content/Intent; (declaration of 'android.content.Intent' appears in /system/framework/framework.jar)
05-13 03:04:01.249  4072  4072 E Launcher: Error start clone app: java.lang.NoSuchFieldException: No field mCloneId in class Landroid/content/Intent; (declaration of 'android.content.Intent' appears in /system/framework/framework.jar)
05-13 03:04:01.614  4072  4072 E Launcher: Error start clone app: java.lang.NoSuchFieldException: No field mCloneId in class Landroid/content/Intent; (declaration of 'android.content.Intent' appears in /system/framework/framework.jar)
05-13 03:04:01.614  4072  4072 E Launcher: Error start clone app: java.lang.NoSuchFieldException: No field mCloneId in class Landroid/content/Intent; (declaration of 'android.content.Intent' appears in /system/framework/framework.jar)
05-13 03:04:05.343  2518  2858 E flymed_connector: Communications error: java.io.IOException: No such file or directory
05-13 03:04:05.344  2518  2858 E flymed_connector: Error in NativeDaemonConnector: java.io.IOException: No such file or directory
05-13 03:04:08.156  4072  4072 E Launcher: Error start clone app: java.lang.NoSuchFieldException: No field mCloneId in class Landroid/content/Intent; (declaration of 'android.content.Intent' appears in /system/framework/framework.jar)
05-13 03:04:08.156  4072  4072 E Launcher: Error start clone app: java.lang.NoSuchFieldException: No field mCloneId in class Landroid/content/Intent; (declaration of 'android.content.Intent' appears in /system/framework/framework.jar)
05-13 03:04:10.336  4072  4072 E Launcher: Error start clone app: java.lang.NoSuchFieldException: No field mCloneId in class Landroid/content/Intent; (declaration of 'android.content.Intent' appears in /system/framework/framework.jar)
05-13 03:04:10.337  4072  4072 E Launcher: Error start clone app: java.lang.NoSuchFieldException: No field mCloneId in class Landroid/content/Intent; (declaration of 'android.content.Intent' appears in /system/framework/framework.jar)
05-13 03:04:10.345  2518  2858 E flymed_connector: Communications error: java.io.IOException: No such file or directory
05-13 03:04:10.346  2518  2858 E flymed_connector: Error in NativeDaemonConnector: java.io.IOException: No such file or directory
05-13 03:04:11.941  4072  4072 E Launcher: Error start clone app: java.lang.NoSuchFieldException: No field mCloneId in class Landroid/content/Intent; (declaration of 'android.content.Intent' appears in /system/framework/framework.jar)
05-13 03:04:11.941  4072  4072 E Launcher: Error start clone app: java.lang.NoSuchFieldException: No field mCloneId in class Landroid/content/Intent; (declaration of 'android.content.Intent' appears in /system/framework/framework.jar)
05-13 03:04:12.411  4072  4072 E Launcher: Error start clone app: java.lang.NoSuchFieldException: No field mCloneId in class Landroid/content/Intent; (declaration of 'android.content.Intent' appears in /system/framework/framework.jar)
05-13 03:04:12.411  4072  4072 E Launcher: Error start clone app: java.lang.NoSuchFieldException: No field mCloneId in class Landroid/content/Intent; (declaration of 'android.content.Intent' appears in /system/framework/framework.jar)
05-13 03:04:15.347  2518  2858 E flymed_connector: Communications error: java.io.IOException: No such file or directory
05-13 03:04:15.348  2518  2858 E flymed_connector: Error in NativeDaemonConnector: java.io.IOException: No such file or directory
05-13 03:04:18.524  4072  4072 E Launcher: Error start clone app: java.lang.NoSuchFieldException: No field mCloneId in class Landroid/content/Intent; (declaration of 'android.content.Intent' appears in /system/framework/framework.jar)
05-13 03:04:18.524  4072  4072 E Launcher: Error start clone app: java.lang.NoSuchFieldException: No field mCloneId in class Landroid/content/Intent; (declaration of 'android.content.Intent' appears in /system/framework/framework.jar)
05-13 03:04:19.566  4072  4072 E Launcher: Error start clone app: java.lang.NoSuchFieldException: No field mCloneId in class Landroid/content/Intent; (declaration of 'android.content.Intent' appears in /system/framework/framework.jar)
05-13 03:04:19.566  4072  4072 E Launcher: Error start clone app: java.lang.NoSuchFieldException: No field mCloneId in class Landroid/content/Intent; (declaration of 'android.content.Intent' appears in /system/framework/framework.jar)
05-13 03:04:20.350  2518  2858 E flymed_connector: Communications error: java.io.IOException: No such file or directory
05-13 03:04:20.351  2518  2858 E flymed_connector: Error in NativeDaemonConnector: java.io.IOException: No such file or directory
05-13 03:04:23.872  2518  2518 E NotificationService: Not posting notification without small icon: Notification(pri=-2 contentView=com.android.browser/0x109008b vibrate=null sound=null defaults=0x0 flags=0x10000062 color=0xff607d8b vis=PRIVATE)
05-13 03:04:23.872  2518  2518 E NotificationService: WARNING: In a future release this will crash the app: com.android.browser
05-13 03:04:23.890  2518  2518 E NotificationService: Not posting notification without small icon: Notification(pri=-2 contentView=com.android.browser/0x109008b vibrate=null sound=null defaults=0x0 flags=0x10000062 color=0xff607d8b vis=PRIVATE)
05-13 03:04:23.890  2518  2518 E NotificationService: WARNING: In a future release this will crash the app: com.android.browser
05-13 03:04:24.049 11241 11347 E ActivityThread: Failed to find provider info for com.google.settings
05-13 03:04:24.053 11241 11347 E ActivityThread: Failed to find provider info for com.google.settings
05-13 03:04:24.055 11241 11347 E ActivityThread: Failed to find provider info for com.google.settings
05-13 03:04:24.056 11241 11347 E ActivityThread: Failed to find provider info for com.google.settings
05-13 03:04:24.561 11241 11241 E Exception: Exception: java.net.MalformedURLException: no protocol: drawable/mz_content_bg_default_pic_light
05-13 03:04:24.629  4072  4072 E Launcher: Error start clone app: java.lang.NoSuchFieldException: No field mCloneId in class Landroid/content/Intent; (declaration of 'android.content.Intent' appears in /system/framework/framework.jar)
05-13 03:04:24.630  4072  4072 E Launcher: Error start clone app: java.lang.NoSuchFieldException: No field mCloneId in class Landroid/content/Intent; (declaration of 'android.content.Intent' appears in /system/framework/framework.jar)
05-13 03:04:24.949 11241 11393 E LibSbe-DbFileInfo: Failed to read file info
05-13 03:04:24.949 11241 11393 E LibSbe-DbFileInfo: java.io.FileNotFoundException: /storage/emulated/0/Android/data/com.android.browser/cache/safebrowsing/db/info (No such file or directory)
05-13 03:04:24.949 11241 11393 E LibSbe-DbFileInfo: 	at java.io.FileInputStream.open(Native Method)
05-13 03:04:24.949 11241 11393 E LibSbe-DbFileInfo: 	at java.io.FileInputStream.<init>(FileInputStream.java:146)
05-13 03:04:24.949 11241 11393 E LibSbe-DbFileInfo: 	at com.meizu.libsbe.service.a.a(SourceFile:41)
05-13 03:04:24.949 11241 11393 E LibSbe-DbFileInfo: 	at com.meizu.libsbe.service.b.a(SourceFile:422)
05-13 03:04:24.949 11241 11393 E LibSbe-DbFileInfo: 	at com.meizu.libsbe.service.b.a(SourceFile:43)
05-13 03:04:24.949 11241 11393 E LibSbe-DbFileInfo: 	at com.meizu.libsbe.service.b$a.handleMessage(SourceFile:335)
05-13 03:04:24.949 11241 11393 E LibSbe-DbFileInfo: 	at android.os.Handler.dispatchMessage(Handler.java:102)
05-13 03:04:24.949 11241 11393 E LibSbe-DbFileInfo: 	at android.os.Looper.loop(Looper.java:154)
05-13 03:04:24.949 11241 11393 E LibSbe-DbFileInfo: 	at android.os.HandlerThread.run(HandlerThread.java:61)
05-13 03:04:24.949 11241 11393 E LibSbe-SBE-LookupService: Failed to load data
05-13 03:04:24.949 11241 11393 E LibSbe-SBE-LookupService: java.lang.Exception: Failed to load info file
05-13 03:04:24.949 11241 11393 E LibSbe-SBE-LookupService: 	at com.meizu.libsbe.service.b.a(SourceFile:425)
05-13 03:04:24.949 11241 11393 E LibSbe-SBE-LookupService: 	at com.meizu.libsbe.service.b.a(SourceFile:43)
05-13 03:04:24.949 11241 11393 E LibSbe-SBE-LookupService: 	at com.meizu.libsbe.service.b$a.handleMessage(SourceFile:335)
05-13 03:04:24.949 11241 11393 E LibSbe-SBE-LookupService: 	at android.os.Handler.dispatchMessage(Handler.java:102)
05-13 03:04:24.949 11241 11393 E LibSbe-SBE-LookupService: 	at android.os.Looper.loop(Looper.java:154)
05-13 03:04:24.949 11241 11393 E LibSbe-SBE-LookupService: 	at android.os.HandlerThread.run(HandlerThread.java:61)
05-13 03:04:25.007  4072  4072 E Launcher: Error start clone app: java.lang.NoSuchFieldException: No field mCloneId in class Landroid/content/Intent; (declaration of 'android.content.Intent' appears in /system/framework/framework.jar)
05-13 03:04:25.007  4072  4072 E Launcher: Error start clone app: java.lang.NoSuchFieldException: No field mCloneId in class Landroid/content/Intent; (declaration of 'android.content.Intent' appears in /system/framework/framework.jar)
05-13 03:04:25.352  2518  2858 E flymed_connector: Communications error: java.io.IOException: No such file or directory
05-13 03:04:25.353  2518  2858 E flymed_connector: Error in NativeDaemonConnector: java.io.IOException: No such file or directory
05-13 03:04:26.467 11438 11438 E cutils-trace: Error opening trace file: No such file or directory (2)
05-13 03:04:26.614 11443 11443 E cutils-trace: Error opening trace file: No such file or directory (2)
05-13 03:04:26.995 11448 11468 E ActivityThread: Failed to find provider info for com.qti.smq.qualcommFeedback.provider
05-13 03:04:29.986 11496 11496 E cutils-trace: Error opening trace file: No such file or directory (2)
05-13 03:04:30.354  2518  2858 E flymed_connector: Communications error: java.io.IOException: No such file or directory
05-13 03:04:30.354  2518  2858 E flymed_connector: Error in NativeDaemonConnector: java.io.IOException: No such file or directory
05-13 03:04:31.267 11448 11468 E ActivityThread: Failed to find provider info for com.qti.smq.qualcommFeedback.provider
05-13 03:04:34.151 11448 11473 E ActivityThread: Failed to find provider info for com.qti.smq.qualcommFeedback.provider
05-13 03:04:35.355  2518  2858 E flymed_connector: Communications error: java.io.IOException: No such file or directory
05-13 03:04:35.356  2518  2858 E flymed_connector: Error in NativeDaemonConnector: java.io.IOException: No such file or directory
05-13 03:04:36.012 11555 11572 E SQLiteLog: (5) statement aborts at 2: [PRAGMA journal_mode=PERSIST] 
05-13 03:04:36.258 11555 11582 E System  :  ********** PLEASE READ ************ 
05-13 03:04:36.258 11555 11582 E System  :  * 
05-13 03:04:36.258 11555 11582 E System  :  * New versions of the Android SDK no longer support the Crypto provider.
05-13 03:04:36.258 11555 11582 E System  :  * If your app was relying on setSeed() to derive keys from strings, you
05-13 03:04:36.258 11555 11582 E System  :  * should switch to using SecretKeySpec to load raw key bytes directly OR
05-13 03:04:36.258 11555 11582 E System  :  * use a real key derivation function (KDF). See advice here : 
05-13 03:04:36.258 11555 11582 E System  :  * http://android-developers.blogspot.com/2016/06/security-crypto-provider-deprecated-in.html 
05-13 03:04:36.258 11555 11582 E System  :  *********************************** 
05-13 03:04:36.258 11555 11582 E System  :  Returning an instance of SecureRandom from the Crypto provider
05-13 03:04:36.258 11555 11582 E System  :  as a temporary measure so that the apps targeting earlier SDKs
05-13 03:04:36.258 11555 11582 E System  :  keep working. Please do not rely on the presence of the Crypto
05-13 03:04:36.258 11555 11582 E System  :  provider in the codebase, as our plan is to delete it
05-13 03:04:36.258 11555 11582 E System  :  completely in the future.
05-13 03:04:36.260 11555 11582 E System  :  ********** PLEASE READ ************ 
05-13 03:04:36.260 11555 11582 E System  :  * 
05-13 03:04:36.260 11555 11582 E System  :  * New versions of the Android SDK no longer support the Crypto provider.
05-13 03:04:36.260 11555 11582 E System  :  * If your app was relying on setSeed() to derive keys from strings, you
05-13 03:04:36.260 11555 11582 E System  :  * should switch to using SecretKeySpec to load raw key bytes directly OR
05-13 03:04:36.260 11555 11582 E System  :  * use a real key derivation function (KDF). See advice here : 
05-13 03:04:36.260 11555 11582 E System  :  * http://android-developers.blogspot.com/2016/06/security-crypto-provider-deprecated-in.html 
05-13 03:04:36.260 11555 11582 E System  :  *********************************** 
05-13 03:04:36.260 11555 11582 E System  :  Returning an instance of SecureRandom from the Crypto provider
05-13 03:04:36.260 11555 11582 E System  :  as a temporary measure so that the apps targeting earlier SDKs
05-13 03:04:36.260 11555 11582 E System  :  keep working. Please do not rely on the presence of the Crypto
05-13 03:04:36.260 11555 11582 E System  :  provider in the codebase, as our plan is to delete it
05-13 03:04:36.260 11555 11582 E System  :  completely in the future.
05-13 03:04:36.339 11555 11582 E SQLiteLog: (1) no such table: shelfitem
05-13 03:04:36.339 11555 11582 E SQLiteLog: (1) no such table: shelfitem
05-13 03:04:40.358  2518  2858 E flymed_connector: Communications error: java.io.IOException: No such file or directory
05-13 03:04:40.358  2518  2858 E flymed_connector: Error in NativeDaemonConnector: java.io.IOException: No such file or directory
05-13 03:04:43.402  4072  4072 E Launcher: Error start clone app: java.lang.NoSuchFieldException: No field mCloneId in class Landroid/content/Intent; (declaration of 'android.content.Intent' appears in /system/framework/framework.jar)
05-13 03:04:43.970  4072  4072 E Launcher: Error start clone app: java.lang.NoSuchFieldException: No field mCloneId in class Landroid/content/Intent; (declaration of 'android.content.Intent' appears in /system/framework/framework.jar)
05-13 03:04:45.360  2518  2858 E flymed_connector: Communications error: java.io.IOException: No such file or directory
05-13 03:04:45.361  2518  2858 E flymed_connector: Error in NativeDaemonConnector: java.io.IOException: No such file or directory
05-13 03:04:46.742  4072  4072 E Launcher: Error start clone app: java.lang.NoSuchFieldException: No field mCloneId in class Landroid/content/Intent; (declaration of 'android.content.Intent' appears in /system/framework/framework.jar)
05-13 03:04:46.742  4072  4072 E Launcher: Error start clone app: java.lang.NoSuchFieldException: No field mCloneId in class Landroid/content/Intent; (declaration of 'android.content.Intent' appears in /system/framework/framework.jar)
05-13 03:04:48.949  2518  2868 E ConnectivityService: RemoteException caught trying to send a callback msg for NetworkRequest [ LISTEN id=7, [ Capabilities: INTERNET&NOT_RESTRICTED&TRUSTED&NOT_VPN] ]
05-13 03:04:49.647  5194  5484 E ActivityThread: Failed to find provider info for com.android.contacts
05-13 03:04:49.648  5194  5484 E ActivityThread: Failed to find provider info for com.android.contacts
05-13 03:04:49.648  5194  5355 E ActivityThread: Failed to find provider info for com.android.contacts
05-13 03:04:50.165  5194  5241 E ActivityThread: Failed to find provider info for call_log
05-13 03:04:50.182  2518 11756 E ActivityThread: Failed to find provider info for call_log
05-13 03:04:50.363  2518  2858 E flymed_connector: Communications error: java.io.IOException: No such file or directory
05-13 03:04:50.365  2518  2858 E flymed_connector: Error in NativeDaemonConnector: java.io.IOException: No such file or directory
05-13 03:04:52.269  5194  5241 E ActivityThread: Failed to find provider info for call_log
05-13 03:04:52.272  5194  5241 E ActivityThread: Failed to find provider info for call_log
05-13 03:04:52.277  2518 11780 E ActivityThread: Failed to find provider info for call_log
05-13 03:04:52.292  3953  4150 E AlphaMe : Can't find getWorkingAppList(void param0) from pid 3017
05-13 03:04:52.388  5194  5355 E ActivityThread: Failed to find provider info for com.android.contacts
05-13 03:04:52.395  5194  5484 E ActivityThread: Failed to find provider info for com.android.contacts
05-13 03:04:52.397  5194  5484 E ActivityThread: Failed to find provider info for com.android.contacts
05-13 03:04:52.788  4072  4072 E Launcher: Error start clone app: java.lang.NoSuchFieldException: No field mCloneId in class Landroid/content/Intent; (declaration of 'android.content.Intent' appears in /system/framework/framework.jar)
05-13 03:04:52.788  4072  4072 E Launcher: Error start clone app: java.lang.NoSuchFieldException: No field mCloneId in class Landroid/content/Intent; (declaration of 'android.content.Intent' appears in /system/framework/framework.jar)
05-13 03:04:52.899  5194  5241 E ActivityThread: Failed to find provider info for call_log
05-13 03:04:52.902  2518 11807 E ActivityThread: Failed to find provider info for call_log
05-13 03:04:53.670  3017  3017 E recents.Proxy: WhiteList writeLock unlock after data init
05-13 03:04:53.682  5194  5241 E ActivityThread: Failed to find provider info for call_log
05-13 03:04:53.683  5194  5241 E ActivityThread: Failed to find provider info for call_log
05-13 03:04:53.686  2518 11756 E ActivityThread: Failed to find provider info for call_log
05-13 03:04:53.920  3017 11830 E recents.Proxy: forceStopPackage release mem :com.android.dialer:0 79
05-13 03:04:53.921  3017 11830 E recents.Proxy: forceStopPackage release mem :com.meizu.netcontactservice:0 36
05-13 03:04:53.921  3017 11830 E recents.Proxy: forceStopPackage release mem :android.ext.services:0 4
05-13 03:04:53.921  3017 11830 E recents.Proxy: forceStopPackage release mem :com.meizu.net.pedometer:0 6
05-13 03:04:53.921  3017 11830 E recents.Proxy: forceStopPackage release mem :com.meizu.flyme.input:0 46
05-13 03:04:53.921  3017 11830 E recents.Proxy: forceStopPackage release mem :com.android.calendar:0 17
05-13 03:04:55.368  2518  2858 E flymed_connector: Communications error: java.io.IOException: No such file or directory
05-13 03:04:55.369  2518  2858 E flymed_connector: Error in NativeDaemonConnector: java.io.IOException: No such file or directory
05-13 03:04:55.993  3953  3980 E AlphaMe : Can't find getWorkingAppList(void param0) from pid 3017
05-13 03:04:56.075  4072  4072 E Launcher: Error start clone app: java.lang.NoSuchFieldException: No field mCloneId in class Landroid/content/Intent; (declaration of 'android.content.Intent' appears in /system/framework/framework.jar)
05-13 03:04:56.076  4072  4072 E Launcher: Error start clone app: java.lang.NoSuchFieldException: No field mCloneId in class Landroid/content/Intent; (declaration of 'android.content.Intent' appears in /system/framework/framework.jar)
05-13 03:05:00.371  2518  2858 E flymed_connector: Communications error: java.io.IOException: No such file or directory
05-13 03:05:00.375  2518  2858 E flymed_connector: Error in NativeDaemonConnector: java.io.IOException: No such file or directory
05-13 03:05:05.379  2518  2858 E flymed_connector: Communications error: java.io.IOException: No such file or directory
05-13 03:05:05.380  2518  2858 E flymed_connector: Error in NativeDaemonConnector: java.io.IOException: No such file or directory
05-13 03:05:10.382  2518  2858 E flymed_connector: Communications error: java.io.IOException: No such file or directory
05-13 03:05:10.385  2518  2858 E flymed_connector: Error in NativeDaemonConnector: java.io.IOException: No such file or directory
05-13 03:05:15.389  2518  2858 E flymed_connector: Communications error: java.io.IOException: No such file or directory
05-13 03:05:15.391  2518  2858 E flymed_connector: Error in NativeDaemonConnector: java.io.IOException: No such file or directory
05-13 03:05:20.394  2518  2858 E flymed_connector: Communications error: java.io.IOException: No such file or directory
05-13 03:05:20.397  2518  2858 E flymed_connector: Error in NativeDaemonConnector: java.io.IOException: No such file or directory
05-13 03:05:23.882 11917 11917 E cutils-trace: Error opening trace file: No such file or directory (2)
05-13 03:05:23.937 11898 11925 E HTTP    : execRequestByAndroidHttpClient exception: java.net.UnknownHostException: Unable to resolve host "common.meizu.com": No address associated with hostname
05-13 03:05:23.939 11898 11925 E HTTP    : execRequestByAndroidHttpClient exception: java.net.UnknownHostException: Unable to resolve host "common.meizu.com": No address associated with hostname
05-13 03:05:25.401  2518  2858 E flymed_connector: Communications error: java.io.IOException: No such file or directory
05-13 03:05:25.403  2518  2858 E flymed_connector: Error in NativeDaemonConnector: java.io.IOException: No such file or directory
05-13 03:05:26.330  3945  4280 E NxpTml  : _i2c_write() errno : 5
05-13 03:05:26.330  3945  4280 E NxpTml  : PN54X - Error in I2C Write.....
05-13 03:05:26.331  3945  4282 E NxpHal  : write error status = 0x1ff
05-13 03:05:26.331  3945  4219 E NxpHal  : write_unlocked failed - PN54X Maybe in Standby Mode - Retry
05-13 03:05:26.385  4294  4585 E NetworkManagementMz: TrafficStatistic: policy is not null
05-13 03:05:30.407  2518  2858 E flymed_connector: Communications error: java.io.IOException: No such file or directory
05-13 03:05:30.411  2518  2858 E flymed_connector: Error in NativeDaemonConnector: java.io.IOException: No such file or directory
05-13 03:05:35.414  2518  2858 E flymed_connector: Communications error: java.io.IOException: No such file or directory
05-13 03:05:35.416  2518  2858 E flymed_connector: Error in NativeDaemonConnector: java.io.IOException: No such file or directory
05-13 03:05:37.100  4011  4064 E WifiManagerFlyme: disableScanInterface exception: java.lang.NoSuchMethodException
05-13 03:05:37.173  3945  4280 E NxpTml  : _i2c_write() errno : 5
05-13 03:05:37.173  3945  4280 E NxpTml  : PN54X - Error in I2C Write.....
05-13 03:05:37.173  3945  4282 E NxpHal  : write error status = 0x1ff
05-13 03:05:37.173  3945  4219 E NxpHal  : write_unlocked failed - PN54X Maybe in Standby Mode - Retry
05-13 03:05:39.151  2518  3450 E ActivityManager: Sending non-protected broadcast flyme.action.read_filter_notification_all from system 2912:com.android.systemui/u0a33 pkg com.android.systemui
05-13 03:05:39.151  2518  3450 E ActivityManager: java.lang.Throwable
05-13 03:05:39.151  2518  3450 E ActivityManager: 	at com.android.server.am.ActivityManagerService.checkBroadcastFromSystem(ActivityManagerService.java:18114)
05-13 03:05:39.151  2518  3450 E ActivityManager: 	at com.android.server.am.ActivityManagerService.broadcastIntentLocked(ActivityManagerService.java:18703)
05-13 03:05:39.151  2518  3450 E ActivityManager: 	at com.android.server.am.ActivityManagerService.broadcastIntent(ActivityManagerService.java:18794)
05-13 03:05:39.151  2518  3450 E ActivityManager: 	at android.app.ActivityManagerNative.onTransact(ActivityManagerNative.java:499)
05-13 03:05:39.151  2518  3450 E ActivityManager: 	at com.android.server.am.ActivityManagerService.onTransact(ActivityManagerService.java:2974)
05-13 03:05:39.151  2518  3450 E ActivityManager: 	at com.android.server.am.FlymeExtActivityManagerService.onTransact(FlymeExtActivityManagerService.java:72)
05-13 03:05:39.151  2518  3450 E ActivityManager: 	at android.os.Binder.execTransact(Binder.java:565)
05-13 03:05:39.222  4072  4072 E Launcher: Error start clone app: java.lang.NoSuchFieldException: No field mCloneId in class Landroid/content/Intent; (declaration of 'android.content.Intent' appears in /system/framework/framework.jar)
05-13 03:05:39.222  4072  4072 E Launcher: Error start clone app: java.lang.NoSuchFieldException: No field mCloneId in class Landroid/content/Intent; (declaration of 'android.content.Intent' appears in /system/framework/framework.jar)
05-13 03:05:39.241  2518  4249 E ActivityManager: Sending non-protected broadcast flyme.action.read_filter_notification_all from system 2912:com.android.systemui/u0a33 pkg com.android.systemui
05-13 03:05:39.241  2518  4249 E ActivityManager: java.lang.Throwable
05-13 03:05:39.241  2518  4249 E ActivityManager: 	at com.android.server.am.ActivityManagerService.checkBroadcastFromSystem(ActivityManagerService.java:18114)
